Archive member included because of file (symbol)

i:/altera/nios2eds/bin/gnu/h-i686-mingw32/bin/../lib/gcc/nios2-elf/4.1.2\libgcc.a(lib2-divmod.o)
                              obj/main.o (__modsi3)
i:/altera/nios2eds/bin/gnu/h-i686-mingw32/bin/../lib/gcc/nios2-elf/4.1.2/../../../../nios2-elf/lib\libc.a(lib_a-printf.o)
                              obj/main.o (printf)
i:/altera/nios2eds/bin/gnu/h-i686-mingw32/bin/../lib/gcc/nios2-elf/4.1.2/../../../../nios2-elf/lib\libc.a(lib_a-putchar.o)
                              obj/main.o (putchar)
i:/altera/nios2eds/bin/gnu/h-i686-mingw32/bin/../lib/gcc/nios2-elf/4.1.2/../../../../nios2-elf/lib\libc.a(lib_a-puts.o)
                              obj/main.o (puts)
i:/altera/nios2eds/bin/gnu/h-i686-mingw32/bin/../lib/gcc/nios2-elf/4.1.2/../../../../nios2-elf/lib\libc.a(lib_a-rand.o)
                              obj/main.o (srand)
i:/altera/nios2eds/bin/gnu/h-i686-mingw32/bin/../lib/gcc/nios2-elf/4.1.2/../../../../nios2-elf/lib\libc.a(lib_a-strlen.o)
                              i:/altera/nios2eds/bin/gnu/h-i686-mingw32/bin/../lib/gcc/nios2-elf/4.1.2/../../../../nios2-elf/lib\libc.a(lib_a-puts.o) (strlen)
i:/altera/nios2eds/bin/gnu/h-i686-mingw32/bin/../lib/gcc/nios2-elf/4.1.2/../../../../nios2-elf/lib\libc.a(lib_a-time.o)
                              obj/main.o (time)
i:/altera/nios2eds/bin/gnu/h-i686-mingw32/bin/../lib/gcc/nios2-elf/4.1.2/../../../../nios2-elf/lib\libc.a(lib_a-vfprintf.o)
                              i:/altera/nios2eds/bin/gnu/h-i686-mingw32/bin/../lib/gcc/nios2-elf/4.1.2/../../../../nios2-elf/lib\libc.a(lib_a-printf.o) (___vfprintf_internal_r)
i:/altera/nios2eds/bin/gnu/h-i686-mingw32/bin/../lib/gcc/nios2-elf/4.1.2/../../../../nios2-elf/lib\libc.a(lib_a-wsetup.o)
                              i:/altera/nios2eds/bin/gnu/h-i686-mingw32/bin/../lib/gcc/nios2-elf/4.1.2/../../../../nios2-elf/lib\libc.a(lib_a-vfprintf.o) (__swsetup_r)
i:/altera/nios2eds/bin/gnu/h-i686-mingw32/bin/../lib/gcc/nios2-elf/4.1.2/../../../../nios2-elf/lib\libc.a(lib_a-dtoa.o)
                              i:/altera/nios2eds/bin/gnu/h-i686-mingw32/bin/../lib/gcc/nios2-elf/4.1.2/../../../../nios2-elf/lib\libc.a(lib_a-vfprintf.o) (_dtoa_r)
i:/altera/nios2eds/bin/gnu/h-i686-mingw32/bin/../lib/gcc/nios2-elf/4.1.2/../../../../nios2-elf/lib\libc.a(lib_a-fflush.o)
                              i:/altera/nios2eds/bin/gnu/h-i686-mingw32/bin/../lib/gcc/nios2-elf/4.1.2/../../../../nios2-elf/lib\libc.a(lib_a-vfprintf.o) (_fflush_r)
i:/altera/nios2eds/bin/gnu/h-i686-mingw32/bin/../lib/gcc/nios2-elf/4.1.2/../../../../nios2-elf/lib\libc.a(lib_a-findfp.o)
                              i:/altera/nios2eds/bin/gnu/h-i686-mingw32/bin/../lib/gcc/nios2-elf/4.1.2/../../../../nios2-elf/lib\libc.a(lib_a-vfprintf.o) (__sinit)
i:/altera/nios2eds/bin/gnu/h-i686-mingw32/bin/../lib/gcc/nios2-elf/4.1.2/../../../../nios2-elf/lib\libc.a(lib_a-freer.o)
                              i:/altera/nios2eds/bin/gnu/h-i686-mingw32/bin/../lib/gcc/nios2-elf/4.1.2/../../../../nios2-elf/lib\libc.a(lib_a-wsetup.o) (_free_r)
i:/altera/nios2eds/bin/gnu/h-i686-mingw32/bin/../lib/gcc/nios2-elf/4.1.2/../../../../nios2-elf/lib\libc.a(lib_a-fvwrite.o)
                              i:/altera/nios2eds/bin/gnu/h-i686-mingw32/bin/../lib/gcc/nios2-elf/4.1.2/../../../../nios2-elf/lib\libc.a(lib_a-puts.o) (__sfvwrite_r)
i:/altera/nios2eds/bin/gnu/h-i686-mingw32/bin/../lib/gcc/nios2-elf/4.1.2/../../../../nios2-elf/lib\libc.a(lib_a-fwalk.o)
                              i:/altera/nios2eds/bin/gnu/h-i686-mingw32/bin/../lib/gcc/nios2-elf/4.1.2/../../../../nios2-elf/lib\libc.a(lib_a-fflush.o) (_fwalk_reent)
i:/altera/nios2eds/bin/gnu/h-i686-mingw32/bin/../lib/gcc/nios2-elf/4.1.2/../../../../nios2-elf/lib\libc.a(lib_a-gettimeofdayr.o)
                              i:/altera/nios2eds/bin/gnu/h-i686-mingw32/bin/../lib/gcc/nios2-elf/4.1.2/../../../../nios2-elf/lib\libc.a(lib_a-time.o) (_gettimeofday_r)
i:/altera/nios2eds/bin/gnu/h-i686-mingw32/bin/../lib/gcc/nios2-elf/4.1.2/../../../../nios2-elf/lib\libc.a(lib_a-impure.o)
                              i:/altera/nios2eds/bin/gnu/h-i686-mingw32/bin/../lib/gcc/nios2-elf/4.1.2/../../../../nios2-elf/lib\libc.a(lib_a-printf.o) (_impure_ptr)
i:/altera/nios2eds/bin/gnu/h-i686-mingw32/bin/../lib/gcc/nios2-elf/4.1.2/../../../../nios2-elf/lib\libc.a(lib_a-int_errno.o)
                              i:/altera/nios2eds/bin/gnu/h-i686-mingw32/bin/../lib/gcc/nios2-elf/4.1.2/../../../../nios2-elf/lib\libc.a(lib_a-gettimeofdayr.o) (errno)
i:/altera/nios2eds/bin/gnu/h-i686-mingw32/bin/../lib/gcc/nios2-elf/4.1.2/../../../../nios2-elf/lib\libc.a(lib_a-locale.o)
                              i:/altera/nios2eds/bin/gnu/h-i686-mingw32/bin/../lib/gcc/nios2-elf/4.1.2/../../../../nios2-elf/lib\libc.a(lib_a-vfprintf.o) (_localeconv_r)
i:/altera/nios2eds/bin/gnu/h-i686-mingw32/bin/../lib/gcc/nios2-elf/4.1.2/../../../../nios2-elf/lib\libc.a(lib_a-makebuf.o)
[...]
Memory Configuration

Name             Origin             Length             Attributes
sdram_BEFORE_EXCEPTION 0x00800000         0x00000020
sdram            0x00800020         0x007fffe0
reset            0x01400000         0x00000020
cfi_flash        0x01400020         0x003fffe0
onchip_memory    0x01800000         0x00002000
*default*        0x00000000         0xffffffff

Linker script and memory map

LOAD ../finalProject_bsp/obj/HAL/src/crt0.o
LOAD obj/main.o
LOAD i:/altera/nios2eds/bin/gnu/h-i686-mingw32/bin/../lib/gcc/nios2-elf/4.1.2/../../../../nios2-elf/lib\libstdc++.a
LOAD i:/altera/nios2eds/bin/gnu/h-i686-mingw32/bin/../lib/gcc/nios2-elf/4.1.2/../../../../nios2-elf/lib\libm.a
LOAD i:/altera/nios2eds/bin/gnu/h-i686-mingw32/bin/../lib/gcc/nios2-elf/4.1.2\libgcc.a
START GROUP
LOAD i:/altera/nios2eds/bin/gnu/h-i686-mingw32/bin/../lib/gcc/nios2-elf/4.1.2/../../../../nios2-elf/lib\libc.a
LOAD i:/altera/nios2eds/bin/gnu/h-i686-mingw32/bin/../lib/gcc/nios2-elf/4.1.2\libgcc.a
LOAD ../finalProject_bsp\libhal_bsp.a
END GROUP
LOAD i:/altera/nios2eds/bin/gnu/h-i686-mingw32/bin/../lib/gcc/nios2-elf/4.1.2\libgcc.a
                0x00800000                __alt_mem_sdram = 0x800000
                0x01400000                __alt_mem_cfi_flash = 0x1400000
                0x01800000                __alt_mem_onchip_memory = 0x1800000

.entry          0x01400000        0x0
 *(.entry)
 .entry         0x01400000        0x0 ../finalProject_bsp/obj/HAL/src/crt0.o
                0x01400000                __reset

.exceptions     0x00800020      0x198
                0x00800020                PROVIDE (__ram_exceptions_start, ABSOLUTE (.))
                0x00800020                . = ALIGN (0x20)
 *(.irq)
 *(.exceptions.entry.label)
 .exceptions.entry.label
                0x00800020        0x0 ../finalProject_bsp\libhal_bsp.a(alt_irq_entry.o)
                0x00800020                alt_irq_entry
 .exceptions.entry.label
                0x00800020        0x0 ../finalProject_bsp\libhal_bsp.a(alt_exception_entry.o)
                0x00800020                alt_exception
 *(.exceptions.entry.user)
 *(.exceptions.entry)
 .exceptions.entry
                0x00800020       0x54 ../finalProject_bsp\libhal_bsp.a(alt_exception_entry.o)
 *(.exceptions.irqtest.user)
 *(.exceptions.irqtest)
 .exceptions.irqtest
                0x00800074       0x10 ../finalProject_bsp\libhal_bsp.a(alt_irq_entry.o)
 *(.exceptions.irqhandler.user)
 *(.exceptions.irqhandler)
 .exceptions.irqhandler
                0x00800084        0x4 ../finalProject_bsp\libhal_bsp.a(alt_irq_entry.o)
 *(.exceptions.irqreturn.user)
 *(.exceptions.irqreturn)
 .exceptions.irqreturn
                0x00800088        0x4 ../finalProject_bsp\libhal_bsp.a(alt_irq_entry.o)
 *(.exceptions.notirq.label)
 .exceptions.notirq.label
                0x0080008c        0x0 ../finalProject_bsp\libhal_bsp.a(alt_irq_entry.o)
 *(.exceptions.notirq.user)
 *(.exceptions.notirq)
 .exceptions.notirq
                0x0080008c        0x8 ../finalProject_bsp\libhal_bsp.a(alt_exception_entry.o)
 *(.exceptions.soft.user)
 *(.exceptions.soft)
 *(.exceptions.unknown.user)
 *(.exceptions.unknown)
 .exceptions.unknown
                0x00800094        0x4 ../finalProject_bsp\libhal_bsp.a(alt_exception_entry.o)
 *(.exceptions.exit.label)
 .exceptions.exit.label
                0x00800098        0x0 ../finalProject_bsp\libhal_bsp.a(alt_irq_entry.o)
 .exceptions.exit.label
                0x00800098        0x0 ../finalProject_bsp\libhal_bsp.a(alt_exception_entry.o)
 *(.exceptions.exit.user)
 *(.exceptions.exit)
 .exceptions.exit
                0x00800098       0x54 ../finalProject_bsp\libhal_bsp.a(alt_exception_entry.o)
 *(.exceptions)
 .exceptions    0x008000ec       0xcc ../finalProject_bsp\libhal_bsp.a(alt_irq_handler.o)
                0x008000ec                alt_irq_handler
                0x008001b8                PROVIDE (__ram_exceptions_end, ABSOLUTE (.))
                0x00800020                PROVIDE (__flash_exceptions_start, LOADADDR (.exceptions))

.text           0x008001b8    0x10608
                0x008001b8                PROVIDE (stext, ABSOLUTE (.))
 *(.interp)
 *(.hash)
 *(.dynsym)
 *(.dynstr)
 *(.gnu.version)
 *(.gnu.version_d)
 *(.gnu.version_r)
 *(.rel.init)
 *(.rela.init)
 *(.rel.text .rel.text.* .rel.gnu.linkonce.t.*)
 *(.rela.text .rela.text.* .rela.gnu.linkonce.t.*)
 *(.rel.fini)
 *(.rela.fini)
 *(.rel.rodata .rel.rodata.* .rel.gnu.linkonce.r.*)
 *(.rela.rodata .rela.rodata.* .rela.gnu.linkonce.r.*)
 *(.rel.data .rel.data.* .rel.gnu.linkonce.d.*)
 *(.rela.data .rela.data.* .rela.gnu.linkonce.d.*)
 *(.rel.tdata .rel.tdata.* .rel.gnu.linkonce.td.*)
 *(.rela.tdata .rela.tdata.* .rela.gnu.linkonce.td.*)
 *(.rel.tbss .rel.tbss.* .rel.gnu.linkonce.tb.*)
 *(.rela.tbss .rela.tbss.* .rela.gnu.linkonce.tb.*)
 *(.rel.ctors)
 *(.rela.ctors)
 *(.rel.dtors)
 *(.rela.dtors)
 *(.rel.got)
 *(.rela.got)
 *(.rel.sdata .rel.sdata.* .rel.gnu.linkonce.s.*)
 *(.rela.sdata .rela.sdata.* .rela.gnu.linkonce.s.*)
 *(.rel.sbss .rel.sbss.* .rel.gnu.linkonce.sb.*)
 *(.rela.sbss .rela.sbss.* .rela.gnu.linkonce.sb.*)
 *(.rel.sdata2 .rel.sdata2.* .rel.gnu.linkonce.s2.*)
 *(.rela.sdata2 .rela.sdata2.* .rela.gnu.linkonce.s2.*)
 *(.rel.sbss2 .rel.sbss2.* .rel.gnu.linkonce.sb2.*)
 *(.rela.sbss2 .rela.sbss2.* .rela.gnu.linkonce.sb2.*)
 *(.rel.bss .rel.bss.* .rel.gnu.linkonce.b.*)
 *(.rela.bss .rela.bss.* .rela.gnu.linkonce.b.*)
 *(.rel.plt)
 *(.rela.plt)
 *(.rel.dyn)
 *(.init)
 *(.plt)
 *(.text .stub .text.* .gnu.linkonce.t.*)
 .text          0x008001b8       0x48 ../finalProject_bsp/obj/HAL/src/crt0.o
                0x008001b8                _start
 .text          0x00800200      0xa38 obj/main.o
                0x00800200                startBoard
                0x0080028c                showBoard
                0x008003e0                startShips
                0x008005d0                giveShot
                0x008006d4                hitship
                0x00800778                changeBoard
                0x0080082c                pc
                0x00800910                main
                0x00800ac0                SW_get
                0x00800aec                Btn_get
                0x00800b14                SW_change
                0x00800c00                init
 .text          0x00800c38      0x14c i:/altera/nios2eds/bin/gnu/h-i686-mingw32/bin/../lib/gcc/nios2-elf/4.1.2\libgcc.a(lib2-divmod.o)
                0x00800cb4                __divsi3
                0x00800d14                __modsi3
                0x00800d74                __udivsi3
                0x00800d7c                __umodsi3
 .text          0x00800d84       0x78 i:/altera/nios2eds/bin/gnu/h-i686-mingw32/bin/../lib/gcc/nios2-elf/4.1.2/../../../../nios2-elf/lib\libc.a(lib_a-printf.o)
                0x00800d84                printf
                0x00800dc8                _printf_r
 .text          0x00800dfc       0x24 i:/altera/nios2eds/bin/gnu/h-i686-mingw32/bin/../lib/gcc/nios2-elf/4.1.2/../../../../nios2-elf/lib\libc.a(lib_a-putchar.o)
                0x00800dfc                putchar
                0x00800e18                _putchar_r
 .text          0x00800e20       0xb4 i:/altera/nios2eds/bin/gnu/h-i686-mingw32/bin/../lib/gcc/nios2-elf/4.1.2/../../../../nios2-elf/lib\libc.a(lib_a-puts.o)
                0x00800e20                _puts_r
                0x00800ec0                puts
 .text          0x00800ed4       0x94 i:/altera/nios2eds/bin/gnu/h-i686-mingw32/bin/../lib/gcc/nios2-elf/4.1.2/../../../../nios2-elf/lib\libc.a(lib_a-rand.o)
                0x00800ed4                srand
                0x00800ef0                rand
 .text          0x00800f68       0x74 i:/altera/nios2eds/bin/gnu/h-i686-mingw32/bin/../lib/gcc/nios2-elf/4.1.2/../../../../nios2-elf/lib\libc.a(lib_a-strlen.o)
                0x00800f68                strlen
 .text          0x00800fdc       0x5c i:/altera/nios2eds/bin/gnu/h-i686-mingw32/bin/../lib/gcc/nios2-elf/4.1.2/../../../../nios2-elf/lib\libc.a(lib_a-time.o)
                0x00800fdc                time
 .text          0x00801038     0x1f28 i:/altera/nios2eds/bin/gnu/h-i686-mingw32/bin/../lib/gcc/nios2-elf/4.1.2/../../../../nios2-elf/lib\libc.a(lib_a-vfprintf.o)
                0x00801090                ___vfprintf_internal_r
                0x00802f3c                __vfprintf_internal
 .text          0x00802f60      0x13c i:/altera/nios2eds/bin/gnu/h-i686-mingw32/bin/../lib/gcc/nios2-elf/4.1.2/../../../../nios2-elf/lib\libc.a(lib_a-wsetup.o)
                0x00802f60                __swsetup_r
 .text          0x0080309c     0x17cc i:/altera/nios2eds/bin/gnu/h-i686-mingw32/bin/../lib/gcc/nios2-elf/4.1.2/../../../../nios2-elf/lib\libc.a(lib_a-dtoa.o)
                0x008032b4                _dtoa_r
 .text          0x00804868      0x230 i:/altera/nios2eds/bin/gnu/h-i686-mingw32/bin/../lib/gcc/nios2-elf/4.1.2/../../../../nios2-elf/lib\libc.a(lib_a-fflush.o)
                0x00804868                _fflush_r
                0x00804a64                fflush
 .text          0x00804a98      0x2c0 i:/altera/nios2eds/bin/gnu/h-i686-mingw32/bin/../lib/gcc/nios2-elf/4.1.2/../../../../nios2-elf/lib\libc.a(lib_a-findfp.o)
                0x00804af0                __sfp_lock_acquire
                0x00804af4                __sfp_lock_release
                0x00804af8                __sinit_lock_acquire
                0x00804afc                __sinit_lock_release
                0x00804b00                __sinit
                0x00804bb4                __fp_unlock_all
                0x00804bcc                __fp_lock_all
                0x00804be4                _cleanup_r
                0x00804bf0                _cleanup
                0x00804c00                __sfmoreglue
                0x00804c68                __sfp
 .text          0x00804d58      0x440 i:/altera/nios2eds/bin/gnu/h-i686-mingw32/bin/../lib/gcc/nios2-elf/4.1.2/../../../../nios2-elf/lib\libc.a(lib_a-freer.o)
                0x00804d58                _malloc_trim_r
                0x00804e84                _free_r
 .text          0x00805198      0x49c i:/altera/nios2eds/bin/gnu/h-i686-mingw32/bin/../lib/gcc/nios2-elf/4.1.2/../../../../nios2-elf/lib\libc.a(lib_a-fvwrite.o)
                0x00805198                __sfvwrite_r
 .text          0x00805634      0x180 i:/altera/nios2eds/bin/gnu/h-i686-mingw32/bin/../lib/gcc/nios2-elf/4.1.2/../../../../nios2-elf/lib\libc.a(lib_a-fwalk.o)
                0x00805634                _fwalk_reent
                0x008056fc                _fwalk
 .text          0x008057b4       0x74 i:/altera/nios2eds/bin/gnu/h-i686-mingw32/bin/../lib/gcc/nios2-elf/4.1.2/../../../../nios2-elf/lib\libc.a(lib_a-gettimeofdayr.o)
                0x008057b4                _gettimeofday_r
 .text          0x00805828        0x0 i:/altera/nios2eds/bin/gnu/h-i686-mingw32/bin/../lib/gcc/nios2-elf/4.1.2/../../../../nios2-elf/lib\libc.a(lib_a-impure.o)
 .text          0x00805828        0x0 i:/altera/nios2eds/bin/gnu/h-i686-mingw32/bin/../lib/gcc/nios2-elf/4.1.2/../../../../nios2-elf/lib\libc.a(lib_a-int_errno.o)
 .text          0x00805828       0xc4 i:/altera/nios2eds/bin/gnu/h-i686-mingw32/bin/../lib/gcc/nios2-elf/4.1.2/../../../../nios2-elf/lib\libc.a(lib_a-locale.o)
                0x00805828                __locale_charset
                0x00805830                _localeconv_r
                0x0080583c                localeconv
                0x0080584c                _setlocale_r
                0x008058d0                setlocale
 .text          0x008058ec      0x194 i:/altera/nios2eds/bin/gnu/h-i686-mingw32/bin/../lib/gcc/nios2-elf/4.1.2/../../../../nios2-elf/lib\libc.a(lib_a-makebuf.o)
                0x008058ec                __smakebuf_r
 .text          0x00805a80      0x740 i:/altera/nios2eds/bin/gnu/h-i686-mingw32/bin/../lib/gcc/nios2-elf/4.1.2/../../../../nios2-elf/lib\libc.a(lib_a-mallocr.o)
                0x00805a80                _malloc_r
 .text          0x008061c0       0xe4 i:/altera/nios2eds/bin/gnu/h-i686-mingw32/bin/../lib/gcc/nios2-elf/4.1.2/../../../../nios2-elf/lib\libc.a(lib_a-memchr.o)
                0x008061c0                memchr
 .text          0x008062a4       0xa0 i:/altera/nios2eds/bin/gnu/h-i686-mingw32/bin/../lib/gcc/nios2-elf/4.1.2/../../../../nios2-elf/lib\libc.a(lib_a-memcpy.o)
                0x008062a4                memcpy
 .text          0x00806344       0xe0 i:/altera/nios2eds/bin/gnu/h-i686-mingw32/bin/../lib/gcc/nios2-elf/4.1.2/../../../../nios2-elf/lib\libc.a(lib_a-memmove.o)
                0x00806344                memmove
 .text          0x00806424       0x98 i:/altera/nios2eds/bin/gnu/h-i686-mingw32/bin/../lib/gcc/nios2-elf/4.1.2/../../../../nios2-elf/lib\libc.a(lib_a-memset.o)
                0x00806424                memset
 .text          0x008064bc      0xff4 i:/altera/nios2eds/bin/gnu/h-i686-mingw32/bin/../lib/gcc/nios2-elf/4.1.2/../../../../nios2-elf/lib\libc.a(lib_a-mprec.o)
                0x008064bc                _Bfree
                0x008064e4                __hi0bits
                0x00806554                __lo0bits
                0x00806618                __mcmp
                0x00806678                __ulp
                0x008066f8                __b2d
                0x00806818                __ratio
                0x008068c8                _mprec_log10
                0x0080695c                __copybits
                0x008069b4                __any_on
                0x00806a3c                _Balloc
                0x00806af8                __d2b
                0x00806c74                __mdiff
                0x00806e00                __lshift
                0x00806f4c                __multiply
                0x00807134                __i2b
                0x00807170                __multadd
                0x00807270                __pow5mult
                0x00807390                __s2b
 .text          0x008074b0      0x1ec i:/altera/nios2eds/bin/gnu/h-i686-mingw32/bin/../lib/gcc/nios2-elf/4.1.2/../../../../nios2-elf/lib\libc.a(lib_a-putc.o)
                0x008074b0                putc
                0x008075b4                _putc_r
 .text          0x0080769c      0x5f4 i:/altera/nios2eds/bin/gnu/h-i686-mingw32/bin/../lib/gcc/nios2-elf/4.1.2/../../../../nios2-elf/lib\libc.a(lib_a-reallocr.o)
                0x0080769c                _realloc_r
 .text          0x00807c90       0x40 i:/altera/nios2eds/bin/gnu/h-i686-mingw32/bin/../lib/gcc/nios2-elf/4.1.2/../../../../nios2-elf/lib\libc.a(lib_a-s_isinfd.o)
                0x00807c90                __isinfd
 .text          0x00807cd0       0x30 i:/altera/nios2eds/bin/gnu/h-i686-mingw32/bin/../lib/gcc/nios2-elf/4.1.2/../../../../nios2-elf/lib\libc.a(lib_a-s_isnand.o)
                0x00807cd0                __isnand
 .text          0x00807d00       0x70 i:/altera/nios2eds/bin/gnu/h-i686-mingw32/bin/../lib/gcc/nios2-elf/4.1.2/../../../../nios2-elf/lib\libc.a(lib_a-sbrkr.o)
                0x00807d00                _sbrk_r
 .text          0x00807d70      0x14c i:/altera/nios2eds/bin/gnu/h-i686-mingw32/bin/../lib/gcc/nios2-elf/4.1.2/../../../../nios2-elf/lib\libc.a(lib_a-stdio.o)
                0x00807d70                __sclose
                0x00807d78                __sseek
                0x00807de0                __swrite
                0x00807e5c                __sread
 .text          0x00807ebc       0xbc i:/altera/nios2eds/bin/gnu/h-i686-mingw32/bin/../lib/gcc/nios2-elf/4.1.2/../../../../nios2-elf/lib\libc.a(lib_a-strcmp.o)
                0x00807ebc                strcmp
 .text          0x00807f78      0x14c i:/altera/nios2eds/bin/gnu/h-i686-mingw32/bin/../lib/gcc/nios2-elf/4.1.2/../../../../nios2-elf/lib\libc.a(lib_a-wbuf.o)
                0x00807f78                __swbuf_r
                0x008080a8                __swbuf
 .text          0x008080c4       0x78 i:/altera/nios2eds/bin/gnu/h-i686-mingw32/bin/../lib/gcc/nios2-elf/4.1.2/../../../../nios2-elf/lib\libc.a(lib_a-writer.o)
                0x008080c4                _write_r
 .text          0x0080813c       0xb4 i:/altera/nios2eds/bin/gnu/h-i686-mingw32/bin/../lib/gcc/nios2-elf/4.1.2/../../../../nios2-elf/lib\libc.a(lib_a-callocr.o)
                0x0080813c                _calloc_r
 .text          0x008081f0       0x70 i:/altera/nios2eds/bin/gnu/h-i686-mingw32/bin/../lib/gcc/nios2-elf/4.1.2/../../../../nios2-elf/lib\libc.a(lib_a-closer.o)
                0x008081f0                _close_r
 .text          0x00808260      0x124 i:/altera/nios2eds/bin/gnu/h-i686-mingw32/bin/../lib/gcc/nios2-elf/4.1.2/../../../../nios2-elf/lib\libc.a(lib_a-fclose.o)
                0x00808260                _fclose_r
                0x00808370                fclose
 .text          0x00808384       0x74 i:/altera/nios2eds/bin/gnu/h-i686-mingw32/bin/../lib/gcc/nios2-elf/4.1.2/../../../../nios2-elf/lib\libc.a(lib_a-fstatr.o)
                0x00808384                _fstat_r
 .text          0x008083f8       0x70 i:/altera/nios2eds/bin/gnu/h-i686-mingw32/bin/../lib/gcc/nios2-elf/4.1.2/../../../../nios2-elf/lib\libc.a(lib_a-isattyr.o)
                0x008083f8                _isatty_r
 .text          0x00808468       0x78 i:/altera/nios2eds/bin/gnu/h-i686-mingw32/bin/../lib/gcc/nios2-elf/4.1.2/../../../../nios2-elf/lib\libc.a(lib_a-lseekr.o)
                0x00808468                _lseek_r
 .text          0x008084e0       0x78 i:/altera/nios2eds/bin/gnu/h-i686-mingw32/bin/../lib/gcc/nios2-elf/4.1.2/../../../../nios2-elf/lib\libc.a(lib_a-readr.o)
                0x008084e0                _read_r
 .text          0x00808558       0x98 i:/altera/nios2eds/bin/gnu/h-i686-mingw32/bin/../lib/gcc/nios2-elf/4.1.2\libgcc.a(_muldi3.o)
                0x00808558                __muldi3
 .text          0x008085f0      0x5dc i:/altera/nios2eds/bin/gnu/h-i686-mingw32/bin/../lib/gcc/nios2-elf/4.1.2\libgcc.a(_udivdi3.o)
                0x008085f0                __udivdi3
 .text          0x00808bcc      0x5b0 i:/altera/nios2eds/bin/gnu/h-i686-mingw32/bin/../lib/gcc/nios2-elf/4.1.2\libgcc.a(_umoddi3.o)
                0x00808bcc                __umoddi3
 .text          0x0080917c      0x504 i:/altera/nios2eds/bin/gnu/h-i686-mingw32/bin/../lib/gcc/nios2-elf/4.1.2\libgcc.a(_addsub_df.o)
                0x0080958c                __subdf3
                0x0080960c                __adddf3
 .text          0x00809680      0x3c4 i:/altera/nios2eds/bin/gnu/h-i686-mingw32/bin/../lib/gcc/nios2-elf/4.1.2\libgcc.a(_mul_df.o)
                0x00809680                __muldf3
 .text          0x00809a44      0x258 i:/altera/nios2eds/bin/gnu/h-i686-mingw32/bin/../lib/gcc/nios2-elf/4.1.2\libgcc.a(_div_df.o)
                0x00809a44                __divdf3
 .text          0x00809c9c       0x88 i:/altera/nios2eds/bin/gnu/h-i686-mingw32/bin/../lib/gcc/nios2-elf/4.1.2\libgcc.a(_eq_df.o)
                0x00809c9c                __eqdf2
 .text          0x00809d24       0x88 i:/altera/nios2eds/bin/gnu/h-i686-mingw32/bin/../lib/gcc/nios2-elf/4.1.2\libgcc.a(_ne_df.o)
                0x00809d24                __nedf2
 .text          0x00809dac       0x88 i:/altera/nios2eds/bin/gnu/h-i686-mingw32/bin/../lib/gcc/nios2-elf/4.1.2\libgcc.a(_gt_df.o)
                0x00809dac                __gtdf2
 .text          0x00809e34       0x88 i:/altera/nios2eds/bin/gnu/h-i686-mingw32/bin/../lib/gcc/nios2-elf/4.1.2\libgcc.a(_ge_df.o)
                0x00809e34                __gedf2
 .text          0x00809ebc       0x88 i:/altera/nios2eds/bin/gnu/h-i686-mingw32/bin/../lib/gcc/nios2-elf/4.1.2\libgcc.a(_lt_df.o)
                0x00809ebc                __ltdf2
 .text          0x00809f44       0xf8 i:/altera/nios2eds/bin/gnu/h-i686-mingw32/bin/../lib/gcc/nios2-elf/4.1.2\libgcc.a(_si_to_df.o)
                0x00809f44                __floatsidf
 .text          0x0080a03c       0xd8 i:/altera/nios2eds/bin/gnu/h-i686-mingw32/bin/../lib/gcc/nios2-elf/4.1.2\libgcc.a(_df_to_si.o)
                0x0080a03c                __fixdfsi
 .text          0x0080a114        0x0 i:/altera/nios2eds/bin/gnu/h-i686-mingw32/bin/../lib/gcc/nios2-elf/4.1.2\libgcc.a(_thenan_df.o)
 .text          0x0080a114      0x194 i:/altera/nios2eds/bin/gnu/h-i686-mingw32/bin/../lib/gcc/nios2-elf/4.1.2\libgcc.a(_usi_to_df.o)
                0x0080a114                __floatunsidf
 .text          0x0080a2a8        0x0 i:/altera/nios2eds/bin/gnu/h-i686-mingw32/bin/../lib/gcc/nios2-elf/4.1.2\libgcc.a(_clz.o)
 .text          0x0080a2a8       0x80 i:/altera/nios2eds/bin/gnu/h-i686-mingw32/bin/../lib/gcc/nios2-elf/4.1.2\libgcc.a(_clzsi2.o)
                0x0080a2a8                __clzsi2
 .text          0x0080a328      0x314 i:/altera/nios2eds/bin/gnu/h-i686-mingw32/bin/../lib/gcc/nios2-elf/4.1.2\libgcc.a(_pack_df.o)
                0x0080a328                __pack_d
 .text          0x0080a63c      0x138 i:/altera/nios2eds/bin/gnu/h-i686-mingw32/bin/../lib/gcc/nios2-elf/4.1.2\libgcc.a(_unpack_df.o)
                0x0080a63c                __unpack_d
 .text          0x0080a774       0xc8 i:/altera/nios2eds/bin/gnu/h-i686-mingw32/bin/../lib/gcc/nios2-elf/4.1.2\libgcc.a(_fpcmp_parts_df.o)
                0x0080a774                __fpcmp_parts_d
 .text          0x0080a83c      0x15c ../finalProject_bsp\libhal_bsp.a(alt_close.o)
                0x0080a83c                close
 .text          0x0080a998       0x2c ../finalProject_bsp\libhal_bsp.a(alt_dev.o)
 .text          0x0080a9c4        0x0 ../finalProject_bsp\libhal_bsp.a(alt_errno.o)
 .text          0x0080a9c4      0x134 ../finalProject_bsp\libhal_bsp.a(alt_fstat.o)
                0x0080a9c4                fstat
 .text          0x0080aaf8      0x21c ../finalProject_bsp\libhal_bsp.a(alt_gettod.o)
                0x0080aaf8                gettimeofday
 .text          0x0080ad14      0x120 ../finalProject_bsp\libhal_bsp.a(alt_isatty.o)
                0x0080ad14                isatty
 .text          0x0080ae34      0x150 ../finalProject_bsp\libhal_bsp.a(alt_lseek.o)
                0x0080ae34                lseek
 .text          0x0080af84       0x6c ../finalProject_bsp\libhal_bsp.a(alt_main.o)
                0x0080af84                alt_main
 .text          0x0080aff0       0x40 ../finalProject_bsp\libhal_bsp.a(alt_malloc_lock.o)
                0x0080aff0                __malloc_lock
                0x0080b010                __malloc_unlock
 .text          0x0080b030      0x180 ../finalProject_bsp\libhal_bsp.a(alt_read.o)
                0x0080b030                read
 .text          0x0080b1b0       0x60 ../finalProject_bsp\libhal_bsp.a(alt_release_fd.o)
                0x0080b1b0                alt_release_fd
 .text          0x0080b210       0xbc ../finalProject_bsp\libhal_bsp.a(alt_sbrk.o)
                0x0080b210                sbrk
 .text          0x0080b2cc      0x1a4 ../finalProject_bsp\libhal_bsp.a(alt_tick.o)
                0x0080b2cc                alt_alarm_stop
                0x0080b364                alt_tick
 .text          0x0080b470       0x30 ../finalProject_bsp\libhal_bsp.a(alt_usleep.o)
                0x0080b470                usleep
 .text          0x0080b4a0      0x180 ../finalProject_bsp\libhal_bsp.a(alt_write.o)
                0x0080b4a0                write
 .text          0x0080b620      0x3a0 ../finalProject_bsp\libhal_bsp.a(alt_sys_init.o)
                0x0080b620                alt_irq_init
                0x0080b654                alt_sys_init
 .text          0x0080b9c0      0x8c8 ../finalProject_bsp\libhal_bsp.a(altera_avalon_cfi_flash.o)
                0x0080b9c0                alt_flash_cfi_init
                0x0080ba94                alt_flash_cfi_write
                0x0080bd54                alt_flash_cfi_get_info
                0x0080bde4                alt_flash_cfi_read
                0x0080be4c                alt_write_value_to_flash
                0x0080bfb0                alt_flash_program_block
 .text          0x0080c288     0x1448 ../finalProject_bsp\libhal_bsp.a(altera_avalon_cfi_flash_table.o)
                0x0080c288                alt_read_query_entry_8bit
                0x0080c2c8                alt_read_query_entry_16bit
                0x0080c30c                alt_read_query_entry_32bit
                0x0080c354                alt_write_flash_command_8bit_device_8bit_mode
                0x0080c390                alt_write_flash_command_16bit_device_8bit_mode
                0x0080c40c                alt_write_flash_command_32bit_device_8bit_mode
                0x0080c454                alt_write_flash_command_16bit_device_16bit_mode
                0x0080c498                alt_write_flash_command_32bit_device_16bit_mode
                0x0080c4e0                alt_write_flash_command_32bit_device_32bit_mode
                0x0080c528                alt_write_native_8bit
                0x0080c55c                alt_write_native_16bit
                0x0080c590                alt_write_native_32bit
                0x0080c5c0                alt_set_flash_width_func
                0x0080c7a0                alt_set_flash_algorithm_func
                0x0080c8c8                alt_read_cfi_table
                0x0080ce48                alt_read_cfi_width
                0x0080d5f4                alt_check_primary_table
 .text          0x0080d6d0      0x148 ../finalProject_bsp\libhal_bsp.a(altera_avalon_jtag_uart_fd.o)
                0x0080d6d0                altera_avalon_jtag_uart_read_fd
                0x0080d728                altera_avalon_jtag_uart_write_fd
                0x0080d780                altera_avalon_jtag_uart_close_fd
                0x0080d7c8                altera_avalon_jtag_uart_ioctl_fd
 .text          0x0080d818      0x408 ../finalProject_bsp\libhal_bsp.a(altera_avalon_jtag_uart_init.o)
                0x0080d818                altera_avalon_jtag_uart_init
                0x0080dbac                altera_avalon_jtag_uart_close
 .text          0x0080dc20       0xf4 ../finalProject_bsp\libhal_bsp.a(altera_avalon_jtag_uart_ioctl.o)
                0x0080dc20                altera_avalon_jtag_uart_ioctl
 .text          0x0080dd14      0x224 ../finalProject_bsp\libhal_bsp.a(altera_avalon_jtag_uart_read.o)
                0x0080dd14                altera_avalon_jtag_uart_read
 .text          0x0080df38      0x240 ../finalProject_bsp\libhal_bsp.a(altera_avalon_jtag_uart_write.o)
                0x0080df38                altera_avalon_jtag_uart_write
 .text          0x0080e178       0xfc ../finalProject_bsp\libhal_bsp.a(altera_avalon_timer_sc.o)
                0x0080e1ec                alt_avalon_timer_sc_init
 .text          0x0080e274      0x700 ../finalProject_bsp\libhal_bsp.a(altera_up_avalon_ps2.o)
                0x0080e274                read_RI_bit
                0x0080e2a8                read_RE_bit
                0x0080e2d8                read_CE_bit
                0x0080e30c                read_num_bytes_available
                0x0080e340                read_data_valid
                0x0080e374                read_data_byte
                0x0080e3a0                alt_up_ps2_init
                0x0080e46c                alt_up_ps2_enable_read_interrupt
                0x0080e4c0                alt_up_ps2_disable_read_interrupt
                0x0080e518                alt_up_ps2_write_data_byte
                0x0080e590                alt_up_ps2_wait_for_ack
                0x0080e600                alt_up_ps2_write_data_byte_with_ack
                0x0080e66c                alt_up_ps2_read_data_byte_timeout
                0x0080e71c                alt_up_ps2_read_data_byte
                0x0080e798                alt_up_ps2_clear_fifo
                0x0080e7f0                alt_up_ps2_read_fd
                0x0080e88c                alt_up_ps2_write_fd
                0x0080e934                alt_up_ps2_open_dev
 .text          0x0080e974      0x304 ../finalProject_bsp\libhal_bsp.a(altera_up_avalon_video_character_buffer_with_dma.o)
                0x0080e974                alt_up_char_buffer_init
                0x0080e9f8                alt_up_char_buffer_open_dev
                0x0080ea38                alt_up_char_buffer_draw
                0x0080eb08                alt_up_char_buffer_string
                0x0080ec1c                alt_up_char_buffer_clear
 .text          0x0080ec78      0x154 ../finalProject_bsp\libhal_bsp.a(alt_alarm_start.o)
                0x0080ec78                alt_alarm_start
 .text          0x0080edcc      0x14c ../finalProject_bsp\libhal_bsp.a(alt_busy_sleep.o)
                0x0080edcc                alt_busy_sleep
 .text          0x0080ef18       0x78 ../finalProject_bsp\libhal_bsp.a(alt_dcache_flush.o)
                0x0080ef18                alt_dcache_flush
 .text          0x0080ef90      0x114 ../finalProject_bsp\libhal_bsp.a(alt_dev_llist_insert.o)
                0x0080ef90                alt_dev_llist_insert
 .text          0x0080f0a4       0x64 ../finalProject_bsp\libhal_bsp.a(alt_do_ctors.o)
                0x0080f0a4                _do_ctors
 .text          0x0080f108       0x64 ../finalProject_bsp\libhal_bsp.a(alt_do_dtors.o)
                0x0080f108                _do_dtors
 .text          0x0080f16c       0x94 ../finalProject_bsp\libhal_bsp.a(alt_find_dev.o)
                0x0080f16c                alt_find_dev
 .text          0x0080f200       0xd0 ../finalProject_bsp\libhal_bsp.a(alt_flash_dev.o)
                0x0080f200                alt_flash_open_dev
                0x0080f27c                alt_flash_close_dev
 .text          0x0080f2d0      0x13c ../finalProject_bsp\libhal_bsp.a(alt_io_redirect.o)
                0x0080f394                alt_io_redirect
 .text          0x0080f40c      0x1c0 ../finalProject_bsp\libhal_bsp.a(alt_irq_register.o)
                0x0080f40c                alt_irq_register
 .text          0x0080f5cc        0x0 ../finalProject_bsp\libhal_bsp.a(alt_irq_vars.o)
 .text          0x0080f5cc      0x2c4 ../finalProject_bsp\libhal_bsp.a(alt_open.o)
                0x0080f6a8                open
 .text          0x0080f890       0x20 ../finalProject_bsp\libhal_bsp.a(altera_nios2_irq.o)
                0x0080f890                altera_nios2_irq_init
 .text          0x0080f8b0      0x460 ../finalProject_bsp\libhal_bsp.a(altera_avalon_cfi_flash_amd.o)
                0x0080f8b0                alt_program_amd
                0x0080f918                alt_erase_block_amd
 .text          0x0080fd10      0x460 ../finalProject_bsp\libhal_bsp.a(altera_avalon_cfi_flash_intel.o)
                0x0080fd10                alt_program_intel
                0x0080fd94                alt_erase_block_intel
 .text          0x00810170      0x120 ../finalProject_bsp\libhal_bsp.a(alt_find_file.o)
                0x00810170                alt_find_file
 .text          0x00810290       0xb8 ../finalProject_bsp\libhal_bsp.a(alt_get_fd.o)
                0x00810290                alt_get_fd
 .text          0x00810348        0x0 ../finalProject_bsp\libhal_bsp.a(alt_irq_entry.o)
 .text          0x00810348        0x0 ../finalProject_bsp\libhal_bsp.a(alt_irq_handler.o)
 .text          0x00810348        0x0 ../finalProject_bsp\libhal_bsp.a(alt_exception_entry.o)
 .text          0x00810348       0x14 i:/altera/nios2eds/bin/gnu/h-i686-mingw32/bin/../lib/gcc/nios2-elf/4.1.2/../../../../nios2-elf/lib\libc.a(lib_a-atexit.o)
                0x00810348                atexit
 .text          0x0081035c       0x38 i:/altera/nios2eds/bin/gnu/h-i686-mingw32/bin/../lib/gcc/nios2-elf/4.1.2/../../../../nios2-elf/lib\libc.a(lib_a-exit.o)
                0x0081035c                exit
 .text          0x00810394       0x74 i:/altera/nios2eds/bin/gnu/h-i686-mingw32/bin/../lib/gcc/nios2-elf/4.1.2/../../../../nios2-elf/lib\libc.a(lib_a-memcmp.o)
                0x00810394                memcmp
 .text          0x00810408      0x134 i:/altera/nios2eds/bin/gnu/h-i686-mingw32/bin/../lib/gcc/nios2-elf/4.1.2/../../../../nios2-elf/lib\libc.a(lib_a-__atexit.o)
                0x00810408                __register_exitproc
 .text          0x0081053c      0x1b4 i:/altera/nios2eds/bin/gnu/h-i686-mingw32/bin/../lib/gcc/nios2-elf/4.1.2/../../../../nios2-elf/lib\libc.a(lib_a-__call_atexit.o)
                0x00810540                __call_exitprocs
 .text          0x008106f0       0x60 ../finalProject_bsp\libhal_bsp.a(alt_exit.o)
                0x00810730                _exit
 *(.gnu.warning.*)
 *(.fini)
                0x00810750                PROVIDE (__etext, ABSOLUTE (.))
                0x00810750                PROVIDE (_etext, ABSOLUTE (.))
                0x00810750                PROVIDE (etext, ABSOLUTE (.))
 *(.eh_frame_hdr)
                0x00810750                . = ALIGN (0x4)
                0x00810750                PROVIDE (__preinit_array_start, ABSOLUTE (.))
 *(.preinit_array)
                0x00810750                PROVIDE (__preinit_array_end, ABSOLUTE (.))
                0x00810750                PROVIDE (__init_array_start, ABSOLUTE (.))
 *(.init_array)
                0x00810750                PROVIDE (__init_array_end, ABSOLUTE (.))
                0x00810750                PROVIDE (__fini_array_start, ABSOLUTE (.))
 *(.fini_array)
                0x00810750                PROVIDE (__fini_array_end, ABSOLUTE (.))
 *(.eh_frame)
 .eh_frame      0x00810750       0x40 i:/altera/nios2eds/bin/gnu/h-i686-mingw32/bin/../lib/gcc/nios2-elf/4.1.2\libgcc.a(_udivdi3.o)
 .eh_frame      0x00810790       0x2c i:/altera/nios2eds/bin/gnu/h-i686-mingw32/bin/../lib/gcc/nios2-elf/4.1.2\libgcc.a(_umoddi3.o)
                                 0x40 (size before relaxing)
 *(.gcc_except_table)
 *(.dynamic)
                0x008107bc                PROVIDE (__CTOR_LIST__, ABSOLUTE (.))
 *(.ctors)
 *(SORT(.ctors.*))
 .ctors.65535   0x008107bc        0x4 i:/altera/nios2eds/bin/gnu/h-i686-mingw32/bin/../lib/gcc/nios2-elf/4.1.2/../../../../nios2-elf/lib\libc.a(lib_a-__call_atexit.o)
                0x008107c0                PROVIDE (__CTOR_END__, ABSOLUTE (.))
                0x008107c0                PROVIDE (__DTOR_LIST__, ABSOLUTE (.))
 *(.dtors)
 *(SORT(.dtors.*))
                0x008107c0                PROVIDE (__DTOR_END__, ABSOLUTE (.))
 *(.jcr)
                0x008107c0                . = ALIGN (0x4)

.rodata         0x008107c0      0x50c
                0x008107c0                PROVIDE (__ram_rodata_start, ABSOLUTE (.))
                0x008107c0                . = ALIGN (0x4)
 *(.rodata .rodata.* .gnu.linkonce.r.*)
 .rodata        0x008107c0      0x13c obj/main.o
 .rodata.str1.4
                0x008108fc        0x2 i:/altera/nios2eds/bin/gnu/h-i686-mingw32/bin/../lib/gcc/nios2-elf/4.1.2/../../../../nios2-elf/lib\libc.a(lib_a-puts.o)
                                  0x4 (size before relaxing)
 *fill*         0x008108fe        0x2 00
 .rodata.str1.4
                0x00810900       0x5e i:/altera/nios2eds/bin/gnu/h-i686-mingw32/bin/../lib/gcc/nios2-elf/4.1.2/../../../../nios2-elf/lib\libc.a(lib_a-vfprintf.o)
                                 0x60 (size before relaxing)
 .rodata        0x0081095e       0x20 i:/altera/nios2eds/bin/gnu/h-i686-mingw32/bin/../lib/gcc/nios2-elf/4.1.2/../../../../nios2-elf/lib\libc.a(lib_a-vfprintf.o)
 *fill*         0x0081097e        0x2 00
 .rodata.str1.4
                0x00810980       0x10 i:/altera/nios2eds/bin/gnu/h-i686-mingw32/bin/../lib/gcc/nios2-elf/4.1.2/../../../../nios2-elf/lib\libc.a(lib_a-dtoa.o)
                                 0x14 (size before relaxing)
 .rodata.str1.4
                0x00810990        0x2 i:/altera/nios2eds/bin/gnu/h-i686-mingw32/bin/../lib/gcc/nios2-elf/4.1.2/../../../../nios2-elf/lib\libc.a(lib_a-impure.o)
                                  0x4 (size before relaxing)
 *fill*         0x00810992        0x2 00
 .rodata.str1.4
                0x00810994       0x10 i:/altera/nios2eds/bin/gnu/h-i686-mingw32/bin/../lib/gcc/nios2-elf/4.1.2/../../../../nios2-elf/lib\libc.a(lib_a-locale.o)
                                 0x18 (size before relaxing)
 .rodata        0x008109a4       0x30 i:/altera/nios2eds/bin/gnu/h-i686-mingw32/bin/../lib/gcc/nios2-elf/4.1.2/../../../../nios2-elf/lib\libc.a(lib_a-locale.o)
 .rodata        0x008109d4      0x124 i:/altera/nios2eds/bin/gnu/h-i686-mingw32/bin/../lib/gcc/nios2-elf/4.1.2/../../../../nios2-elf/lib\libc.a(lib_a-mprec.o)
                0x008109d4                __mprec_tens
                0x00810a9c                __mprec_bigtens
                0x00810ac4                __mprec_tinytens
 .rodata        0x00810af8       0x14 i:/altera/nios2eds/bin/gnu/h-i686-mingw32/bin/../lib/gcc/nios2-elf/4.1.2\libgcc.a(_thenan_df.o)
                0x00810af8                __thenan_df
 .rodata        0x00810b0c      0x100 i:/altera/nios2eds/bin/gnu/h-i686-mingw32/bin/../lib/gcc/nios2-elf/4.1.2\libgcc.a(_clz.o)
                0x00810b0c                __clz_tab
 .rodata        0x00810c0c        0xc ../finalProject_bsp\libhal_bsp.a(alt_dev.o)
 .rodata        0x00810c18       0x10 ../finalProject_bsp\libhal_bsp.a(alt_main.o)
 .rodata        0x00810c28       0x88 ../finalProject_bsp\libhal_bsp.a(alt_sys_init.o)
 .rodata        0x00810cb0       0x1c ../finalProject_bsp\libhal_bsp.a(altera_up_avalon_video_character_buffer_with_dma.o)
 *(.rodata1)
                0x00810ccc                . = ALIGN (0x4)
                0x00810ccc                PROVIDE (__ram_rodata_end, ABSOLUTE (.))
                0x008107c0                PROVIDE (__flash_rodata_start, LOADADDR (.rodata))

.rwdata         0x00810ccc     0x1c10
                0x00810ccc                PROVIDE (__ram_rwdata_start, ABSOLUTE (.))
                0x00810ccc                . = ALIGN (0x4)
 *(.got.plt)
 *(.got)
 *(.data1)
 *(.data .data.* .gnu.linkonce.d.*)
 .data          0x00810ccc        0x0 ../finalProject_bsp/obj/HAL/src/crt0.o
 .data          0x00810ccc        0x0 obj/main.o
 .data          0x00810ccc        0x0 i:/altera/nios2eds/bin/gnu/h-i686-mingw32/bin/../lib/gcc/nios2-elf/4.1.2\libgcc.a(lib2-divmod.o)
 .data          0x00810ccc        0x0 i:/altera/nios2eds/bin/gnu/h-i686-mingw32/bin/../lib/gcc/nios2-elf/4.1.2/../../../../nios2-elf/lib\libc.a(lib_a-printf.o)
 .data          0x00810ccc        0x0 i:/altera/nios2eds/bin/gnu/h-i686-mingw32/bin/../lib/gcc/nios2-elf/4.1.2/../../../../nios2-elf/lib\libc.a(lib_a-putchar.o)
 .data          0x00810ccc        0x0 i:/altera/nios2eds/bin/gnu/h-i686-mingw32/bin/../lib/gcc/nios2-elf/4.1.2/../../../../nios2-elf/lib\libc.a(lib_a-puts.o)
 .data          0x00810ccc        0x0 i:/altera/nios2eds/bin/gnu/h-i686-mingw32/bin/../lib/gcc/nios2-elf/4.1.2/../../../../nios2-elf/lib\libc.a(lib_a-rand.o)
 .data          0x00810ccc        0x0 i:/altera/nios2eds/bin/gnu/h-i686-mingw32/bin/../lib/gcc/nios2-elf/4.1.2/../../../../nios2-elf/lib\libc.a(lib_a-strlen.o)
 .data          0x00810ccc        0x0 i:/altera/nios2eds/bin/gnu/h-i686-mingw32/bin/../lib/gcc/nios2-elf/4.1.2/../../../../nios2-elf/lib\libc.a(lib_a-time.o)
 .data          0x00810ccc        0x0 i:/altera/nios2eds/bin/gnu/h-i686-mingw32/bin/../lib/gcc/nios2-elf/4.1.2/../../../../nios2-elf/lib\libc.a(lib_a-vfprintf.o)
 .data          0x00810ccc        0x0 i:/altera/nios2eds/bin/gnu/h-i686-mingw32/bin/../lib/gcc/nios2-elf/4.1.2/../../../../nios2-elf/lib\libc.a(lib_a-wsetup.o)
 .data          0x00810ccc        0x0 i:/altera/nios2eds/bin/gnu/h-i686-mingw32/bin/../lib/gcc/nios2-elf/4.1.2/../../../../nios2-elf/lib\libc.a(lib_a-dtoa.o)
 .data          0x00810ccc        0x0 i:/altera/nios2eds/bin/gnu/h-i686-mingw32/bin/../lib/gcc/nios2-elf/4.1.2/../../../../nios2-elf/lib\libc.a(lib_a-fflush.o)
 .data          0x00810ccc        0x0 i:/altera/nios2eds/bin/gnu/h-i686-mingw32/bin/../lib/gcc/nios2-elf/4.1.2/../../../../nios2-elf/lib\libc.a(lib_a-findfp.o)
 .data          0x00810ccc        0x0 i:/altera/nios2eds/bin/gnu/h-i686-mingw32/bin/../lib/gcc/nios2-elf/4.1.2/../../../../nios2-elf/lib\libc.a(lib_a-freer.o)
 .data          0x00810ccc        0x0 i:/altera/nios2eds/bin/gnu/h-i686-mingw32/bin/../lib/gcc/nios2-elf/4.1.2/../../../../nios2-elf/lib\libc.a(lib_a-fvwrite.o)
 .data          0x00810ccc        0x0 i:/altera/nios2eds/bin/gnu/h-i686-mingw32/bin/../lib/gcc/nios2-elf/4.1.2/../../../../nios2-elf/lib\libc.a(lib_a-fwalk.o)
 .data          0x00810ccc        0x0 i:/altera/nios2eds/bin/gnu/h-i686-mingw32/bin/../lib/gcc/nios2-elf/4.1.2/../../../../nios2-elf/lib\libc.a(lib_a-gettimeofdayr.o)
 .data          0x00810ccc      0x400 i:/altera/nios2eds/bin/gnu/h-i686-mingw32/bin/../lib/gcc/nios2-elf/4.1.2/../../../../nios2-elf/lib\libc.a(lib_a-impure.o)
 .data          0x008110cc        0x0 i:/altera/nios2eds/bin/gnu/h-i686-mingw32/bin/../lib/gcc/nios2-elf/4.1.2/../../../../nios2-elf/lib\libc.a(lib_a-int_errno.o)
 .data          0x008110cc        0xc i:/altera/nios2eds/bin/gnu/h-i686-mingw32/bin/../lib/gcc/nios2-elf/4.1.2/../../../../nios2-elf/lib\libc.a(lib_a-locale.o)
                0x008110cc                __lc_ctype
 .data          0x008110d8        0x0 i:/altera/nios2eds/bin/gnu/h-i686-mingw32/bin/../lib/gcc/nios2-elf/4.1.2/../../../../nios2-elf/lib\libc.a(lib_a-makebuf.o)
 .data          0x008110d8      0x408 i:/altera/nios2eds/bin/gnu/h-i686-mingw32/bin/../lib/gcc/nios2-elf/4.1.2/../../../../nios2-elf/lib\libc.a(lib_a-mallocr.o)
                0x008110d8                __malloc_av_
 .data          0x008114e0        0x0 i:/altera/nios2eds/bin/gnu/h-i686-mingw32/bin/../lib/gcc/nios2-elf/4.1.2/../../../../nios2-elf/lib\libc.a(lib_a-memchr.o)
 .data          0x008114e0        0x0 i:/altera/nios2eds/bin/gnu/h-i686-mingw32/bin/../lib/gcc/nios2-elf/4.1.2/../../../../nios2-elf/lib\libc.a(lib_a-memcpy.o)
 .data          0x008114e0        0x0 i:/altera/nios2eds/bin/gnu/h-i686-mingw32/bin/../lib/gcc/nios2-elf/4.1.2/../../../../nios2-elf/lib\libc.a(lib_a-memmove.o)
 .data          0x008114e0        0x0 i:/altera/nios2eds/bin/gnu/h-i686-mingw32/bin/../lib/gcc/nios2-elf/4.1.2/../../../../nios2-elf/lib\libc.a(lib_a-memset.o)
 .data          0x008114e0        0x0 i:/altera/nios2eds/bin/gnu/h-i686-mingw32/bin/../lib/gcc/nios2-elf/4.1.2/../../../../nios2-elf/lib\libc.a(lib_a-mprec.o)
 .data          0x008114e0        0x0 i:/altera/nios2eds/bin/gnu/h-i686-mingw32/bin/../lib/gcc/nios2-elf/4.1.2/../../../../nios2-elf/lib\libc.a(lib_a-putc.o)
 .data          0x008114e0        0x0 i:/altera/nios2eds/bin/gnu/h-i686-mingw32/bin/../lib/gcc/nios2-elf/4.1.2/../../../../nios2-elf/lib\libc.a(lib_a-reallocr.o)
 .data          0x008114e0        0x0 i:/altera/nios2eds/bin/gnu/h-i686-mingw32/bin/../lib/gcc/nios2-elf/4.1.2/../../../../nios2-elf/lib\libc.a(lib_a-s_isinfd.o)
 .data          0x008114e0        0x0 i:/altera/nios2eds/bin/gnu/h-i686-mingw32/bin/../lib/gcc/nios2-elf/4.1.2/../../../../nios2-elf/lib\libc.a(lib_a-s_isnand.o)
 .data          0x008114e0        0x0 i:/altera/nios2eds/bin/gnu/h-i686-mingw32/bin/../lib/gcc/nios2-elf/4.1.2/../../../../nios2-elf/lib\libc.a(lib_a-sbrkr.o)
 .data          0x008114e0        0x0 i:/altera/nios2eds/bin/gnu/h-i686-mingw32/bin/../lib/gcc/nios2-elf/4.1.2/../../../../nios2-elf/lib\libc.a(lib_a-stdio.o)
 .data          0x008114e0        0x0 i:/altera/nios2eds/bin/gnu/h-i686-mingw32/bin/../lib/gcc/nios2-elf/4.1.2/../../../../nios2-elf/lib\libc.a(lib_a-strcmp.o)
 .data          0x008114e0        0x0 i:/altera/nios2eds/bin/gnu/h-i686-mingw32/bin/../lib/gcc/nios2-elf/4.1.2/../../../../nios2-elf/lib\libc.a(lib_a-wbuf.o)
 .data          0x008114e0        0x0 i:/altera/nios2eds/bin/gnu/h-i686-mingw32/bin/../lib/gcc/nios2-elf/4.1.2/../../../../nios2-elf/lib\libc.a(lib_a-writer.o)
 .data          0x008114e0        0x0 i:/altera/nios2eds/bin/gnu/h-i686-mingw32/bin/../lib/gcc/nios2-elf/4.1.2/../../../../nios2-elf/lib\libc.a(lib_a-callocr.o)
 .data          0x008114e0        0x0 i:/altera/nios2eds/bin/gnu/h-i686-mingw32/bin/../lib/gcc/nios2-elf/4.1.2/../../../../nios2-elf/lib\libc.a(lib_a-closer.o)
 .data          0x008114e0        0x0 i:/altera/nios2eds/bin/gnu/h-i686-mingw32/bin/../lib/gcc/nios2-elf/4.1.2/../../../../nios2-elf/lib\libc.a(lib_a-fclose.o)
 .data          0x008114e0        0x0 i:/altera/nios2eds/bin/gnu/h-i686-mingw32/bin/../lib/gcc/nios2-elf/4.1.2/../../../../nios2-elf/lib\libc.a(lib_a-fstatr.o)
 .data          0x008114e0        0x0 i:/altera/nios2eds/bin/gnu/h-i686-mingw32/bin/../lib/gcc/nios2-elf/4.1.2/../../../../nios2-elf/lib\libc.a(lib_a-isattyr.o)
 .data          0x008114e0        0x0 i:/altera/nios2eds/bin/gnu/h-i686-mingw32/bin/../lib/gcc/nios2-elf/4.1.2/../../../../nios2-elf/lib\libc.a(lib_a-lseekr.o)
 .data          0x008114e0        0x0 i:/altera/nios2eds/bin/gnu/h-i686-mingw32/bin/../lib/gcc/nios2-elf/4.1.2/../../../../nios2-elf/lib\libc.a(lib_a-readr.o)
 .data          0x008114e0        0x0 i:/altera/nios2eds/bin/gnu/h-i686-mingw32/bin/../lib/gcc/nios2-elf/4.1.2\libgcc.a(_muldi3.o)
 .data          0x008114e0        0x0 i:/altera/nios2eds/bin/gnu/h-i686-mingw32/bin/../lib/gcc/nios2-elf/4.1.2\libgcc.a(_udivdi3.o)
 .data          0x008114e0        0x0 i:/altera/nios2eds/bin/gnu/h-i686-mingw32/bin/../lib/gcc/nios2-elf/4.1.2\libgcc.a(_umoddi3.o)
 .data          0x008114e0        0x0 i:/altera/nios2eds/bin/gnu/h-i686-mingw32/bin/../lib/gcc/nios2-elf/4.1.2\libgcc.a(_addsub_df.o)
 .data          0x008114e0        0x0 i:/altera/nios2eds/bin/gnu/h-i686-mingw32/bin/../lib/gcc/nios2-elf/4.1.2\libgcc.a(_mul_df.o)
 .data          0x008114e0        0x0 i:/altera/nios2eds/bin/gnu/h-i686-mingw32/bin/../lib/gcc/nios2-elf/4.1.2\libgcc.a(_div_df.o)
 .data          0x008114e0        0x0 i:/altera/nios2eds/bin/gnu/h-i686-mingw32/bin/../lib/gcc/nios2-elf/4.1.2\libgcc.a(_eq_df.o)
 .data          0x008114e0        0x0 i:/altera/nios2eds/bin/gnu/h-i686-mingw32/bin/../lib/gcc/nios2-elf/4.1.2\libgcc.a(_ne_df.o)
 .data          0x008114e0        0x0 i:/altera/nios2eds/bin/gnu/h-i686-mingw32/bin/../lib/gcc/nios2-elf/4.1.2\libgcc.a(_gt_df.o)
 .data          0x008114e0        0x0 i:/altera/nios2eds/bin/gnu/h-i686-mingw32/bin/../lib/gcc/nios2-elf/4.1.2\libgcc.a(_ge_df.o)
 .data          0x008114e0        0x0 i:/altera/nios2eds/bin/gnu/h-i686-mingw32/bin/../lib/gcc/nios2-elf/4.1.2\libgcc.a(_lt_df.o)
 .data          0x008114e0        0x0 i:/altera/nios2eds/bin/gnu/h-i686-mingw32/bin/../lib/gcc/nios2-elf/4.1.2\libgcc.a(_si_to_df.o)
 .data          0x008114e0        0x0 i:/altera/nios2eds/bin/gnu/h-i686-mingw32/bin/../lib/gcc/nios2-elf/4.1.2\libgcc.a(_df_to_si.o)
 .data          0x008114e0        0x0 i:/altera/nios2eds/bin/gnu/h-i686-mingw32/bin/../lib/gcc/nios2-elf/4.1.2\libgcc.a(_thenan_df.o)
 .data          0x008114e0        0x0 i:/altera/nios2eds/bin/gnu/h-i686-mingw32/bin/../lib/gcc/nios2-elf/4.1.2\libgcc.a(_usi_to_df.o)
 .data          0x008114e0        0x0 i:/altera/nios2eds/bin/gnu/h-i686-mingw32/bin/../lib/gcc/nios2-elf/4.1.2\libgcc.a(_clz.o)
 .data          0x008114e0        0x0 i:/altera/nios2eds/bin/gnu/h-i686-mingw32/bin/../lib/gcc/nios2-elf/4.1.2\libgcc.a(_clzsi2.o)
 .data          0x008114e0        0x0 i:/altera/nios2eds/bin/gnu/h-i686-mingw32/bin/../lib/gcc/nios2-elf/4.1.2\libgcc.a(_pack_df.o)
 .data          0x008114e0        0x0 i:/altera/nios2eds/bin/gnu/h-i686-mingw32/bin/../lib/gcc/nios2-elf/4.1.2\libgcc.a(_unpack_df.o)
 .data          0x008114e0        0x0 i:/altera/nios2eds/bin/gnu/h-i686-mingw32/bin/../lib/gcc/nios2-elf/4.1.2\libgcc.a(_fpcmp_parts_df.o)
 .data          0x008114e0        0x0 ../finalProject_bsp\libhal_bsp.a(alt_close.o)
 .data          0x008114e0      0x1a8 ../finalProject_bsp\libhal_bsp.a(alt_dev.o)
                0x008114e0                alt_dev_null
                0x00811508                alt_fd_list
 .data          0x00811688        0x0 ../finalProject_bsp\libhal_bsp.a(alt_errno.o)
 .data          0x00811688        0x0 ../finalProject_bsp\libhal_bsp.a(alt_fstat.o)
 .data          0x00811688        0x0 ../finalProject_bsp\libhal_bsp.a(alt_gettod.o)
 .data          0x00811688        0x0 ../finalProject_bsp\libhal_bsp.a(alt_isatty.o)
 .data          0x00811688        0x0 ../finalProject_bsp\libhal_bsp.a(alt_lseek.o)
 .data          0x00811688        0x0 ../finalProject_bsp\libhal_bsp.a(alt_main.o)
 .data          0x00811688        0x0 ../finalProject_bsp\libhal_bsp.a(alt_malloc_lock.o)
 .data          0x00811688        0x0 ../finalProject_bsp\libhal_bsp.a(alt_read.o)
 .data          0x00811688        0x0 ../finalProject_bsp\libhal_bsp.a(alt_release_fd.o)
 .data          0x00811688        0x0 ../finalProject_bsp\libhal_bsp.a(alt_sbrk.o)
 .data          0x00811688        0x0 ../finalProject_bsp\libhal_bsp.a(alt_tick.o)
 .data          0x00811688        0x0 ../finalProject_bsp\libhal_bsp.a(alt_usleep.o)
 .data          0x00811688        0x0 ../finalProject_bsp\libhal_bsp.a(alt_write.o)
 .data          0x00811688     0x120c ../finalProject_bsp\libhal_bsp.a(alt_sys_init.o)
 .data          0x00812894        0x0 ../finalProject_bsp\libhal_bsp.a(altera_avalon_cfi_flash.o)
 .data          0x00812894        0x0 ../finalProject_bsp\libhal_bsp.a(altera_avalon_cfi_flash_table.o)
 .data          0x00812894        0x0 ../finalProject_bsp\libhal_bsp.a(altera_avalon_jtag_uart_fd.o)
 .data          0x00812894        0x0 ../finalProject_bsp\libhal_bsp.a(altera_avalon_jtag_uart_init.o)
 .data          0x00812894        0x0 ../finalProject_bsp\libhal_bsp.a(altera_avalon_jtag_uart_ioctl.o)
 .data          0x00812894        0x0 ../finalProject_bsp\libhal_bsp.a(altera_avalon_jtag_uart_read.o)
 .data          0x00812894        0x0 ../finalProject_bsp\libhal_bsp.a(altera_avalon_jtag_uart_write.o)
 .data          0x00812894        0x0 ../finalProject_bsp\libhal_bsp.a(altera_avalon_timer_sc.o)
 .data          0x00812894        0x0 ../finalProject_bsp\libhal_bsp.a(altera_up_avalon_ps2.o)
 .data          0x00812894        0x0 ../finalProject_bsp\libhal_bsp.a(altera_up_avalon_video_character_buffer_with_dma.o)
 .data          0x00812894        0x0 ../finalProject_bsp\libhal_bsp.a(alt_alarm_start.o)
 .data          0x00812894        0x0 ../finalProject_bsp\libhal_bsp.a(alt_busy_sleep.o)
 .data          0x00812894        0x0 ../finalProject_bsp\libhal_bsp.a(alt_dcache_flush.o)
 .data          0x00812894        0x0 ../finalProject_bsp\libhal_bsp.a(alt_dev_llist_insert.o)
 .data          0x00812894        0x0 ../finalProject_bsp\libhal_bsp.a(alt_do_ctors.o)
 .data          0x00812894        0x0 ../finalProject_bsp\libhal_bsp.a(alt_do_dtors.o)
 .data          0x00812894        0x0 ../finalProject_bsp\libhal_bsp.a(alt_find_dev.o)
 .data          0x00812894        0x0 ../finalProject_bsp\libhal_bsp.a(alt_flash_dev.o)
 .data          0x00812894        0x0 ../finalProject_bsp\libhal_bsp.a(alt_io_redirect.o)
 .data          0x00812894        0x0 ../finalProject_bsp\libhal_bsp.a(alt_irq_register.o)
 .data          0x00812894        0x0 ../finalProject_bsp\libhal_bsp.a(alt_irq_vars.o)
 .data          0x00812894        0x0 ../finalProject_bsp\libhal_bsp.a(alt_open.o)
 .data          0x00812894        0x0 ../finalProject_bsp\libhal_bsp.a(altera_nios2_irq.o)
 .data          0x00812894        0x0 ../finalProject_bsp\libhal_bsp.a(altera_avalon_cfi_flash_amd.o)
 .data          0x00812894        0x0 ../finalProject_bsp\libhal_bsp.a(altera_avalon_cfi_flash_intel.o)
 .data          0x00812894        0x0 ../finalProject_bsp\libhal_bsp.a(alt_find_file.o)
 .data          0x00812894        0x0 ../finalProject_bsp\libhal_bsp.a(alt_get_fd.o)
 .data          0x00812894        0x0 ../finalProject_bsp\libhal_bsp.a(alt_irq_entry.o)
 .data          0x00812894        0x0 ../finalProject_bsp\libhal_bsp.a(alt_irq_handler.o)
 .data          0x00812894        0x0 ../finalProject_bsp\libhal_bsp.a(alt_exception_entry.o)
 .data          0x00812894        0x0 i:/altera/nios2eds/bin/gnu/h-i686-mingw32/bin/../lib/gcc/nios2-elf/4.1.2/../../../../nios2-elf/lib\libc.a(lib_a-atexit.o)
 .data          0x00812894        0x0 i:/altera/nios2eds/bin/gnu/h-i686-mingw32/bin/../lib/gcc/nios2-elf/4.1.2/../../../../nios2-elf/lib\libc.a(lib_a-exit.o)
 .data          0x00812894        0x0 i:/altera/nios2eds/bin/gnu/h-i686-mingw32/bin/../lib/gcc/nios2-elf/4.1.2/../../../../nios2-elf/lib\libc.a(lib_a-memcmp.o)
 .data          0x00812894        0x0 i:/altera/nios2eds/bin/gnu/h-i686-mingw32/bin/../lib/gcc/nios2-elf/4.1.2/../../../../nios2-elf/lib\libc.a(lib_a-__atexit.o)
 .data          0x00812894        0x0 i:/altera/nios2eds/bin/gnu/h-i686-mingw32/bin/../lib/gcc/nios2-elf/4.1.2/../../../../nios2-elf/lib\libc.a(lib_a-__call_atexit.o)
 .data          0x00812894        0x0 ../finalProject_bsp\libhal_bsp.a(alt_exit.o)
                0x0081a894                _gp = ABSOLUTE ((. + 0x8000))
                0x0081a894                PROVIDE (gp, _gp)
 *(.sdata .sdata.* .gnu.linkonce.s.*)
 .sdata         0x00812894        0x8 i:/altera/nios2eds/bin/gnu/h-i686-mingw32/bin/../lib/gcc/nios2-elf/4.1.2/../../../../nios2-elf/lib\libc.a(lib_a-impure.o)
                0x00812894                _impure_ptr
                0x00812898                _global_impure_ptr
 .sdata         0x0081289c        0x8 i:/altera/nios2eds/bin/gnu/h-i686-mingw32/bin/../lib/gcc/nios2-elf/4.1.2/../../../../nios2-elf/lib\libc.a(lib_a-locale.o)
                0x0081289c                __mb_cur_max
 .sdata         0x008128a4        0x8 i:/altera/nios2eds/bin/gnu/h-i686-mingw32/bin/../lib/gcc/nios2-elf/4.1.2/../../../../nios2-elf/lib\libc.a(lib_a-mallocr.o)
                0x008128a4                __malloc_trim_threshold
                0x008128a8                __malloc_sbrk_base
 .sdata         0x008128ac       0x14 ../finalProject_bsp\libhal_bsp.a(alt_dev.o)
                0x008128ac                alt_fs_list
                0x008128b4                alt_dev_list
                0x008128bc                alt_max_fd
 .sdata         0x008128c0        0x4 ../finalProject_bsp\libhal_bsp.a(alt_errno.o)
                0x008128c0                alt_errno
 .sdata         0x008128c4        0x4 ../finalProject_bsp\libhal_bsp.a(alt_sbrk.o)
 .sdata         0x008128c8        0x8 ../finalProject_bsp\libhal_bsp.a(alt_tick.o)
                0x008128c8                alt_alarm_list
 .sdata         0x008128d0        0x8 ../finalProject_bsp\libhal_bsp.a(alt_flash_dev.o)
                0x008128d0                alt_flash_dev_list
 .sdata         0x008128d8        0x4 ../finalProject_bsp\libhal_bsp.a(alt_irq_vars.o)
                0x008128d8                alt_priority_mask
 *(.sdata2 .sdata2.* .gnu.linkonce.s2.*)
                0x008128dc                . = ALIGN (0x4)
                0x008128dc                _edata = ABSOLUTE (.)
                0x008128dc                PROVIDE (edata, ABSOLUTE (.))
                0x008128dc                PROVIDE (__ram_rwdata_end, ABSOLUTE (.))
                0x00810ccc                PROVIDE (__flash_rwdata_start, LOADADDR (.rwdata))

.bss            0x008128dc      0x2fc
                0x008128dc                __bss_start = ABSOLUTE (.)
                0x008128dc                PROVIDE (__sbss_start, ABSOLUTE (.))
                0x008128dc                PROVIDE (___sbss_start, ABSOLUTE (.))
 *(.dynsbss)
 *(.sbss .sbss.* .gnu.linkonce.sb.*)
 .sbss          0x008128dc        0x4 i:/altera/nios2eds/bin/gnu/h-i686-mingw32/bin/../lib/gcc/nios2-elf/4.1.2/../../../../nios2-elf/lib\libc.a(lib_a-int_errno.o)
                0x008128dc                errno
 .sbss          0x008128e0        0xc i:/altera/nios2eds/bin/gnu/h-i686-mingw32/bin/../lib/gcc/nios2-elf/4.1.2/../../../../nios2-elf/lib\libc.a(lib_a-locale.o)
                0x008128e0                __nlocale_changed
                0x008128e4                __mlocale_changed
                0x008128e8                _PathLocale
 .sbss          0x008128ec        0xc i:/altera/nios2eds/bin/gnu/h-i686-mingw32/bin/../lib/gcc/nios2-elf/4.1.2/../../../../nios2-elf/lib\libc.a(lib_a-mallocr.o)
                0x008128ec                __malloc_top_pad
                0x008128f0                __malloc_max_sbrked_mem
                0x008128f4                __malloc_max_total_mem
 .sbss          0x008128f8       0x10 ../finalProject_bsp\libhal_bsp.a(alt_gettod.o)
                0x008128f8                alt_timezone
                0x00812900                alt_resettime
 .sbss          0x00812908        0xc ../finalProject_bsp\libhal_bsp.a(alt_main.o)
                0x00812908                alt_argc
                0x0081290c                alt_argv
                0x00812910                alt_envp
 .sbss          0x00812914        0x8 ../finalProject_bsp\libhal_bsp.a(alt_tick.o)
                0x00812914                _alt_tick_rate
                0x00812918                _alt_nticks
 .sbss          0x0081291c        0x4 ../finalProject_bsp\libhal_bsp.a(alt_irq_vars.o)
                0x0081291c                alt_irq_active
 *(.sbss2 .sbss2.* .gnu.linkonce.sb2.*)
 *(.scommon)
                0x00812920                PROVIDE (__sbss_end, ABSOLUTE (.))
                0x00812920                PROVIDE (___sbss_end, ABSOLUTE (.))
 *(.dynbss)
 *(.bss .bss.* .gnu.linkonce.b.*)
 .bss           0x00812920        0x0 ../finalProject_bsp/obj/HAL/src/crt0.o
 .bss           0x00812920        0x0 obj/main.o
 .bss           0x00812920        0x0 i:/altera/nios2eds/bin/gnu/h-i686-mingw32/bin/../lib/gcc/nios2-elf/4.1.2\libgcc.a(lib2-divmod.o)
 .bss           0x00812920        0x0 i:/altera/nios2eds/bin/gnu/h-i686-mingw32/bin/../lib/gcc/nios2-elf/4.1.2/../../../../nios2-elf/lib\libc.a(lib_a-printf.o)
 .bss           0x00812920        0x0 i:/altera/nios2eds/bin/gnu/h-i686-mingw32/bin/../lib/gcc/nios2-elf/4.1.2/../../../../nios2-elf/lib\libc.a(lib_a-putchar.o)
 .bss           0x00812920        0x0 i:/altera/nios2eds/bin/gnu/h-i686-mingw32/bin/../lib/gcc/nios2-elf/4.1.2/../../../../nios2-elf/lib\libc.a(lib_a-puts.o)
 .bss           0x00812920        0x0 i:/altera/nios2eds/bin/gnu/h-i686-mingw32/bin/../lib/gcc/nios2-elf/4.1.2/../../../../nios2-elf/lib\libc.a(lib_a-rand.o)
 .bss           0x00812920        0x0 i:/altera/nios2eds/bin/gnu/h-i686-mingw32/bin/../lib/gcc/nios2-elf/4.1.2/../../../../nios2-elf/lib\libc.a(lib_a-strlen.o)
 .bss           0x00812920        0x0 i:/altera/nios2eds/bin/gnu/h-i686-mingw32/bin/../lib/gcc/nios2-elf/4.1.2/../../../../nios2-elf/lib\libc.a(lib_a-time.o)
 .bss           0x00812920        0x0 i:/altera/nios2eds/bin/gnu/h-i686-mingw32/bin/../lib/gcc/nios2-elf/4.1.2/../../../../nios2-elf/lib\libc.a(lib_a-vfprintf.o)
 .bss           0x00812920        0x0 i:/altera/nios2eds/bin/gnu/h-i686-mingw32/bin/../lib/gcc/nios2-elf/4.1.2/../../../../nios2-elf/lib\libc.a(lib_a-wsetup.o)
 .bss           0x00812920        0x0 i:/altera/nios2eds/bin/gnu/h-i686-mingw32/bin/../lib/gcc/nios2-elf/4.1.2/../../../../nios2-elf/lib\libc.a(lib_a-dtoa.o)
 .bss           0x00812920        0x0 i:/altera/nios2eds/bin/gnu/h-i686-mingw32/bin/../lib/gcc/nios2-elf/4.1.2/../../../../nios2-elf/lib\libc.a(lib_a-fflush.o)
 .bss           0x00812920        0x0 i:/altera/nios2eds/bin/gnu/h-i686-mingw32/bin/../lib/gcc/nios2-elf/4.1.2/../../../../nios2-elf/lib\libc.a(lib_a-findfp.o)
 .bss           0x00812920        0x0 i:/altera/nios2eds/bin/gnu/h-i686-mingw32/bin/../lib/gcc/nios2-elf/4.1.2/../../../../nios2-elf/lib\libc.a(lib_a-freer.o)
 .bss           0x00812920        0x0 i:/altera/nios2eds/bin/gnu/h-i686-mingw32/bin/../lib/gcc/nios2-elf/4.1.2/../../../../nios2-elf/lib\libc.a(lib_a-fvwrite.o)
 .bss           0x00812920        0x0 i:/altera/nios2eds/bin/gnu/h-i686-mingw32/bin/../lib/gcc/nios2-elf/4.1.2/../../../../nios2-elf/lib\libc.a(lib_a-fwalk.o)
 .bss           0x00812920        0x0 i:/altera/nios2eds/bin/gnu/h-i686-mingw32/bin/../lib/gcc/nios2-elf/4.1.2/../../../../nios2-elf/lib\libc.a(lib_a-gettimeofdayr.o)
 .bss           0x00812920        0x0 i:/altera/nios2eds/bin/gnu/h-i686-mingw32/bin/../lib/gcc/nios2-elf/4.1.2/../../../../nios2-elf/lib\libc.a(lib_a-impure.o)
 .bss           0x00812920        0x0 i:/altera/nios2eds/bin/gnu/h-i686-mingw32/bin/../lib/gcc/nios2-elf/4.1.2/../../../../nios2-elf/lib\libc.a(lib_a-int_errno.o)
 .bss           0x00812920        0x0 i:/altera/nios2eds/bin/gnu/h-i686-mingw32/bin/../lib/gcc/nios2-elf/4.1.2/../../../../nios2-elf/lib\libc.a(lib_a-locale.o)
 .bss           0x00812920        0x0 i:/altera/nios2eds/bin/gnu/h-i686-mingw32/bin/../lib/gcc/nios2-elf/4.1.2/../../../../nios2-elf/lib\libc.a(lib_a-makebuf.o)
 .bss           0x00812920       0x28 i:/altera/nios2eds/bin/gnu/h-i686-mingw32/bin/../lib/gcc/nios2-elf/4.1.2/../../../../nios2-elf/lib\libc.a(lib_a-mallocr.o)
                0x00812920                __malloc_current_mallinfo
 .bss           0x00812948        0x0 i:/altera/nios2eds/bin/gnu/h-i686-mingw32/bin/../lib/gcc/nios2-elf/4.1.2/../../../../nios2-elf/lib\libc.a(lib_a-memchr.o)
 .bss           0x00812948        0x0 i:/altera/nios2eds/bin/gnu/h-i686-mingw32/bin/../lib/gcc/nios2-elf/4.1.2/../../../../nios2-elf/lib\libc.a(lib_a-memcpy.o)
 .bss           0x00812948        0x0 i:/altera/nios2eds/bin/gnu/h-i686-mingw32/bin/../lib/gcc/nios2-elf/4.1.2/../../../../nios2-elf/lib\libc.a(lib_a-memmove.o)
 .bss           0x00812948        0x0 i:/altera/nios2eds/bin/gnu/h-i686-mingw32/bin/../lib/gcc/nios2-elf/4.1.2/../../../../nios2-elf/lib\libc.a(lib_a-memset.o)
 .bss           0x00812948        0x0 i:/altera/nios2eds/bin/gnu/h-i686-mingw32/bin/../lib/gcc/nios2-elf/4.1.2/../../../../nios2-elf/lib\libc.a(lib_a-mprec.o)
 .bss           0x00812948        0x0 i:/altera/nios2eds/bin/gnu/h-i686-mingw32/bin/../lib/gcc/nios2-elf/4.1.2/../../../../nios2-elf/lib\libc.a(lib_a-putc.o)
 .bss           0x00812948        0x0 i:/altera/nios2eds/bin/gnu/h-i686-mingw32/bin/../lib/gcc/nios2-elf/4.1.2/../../../../nios2-elf/lib\libc.a(lib_a-reallocr.o)
 .bss           0x00812948        0x0 i:/altera/nios2eds/bin/gnu/h-i686-mingw32/bin/../lib/gcc/nios2-elf/4.1.2/../../../../nios2-elf/lib\libc.a(lib_a-s_isinfd.o)
 .bss           0x00812948        0x0 i:/altera/nios2eds/bin/gnu/h-i686-mingw32/bin/../lib/gcc/nios2-elf/4.1.2/../../../../nios2-elf/lib\libc.a(lib_a-s_isnand.o)
 .bss           0x00812948        0x0 i:/altera/nios2eds/bin/gnu/h-i686-mingw32/bin/../lib/gcc/nios2-elf/4.1.2/../../../../nios2-elf/lib\libc.a(lib_a-sbrkr.o)
 .bss           0x00812948        0x0 i:/altera/nios2eds/bin/gnu/h-i686-mingw32/bin/../lib/gcc/nios2-elf/4.1.2/../../../../nios2-elf/lib\libc.a(lib_a-stdio.o)
 .bss           0x00812948        0x0 i:/altera/nios2eds/bin/gnu/h-i686-mingw32/bin/../lib/gcc/nios2-elf/4.1.2/../../../../nios2-elf/lib\libc.a(lib_a-strcmp.o)
 .bss           0x00812948        0x0 i:/altera/nios2eds/bin/gnu/h-i686-mingw32/bin/../lib/gcc/nios2-elf/4.1.2/../../../../nios2-elf/lib\libc.a(lib_a-wbuf.o)
 .bss           0x00812948        0x0 i:/altera/nios2eds/bin/gnu/h-i686-mingw32/bin/../lib/gcc/nios2-elf/4.1.2/../../../../nios2-elf/lib\libc.a(lib_a-writer.o)
 .bss           0x00812948        0x0 i:/altera/nios2eds/bin/gnu/h-i686-mingw32/bin/../lib/gcc/nios2-elf/4.1.2/../../../../nios2-elf/lib\libc.a(lib_a-callocr.o)
 .bss           0x00812948        0x0 i:/altera/nios2eds/bin/gnu/h-i686-mingw32/bin/../lib/gcc/nios2-elf/4.1.2/../../../../nios2-elf/lib\libc.a(lib_a-closer.o)
 .bss           0x00812948        0x0 i:/altera/nios2eds/bin/gnu/h-i686-mingw32/bin/../lib/gcc/nios2-elf/4.1.2/../../../../nios2-elf/lib\libc.a(lib_a-fclose.o)
 .bss           0x00812948        0x0 i:/altera/nios2eds/bin/gnu/h-i686-mingw32/bin/../lib/gcc/nios2-elf/4.1.2/../../../../nios2-elf/lib\libc.a(lib_a-fstatr.o)
 .bss           0x00812948        0x0 i:/altera/nios2eds/bin/gnu/h-i686-mingw32/bin/../lib/gcc/nios2-elf/4.1.2/../../../../nios2-elf/lib\libc.a(lib_a-isattyr.o)
 .bss           0x00812948        0x0 i:/altera/nios2eds/bin/gnu/h-i686-mingw32/bin/../lib/gcc/nios2-elf/4.1.2/../../../../nios2-elf/lib\libc.a(lib_a-lseekr.o)
 .bss           0x00812948        0x0 i:/altera/nios2eds/bin/gnu/h-i686-mingw32/bin/../lib/gcc/nios2-elf/4.1.2/../../../../nios2-elf/lib\libc.a(lib_a-readr.o)
 .bss           0x00812948        0x0 i:/altera/nios2eds/bin/gnu/h-i686-mingw32/bin/../lib/gcc/nios2-elf/4.1.2\libgcc.a(_muldi3.o)
 .bss           0x00812948        0x0 i:/altera/nios2eds/bin/gnu/h-i686-mingw32/bin/../lib/gcc/nios2-elf/4.1.2\libgcc.a(_udivdi3.o)
 .bss           0x00812948        0x0 i:/altera/nios2eds/bin/gnu/h-i686-mingw32/bin/../lib/gcc/nios2-elf/4.1.2\libgcc.a(_umoddi3.o)
 .bss           0x00812948        0x0 i:/altera/nios2eds/bin/gnu/h-i686-mingw32/bin/../lib/gcc/nios2-elf/4.1.2\libgcc.a(_addsub_df.o)
 .bss           0x00812948        0x0 i:/altera/nios2eds/bin/gnu/h-i686-mingw32/bin/../lib/gcc/nios2-elf/4.1.2\libgcc.a(_mul_df.o)
 .bss           0x00812948        0x0 i:/altera/nios2eds/bin/gnu/h-i686-mingw32/bin/../lib/gcc/nios2-elf/4.1.2\libgcc.a(_div_df.o)
 .bss           0x00812948        0x0 i:/altera/nios2eds/bin/gnu/h-i686-mingw32/bin/../lib/gcc/nios2-elf/4.1.2\libgcc.a(_eq_df.o)
 .bss           0x00812948        0x0 i:/altera/nios2eds/bin/gnu/h-i686-mingw32/bin/../lib/gcc/nios2-elf/4.1.2\libgcc.a(_ne_df.o)
 .bss           0x00812948        0x0 i:/altera/nios2eds/bin/gnu/h-i686-mingw32/bin/../lib/gcc/nios2-elf/4.1.2\libgcc.a(_gt_df.o)
 .bss           0x00812948        0x0 i:/altera/nios2eds/bin/gnu/h-i686-mingw32/bin/../lib/gcc/nios2-elf/4.1.2\libgcc.a(_ge_df.o)
 .bss           0x00812948        0x0 i:/altera/nios2eds/bin/gnu/h-i686-mingw32/bin/../lib/gcc/nios2-elf/4.1.2\libgcc.a(_lt_df.o)
 .bss           0x00812948        0x0 i:/altera/nios2eds/bin/gnu/h-i686-mingw32/bin/../lib/gcc/nios2-elf/4.1.2\libgcc.a(_si_to_df.o)
 .bss           0x00812948        0x0 i:/altera/nios2eds/bin/gnu/h-i686-mingw32/bin/../lib/gcc/nios2-elf/4.1.2\libgcc.a(_df_to_si.o)
 .bss           0x00812948        0x0 i:/altera/nios2eds/bin/gnu/h-i686-mingw32/bin/../lib/gcc/nios2-elf/4.1.2\libgcc.a(_thenan_df.o)
 .bss           0x00812948        0x0 i:/altera/nios2eds/bin/gnu/h-i686-mingw32/bin/../lib/gcc/nios2-elf/4.1.2\libgcc.a(_usi_to_df.o)
 .bss           0x00812948        0x0 i:/altera/nios2eds/bin/gnu/h-i686-mingw32/bin/../lib/gcc/nios2-elf/4.1.2\libgcc.a(_clz.o)
 .bss           0x00812948        0x0 i:/altera/nios2eds/bin/gnu/h-i686-mingw32/bin/../lib/gcc/nios2-elf/4.1.2\libgcc.a(_clzsi2.o)
 .bss           0x00812948        0x0 i:/altera/nios2eds/bin/gnu/h-i686-mingw32/bin/../lib/gcc/nios2-elf/4.1.2\libgcc.a(_pack_df.o)
 .bss           0x00812948        0x0 i:/altera/nios2eds/bin/gnu/h-i686-mingw32/bin/../lib/gcc/nios2-elf/4.1.2\libgcc.a(_unpack_df.o)
 .bss           0x00812948        0x0 i:/altera/nios2eds/bin/gnu/h-i686-mingw32/bin/../lib/gcc/nios2-elf/4.1.2\libgcc.a(_fpcmp_parts_df.o)
 .bss           0x00812948        0x0 ../finalProject_bsp\libhal_bsp.a(alt_close.o)
 .bss           0x00812948        0x0 ../finalProject_bsp\libhal_bsp.a(alt_dev.o)
 .bss           0x00812948        0x0 ../finalProject_bsp\libhal_bsp.a(alt_errno.o)
 .bss           0x00812948        0x0 ../finalProject_bsp\libhal_bsp.a(alt_fstat.o)
 .bss           0x00812948        0x0 ../finalProject_bsp\libhal_bsp.a(alt_gettod.o)
 .bss           0x00812948        0x0 ../finalProject_bsp\libhal_bsp.a(alt_isatty.o)
 .bss           0x00812948        0x0 ../finalProject_bsp\libhal_bsp.a(alt_lseek.o)
 .bss           0x00812948        0x0 ../finalProject_bsp\libhal_bsp.a(alt_main.o)
 .bss           0x00812948        0x0 ../finalProject_bsp\libhal_bsp.a(alt_malloc_lock.o)
 .bss           0x00812948        0x0 ../finalProject_bsp\libhal_bsp.a(alt_read.o)
 .bss           0x00812948        0x0 ../finalProject_bsp\libhal_bsp.a(alt_release_fd.o)
 .bss           0x00812948        0x0 ../finalProject_bsp\libhal_bsp.a(alt_sbrk.o)
 .bss           0x00812948        0x0 ../finalProject_bsp\libhal_bsp.a(alt_tick.o)
 .bss           0x00812948        0x0 ../finalProject_bsp\libhal_bsp.a(alt_usleep.o)
 .bss           0x00812948        0x0 ../finalProject_bsp\libhal_bsp.a(alt_write.o)
 .bss           0x00812948        0x0 ../finalProject_bsp\libhal_bsp.a(alt_sys_init.o)
 .bss           0x00812948        0x0 ../finalProject_bsp\libhal_bsp.a(altera_avalon_cfi_flash.o)
 .bss           0x00812948        0x0 ../finalProject_bsp\libhal_bsp.a(altera_avalon_cfi_flash_table.o)
 .bss           0x00812948        0x0 ../finalProject_bsp\libhal_bsp.a(altera_avalon_jtag_uart_fd.o)
 .bss           0x00812948        0x0 ../finalProject_bsp\libhal_bsp.a(altera_avalon_jtag_uart_init.o)
 .bss           0x00812948        0x0 ../finalProject_bsp\libhal_bsp.a(altera_avalon_jtag_uart_ioctl.o)
 .bss           0x00812948        0x0 ../finalProject_bsp\libhal_bsp.a(altera_avalon_jtag_uart_read.o)
 .bss           0x00812948        0x0 ../finalProject_bsp\libhal_bsp.a(altera_avalon_jtag_uart_write.o)
 .bss           0x00812948        0x0 ../finalProject_bsp\libhal_bsp.a(altera_avalon_timer_sc.o)
 .bss           0x00812948        0x0 ../finalProject_bsp\libhal_bsp.a(altera_up_avalon_ps2.o)
 .bss           0x00812948        0x0 ../finalProject_bsp\libhal_bsp.a(altera_up_avalon_video_character_buffer_with_dma.o)
 .bss           0x00812948        0x0 ../finalProject_bsp\libhal_bsp.a(alt_alarm_start.o)
 .bss           0x00812948        0x0 ../finalProject_bsp\libhal_bsp.a(alt_busy_sleep.o)
 .bss           0x00812948        0x0 ../finalProject_bsp\libhal_bsp.a(alt_dcache_flush.o)
 .bss           0x00812948        0x0 ../finalProject_bsp\libhal_bsp.a(alt_dev_llist_insert.o)
 .bss           0x00812948        0x0 ../finalProject_bsp\libhal_bsp.a(alt_do_ctors.o)
 .bss           0x00812948        0x0 ../finalProject_bsp\libhal_bsp.a(alt_do_dtors.o)
 .bss           0x00812948        0x0 ../finalProject_bsp\libhal_bsp.a(alt_find_dev.o)
 .bss           0x00812948        0x0 ../finalProject_bsp\libhal_bsp.a(alt_flash_dev.o)
 .bss           0x00812948        0x0 ../finalProject_bsp\libhal_bsp.a(alt_io_redirect.o)
 .bss           0x00812948        0x0 ../finalProject_bsp\libhal_bsp.a(alt_irq_register.o)
 .bss           0x00812948        0x0 ../finalProject_bsp\libhal_bsp.a(alt_irq_vars.o)
 .bss           0x00812948        0x0 ../finalProject_bsp\libhal_bsp.a(alt_open.o)
 .bss           0x00812948        0x0 ../finalProject_bsp\libhal_bsp.a(altera_nios2_irq.o)
 .bss           0x00812948        0x0 ../finalProject_bsp\libhal_bsp.a(altera_avalon_cfi_flash_amd.o)
 .bss           0x00812948        0x0 ../finalProject_bsp\libhal_bsp.a(altera_avalon_cfi_flash_intel.o)
 .bss           0x00812948        0x0 ../finalProject_bsp\libhal_bsp.a(alt_find_file.o)
 .bss           0x00812948        0x0 ../finalProject_bsp\libhal_bsp.a(alt_get_fd.o)
 .bss           0x00812948        0x0 ../finalProject_bsp\libhal_bsp.a(alt_irq_entry.o)
 .bss           0x00812948        0x0 ../finalProject_bsp\libhal_bsp.a(alt_irq_handler.o)
 .bss           0x00812948        0x0 ../finalProject_bsp\libhal_bsp.a(alt_exception_entry.o)
 .bss           0x00812948        0x0 i:/altera/nios2eds/bin/gnu/h-i686-mingw32/bin/../lib/gcc/nios2-elf/4.1.2/../../../../nios2-elf/lib\libc.a(lib_a-atexit.o)
 .bss           0x00812948        0x0 i:/altera/nios2eds/bin/gnu/h-i686-mingw32/bin/../lib/gcc/nios2-elf/4.1.2/../../../../nios2-elf/lib\libc.a(lib_a-exit.o)
 .bss           0x00812948        0x0 i:/altera/nios2eds/bin/gnu/h-i686-mingw32/bin/../lib/gcc/nios2-elf/4.1.2/../../../../nios2-elf/lib\libc.a(lib_a-memcmp.o)
 .bss           0x00812948        0x0 i:/altera/nios2eds/bin/gnu/h-i686-mingw32/bin/../lib/gcc/nios2-elf/4.1.2/../../../../nios2-elf/lib\libc.a(lib_a-__atexit.o)
 .bss           0x00812948        0x0 i:/altera/nios2eds/bin/gnu/h-i686-mingw32/bin/../lib/gcc/nios2-elf/4.1.2/../../../../nios2-elf/lib\libc.a(lib_a-__call_atexit.o)
 .bss           0x00812948        0x0 ../finalProject_bsp\libhal_bsp.a(alt_exit.o)
 *(COMMON)
 COMMON         0x00812948      0x100 ../finalProject_bsp\libhal_bsp.a(alt_irq_handler.o)
                0x00812948                alt_irq
 COMMON         0x00812a48      0x190 i:/altera/nios2eds/bin/gnu/h-i686-mingw32/bin/../lib/gcc/nios2-elf/4.1.2/../../../../nios2-elf/lib\libc.a(lib_a-atexit.o)
                0x00812a48                _atexit0
                0x00812bd8                . = ALIGN (0x4)
                0x00812bd8                __bss_end = ABSOLUTE (.)

.sdram          0x00812bd8        0x0
                0x00812bd8                PROVIDE (_alt_partition_sdram_start, ABSOLUTE (.))
 *(.sdram. sdram.*)
                0x00812bd8                . = ALIGN (0x4)
                0x00812bd8                PROVIDE (_alt_partition_sdram_end, ABSOLUTE (.))
                0x00812bd8                _end = ABSOLUTE (.)
                0x00812bd8                end = ABSOLUTE (.)
                0x00812bd8                __alt_stack_base = ABSOLUTE (.)
                0x00812bd8                PROVIDE (_alt_partition_sdram_load_addr, LOADADDR (.sdram))

.cfi_flash      0x01400020        0x0
                0x01400020                PROVIDE (_alt_partition_cfi_flash_start, ABSOLUTE (.))
 *(.cfi_flash. cfi_flash.*)
                0x01400020                . = ALIGN (0x4)
                0x01400020                PROVIDE (_alt_partition_cfi_flash_end, ABSOLUTE (.))
                0x01400020                PROVIDE (_alt_partition_cfi_flash_load_addr, LOADADDR (.cfi_flash))

.onchip_memory  0x01800000        0x0
                0x01800000                PROVIDE (_alt_partition_onchip_memory_start, ABSOLUTE (.))
 *(.onchip_memory. onchip_memory.*)
                0x01800000                . = ALIGN (0x4)
                0x01800000                PROVIDE (_alt_partition_onchip_memory_end, ABSOLUTE (.))
                0x01800000                PROVIDE (_alt_partition_onchip_memory_load_addr, LOADADDR (.onchip_memory))

.stab
 *(.stab)

.stabstr
 *(.stabstr)

.stab.excl
 *(.stab.excl)

.stab.exclstr
 *(.stab.exclstr)

.stab.index
 *(.stab.index)

.stab.indexstr
 *(.stab.indexstr)

.comment        0x00000000       0x23
 *(.comment)
 .comment       0x00000000       0x23 obj/main.o
                                 0x24 (size before relaxing)
 .comment       0x00000000       0x24 i:/altera/nios2eds/bin/gnu/h-i686-mingw32/bin/../lib/gcc/nios2-elf/4.1.2\libgcc.a(lib2-divmod.o)
 .comment       0x00000000       0x24 i:/altera/nios2eds/bin/gnu/h-i686-mingw32/bin/../lib/gcc/nios2-elf/4.1.2/../../../../nios2-elf/lib\libc.a(lib_a-printf.o)
 .comment       0x00000000       0x24 i:/altera/nios2eds/bin/gnu/h-i686-mingw32/bin/../lib/gcc/nios2-elf/4.1.2/../../../../nios2-elf/lib\libc.a(lib_a-putchar.o)
 .comment       0x00000000       0x24 i:/altera/nios2eds/bin/gnu/h-i686-mingw32/bin/../lib/gcc/nios2-elf/4.1.2/../../../../nios2-elf/lib\libc.a(lib_a-puts.o)
 .comment       0x00000000       0x24 i:/altera/nios2eds/bin/gnu/h-i686-mingw32/bin/../lib/gcc/nios2-elf/4.1.2/../../../../nios2-elf/lib\libc.a(lib_a-rand.o)
 .comment       0x00000000       0x24 i:/altera/nios2eds/bin/gnu/h-i686-mingw32/bin/../lib/gcc/nios2-elf/4.1.2/../../../../nios2-elf/lib\libc.a(lib_a-strlen.o)
 .comment       0x00000000       0x24 i:/altera/nios2eds/bin/gnu/h-i686-mingw32/bin/../lib/gcc/nios2-elf/4.1.2/../../../../nios2-elf/lib\libc.a(lib_a-time.o)
 .comment       0x00000000       0x24 i:/altera/nios2eds/bin/gnu/h-i686-mingw32/bin/../lib/gcc/nios2-elf/4.1.2/../../../../nios2-elf/lib\libc.a(lib_a-vfprintf.o)
 .comment       0x00000000       0x24 i:/altera/nios2eds/bin/gnu/h-i686-mingw32/bin/../lib/gcc/nios2-elf/4.1.2/../../../../nios2-elf/lib\libc.a(lib_a-wsetup.o)
 .comment       0x00000000       0x24 i:/altera/nios2eds/bin/gnu/h-i686-mingw32/bin/../lib/gcc/nios2-elf/4.1.2/../../../../nios2-elf/lib\libc.a(lib_a-dtoa.o)
 .comment       0x00000000       0x24 i:/altera/nios2eds/bin/gnu/h-i686-mingw32/bin/../lib/gcc/nios2-elf/4.1.2/../../../../nios2-elf/lib\libc.a(lib_a-fflush.o)
 .comment       0x00000000       0x24 i:/altera/nios2eds/bin/gnu/h-i686-mingw32/bin/../lib/gcc/nios2-elf/4.1.2/../../../../nios2-elf/lib\libc.a(lib_a-findfp.o)
 .comment       0x00000000       0x24 i:/altera/nios2eds/bin/gnu/h-i686-mingw32/bin/../lib/gcc/nios2-elf/4.1.2/../../../../nios2-elf/lib\libc.a(lib_a-freer.o)
 .comment       0x00000000       0x24 i:/altera/nios2eds/bin/gnu/h-i686-mingw32/bin/../lib/gcc/nios2-elf/4.1.2/../../../../nios2-elf/lib\libc.a(lib_a-fvwrite.o)
 .comment       0x00000000       0x24 i:/altera/nios2eds/bin/gnu/h-i686-mingw32/bin/../lib/gcc/nios2-elf/4.1.2/../../../../nios2-elf/lib\libc.a(lib_a-fwalk.o)
 .comment       0x00000000       0x24 i:/altera/nios2eds/bin/gnu/h-i686-mingw32/bin/../lib/gcc/nios2-elf/4.1.2/../../../../nios2-elf/lib\libc.a(lib_a-gettimeofdayr.o)
 .comment       0x00000000       0x24 i:/altera/nios2eds/bin/gnu/h-i686-mingw32/bin/../lib/gcc/nios2-elf/4.1.2/../../../../nios2-elf/lib\libc.a(lib_a-impure.o)
 .comment       0x00000000       0x24 i:/altera/nios2eds/bin/gnu/h-i686-mingw32/bin/../lib/gcc/nios2-elf/4.1.2/../../../../nios2-elf/lib\libc.a(lib_a-int_errno.o)
 .comment       0x00000000       0x24 i:/altera/nios2eds/bin/gnu/h-i686-mingw32/bin/../lib/gcc/nios2-elf/4.1.2/../../../../nios2-elf/lib\libc.a(lib_a-locale.o)
 .comment       0x00000000       0x24 i:/altera/nios2eds/bin/gnu/h-i686-mingw32/bin/../lib/gcc/nios2-elf/4.1.2/../../../../nios2-elf/lib\libc.a(lib_a-makebuf.o)
 .comment       0x00000000       0x24 i:/altera/nios2eds/bin/gnu/h-i686-mingw32/bin/../lib/gcc/nios2-elf/4.1.2/../../../../nios2-elf/lib\libc.a(lib_a-mallocr.o)
 .comment       0x00000000       0x24 i:/altera/nios2eds/bin/gnu/h-i686-mingw32/bin/../lib/gcc/nios2-elf/4.1.2/../../../../nios2-elf/lib\libc.a(lib_a-memchr.o)
 .comment       0x00000000       0x24 i:/altera/nios2eds/bin/gnu/h-i686-mingw32/bin/../lib/gcc/nios2-elf/4.1.2/../../../../nios2-elf/lib\libc.a(lib_a-memcpy.o)
 .comment       0x00000000       0x24 i:/altera/nios2eds/bin/gnu/h-i686-mingw32/bin/../lib/gcc/nios2-elf/4.1.2/../../../../nios2-elf/lib\libc.a(lib_a-memmove.o)
 .comment       0x00000000       0x24 i:/altera/nios2eds/bin/gnu/h-i686-mingw32/bin/../lib/gcc/nios2-elf/4.1.2/../../../../nios2-elf/lib\libc.a(lib_a-memset.o)
 .comment       0x00000000       0x24 i:/altera/nios2eds/bin/gnu/h-i686-mingw32/bin/../lib/gcc/nios2-elf/4.1.2/../../../../nios2-elf/lib\libc.a(lib_a-mprec.o)
 .comment       0x00000000       0x24 i:/altera/nios2eds/bin/gnu/h-i686-mingw32/bin/../lib/gcc/nios2-elf/4.1.2/../../../../nios2-elf/lib\libc.a(lib_a-putc.o)
 .comment       0x00000000       0x24 i:/altera/nios2eds/bin/gnu/h-i686-mingw32/bin/../lib/gcc/nios2-elf/4.1.2/../../../../nios2-elf/lib\libc.a(lib_a-reallocr.o)
 .comment       0x00000000       0x24 i:/altera/nios2eds/bin/gnu/h-i686-mingw32/bin/../lib/gcc/nios2-elf/4.1.2/../../../../nios2-elf/lib\libc.a(lib_a-s_isinfd.o)
 .comment       0x00000000       0x24 i:/altera/nios2eds/bin/gnu/h-i686-mingw32/bin/../lib/gcc/nios2-elf/4.1.2/../../../../nios2-elf/lib\libc.a(lib_a-s_isnand.o)
 .comment       0x00000000       0x24 i:/altera/nios2eds/bin/gnu/h-i686-mingw32/bin/../lib/gcc/nios2-elf/4.1.2/../../../../nios2-elf/lib\libc.a(lib_a-sbrkr.o)
 .comment       0x00000000       0x24 i:/altera/nios2eds/bin/gnu/h-i686-mingw32/bin/../lib/gcc/nios2-elf/4.1.2/../../../../nios2-elf/lib\libc.a(lib_a-stdio.o)
 .comment       0x00000000       0x24 i:/altera/nios2eds/bin/gnu/h-i686-mingw32/bin/../lib/gcc/nios2-elf/4.1.2/../../../../nios2-elf/lib\libc.a(lib_a-strcmp.o)
 .comment       0x00000000       0x24 i:/altera/nios2eds/bin/gnu/h-i686-mingw32/bin/../lib/gcc/nios2-elf/4.1.2/../../../../nios2-elf/lib\libc.a(lib_a-wbuf.o)
 .comment       0x00000000       0x24 i:/altera/nios2eds/bin/gnu/h-i686-mingw32/bin/../lib/gcc/nios2-elf/4.1.2/../../../../nios2-elf/lib\libc.a(lib_a-writer.o)
 .comment       0x00000000       0x24 i:/altera/nios2eds/bin/gnu/h-i686-mingw32/bin/../lib/gcc/nios2-elf/4.1.2/../../../../nios2-elf/lib\libc.a(lib_a-callocr.o)
 .comment       0x00000000       0x24 i:/altera/nios2eds/bin/gnu/h-i686-mingw32/bin/../lib/gcc/nios2-elf/4.1.2/../../../../nios2-elf/lib\libc.a(lib_a-closer.o)
 .comment       0x00000000       0x24 i:/altera/nios2eds/bin/gnu/h-i686-mingw32/bin/../lib/gcc/nios2-elf/4.1.2/../../../../nios2-elf/lib\libc.a(lib_a-fclose.o)
 .comment       0x00000000       0x24 i:/altera/nios2eds/bin/gnu/h-i686-mingw32/bin/../lib/gcc/nios2-elf/4.1.2/../../../../nios2-elf/lib\libc.a(lib_a-fstatr.o)
 .comment       0x00000000       0x24 i:/altera/nios2eds/bin/gnu/h-i686-mingw32/bin/../lib/gcc/nios2-elf/4.1.2/../../../../nios2-elf/lib\libc.a(lib_a-isattyr.o)
 .comment       0x00000000       0x24 i:/altera/nios2eds/bin/gnu/h-i686-mingw32/bin/../lib/gcc/nios2-elf/4.1.2/../../../../nios2-elf/lib\libc.a(lib_a-lseekr.o)
 .comment       0x00000000       0x24 i:/altera/nios2eds/bin/gnu/h-i686-mingw32/bin/../lib/gcc/nios2-elf/4.1.2/../../../../nios2-elf/lib\libc.a(lib_a-readr.o)
 .comment       0x00000000       0x24 i:/altera/nios2eds/bin/gnu/h-i686-mingw32/bin/../lib/gcc/nios2-elf/4.1.2\libgcc.a(_muldi3.o)
 .comment       0x00000000       0x24 i:/altera/nios2eds/bin/gnu/h-i686-mingw32/bin/../lib/gcc/nios2-elf/4.1.2\libgcc.a(_udivdi3.o)
 .comment       0x00000000       0x24 i:/altera/nios2eds/bin/gnu/h-i686-mingw32/bin/../lib/gcc/nios2-elf/4.1.2\libgcc.a(_umoddi3.o)
 .comment       0x00000000       0x24 i:/altera/nios2eds/bin/gnu/h-i686-mingw32/bin/../lib/gcc/nios2-elf/4.1.2\libgcc.a(_addsub_df.o)
 .comment       0x00000000       0x24 i:/altera/nios2eds/bin/gnu/h-i686-mingw32/bin/../lib/gcc/nios2-elf/4.1.2\libgcc.a(_mul_df.o)
 .comment       0x00000000       0x24 i:/altera/nios2eds/bin/gnu/h-i686-mingw32/bin/../lib/gcc/nios2-elf/4.1.2\libgcc.a(_div_df.o)
 .comment       0x00000000       0x24 i:/altera/nios2eds/bin/gnu/h-i686-mingw32/bin/../lib/gcc/nios2-elf/4.1.2\libgcc.a(_eq_df.o)
 .comment       0x00000000       0x24 i:/altera/nios2eds/bin/gnu/h-i686-mingw32/bin/../lib/gcc/nios2-elf/4.1.2\libgcc.a(_ne_df.o)
 .comment       0x00000000       0x24 i:/altera/nios2eds/bin/gnu/h-i686-mingw32/bin/../lib/gcc/nios2-elf/4.1.2\libgcc.a(_gt_df.o)
 .comment       0x00000000       0x24 i:/altera/nios2eds/bin/gnu/h-i686-mingw32/bin/../lib/gcc/nios2-elf/4.1.2\libgcc.a(_ge_df.o)
 .comment       0x00000000       0x24 i:/altera/nios2eds/bin/gnu/h-i686-mingw32/bin/../lib/gcc/nios2-elf/4.1.2\libgcc.a(_lt_df.o)
 .comment       0x00000000       0x24 i:/altera/nios2eds/bin/gnu/h-i686-mingw32/bin/../lib/gcc/nios2-elf/4.1.2\libgcc.a(_si_to_df.o)
 .comment       0x00000000       0x24 i:/altera/nios2eds/bin/gnu/h-i686-mingw32/bin/../lib/gcc/nios2-elf/4.1.2\libgcc.a(_df_to_si.o)
 .comment       0x00000000       0x24 i:/altera/nios2eds/bin/gnu/h-i686-mingw32/bin/../lib/gcc/nios2-elf/4.1.2\libgcc.a(_thenan_df.o)
 .comment       0x00000000       0x24 i:/altera/nios2eds/bin/gnu/h-i686-mingw32/bin/../lib/gcc/nios2-elf/4.1.2\libgcc.a(_usi_to_df.o)
 .comment       0x00000000       0x24 i:/altera/nios2eds/bin/gnu/h-i686-mingw32/bin/../lib/gcc/nios2-elf/4.1.2\libgcc.a(_clz.o)
 .comment       0x00000000       0x24 i:/altera/nios2eds/bin/gnu/h-i686-mingw32/bin/../lib/gcc/nios2-elf/4.1.2\libgcc.a(_clzsi2.o)
 .comment       0x00000000       0x24 i:/altera/nios2eds/bin/gnu/h-i686-mingw32/bin/../lib/gcc/nios2-elf/4.1.2\libgcc.a(_pack_df.o)
 .comment       0x00000000       0x24 i:/altera/nios2eds/bin/gnu/h-i686-mingw32/bin/../lib/gcc/nios2-elf/4.1.2\libgcc.a(_unpack_df.o)
 .comment       0x00000000       0x24 i:/altera/nios2eds/bin/gnu/h-i686-mingw32/bin/../lib/gcc/nios2-elf/4.1.2\libgcc.a(_fpcmp_parts_df.o)
 .comment       0x00000000       0x24 ../finalProject_bsp\libhal_bsp.a(alt_close.o)
 .comment       0x00000000       0x24 ../finalProject_bsp\libhal_bsp.a(alt_dev.o)
 .comment       0x00000000       0x24 ../finalProject_bsp\libhal_bsp.a(alt_errno.o)
 .comment       0x00000000       0x24 ../finalProject_bsp\libhal_bsp.a(alt_fstat.o)
 .comment       0x00000000       0x24 ../finalProject_bsp\libhal_bsp.a(alt_gettod.o)
 .comment       0x00000000       0x24 ../finalProject_bsp\libhal_bsp.a(alt_isatty.o)
 .comment       0x00000000       0x24 ../finalProject_bsp\libhal_bsp.a(alt_lseek.o)
 .comment       0x00000000       0x24 ../finalProject_bsp\libhal_bsp.a(alt_main.o)
 .comment       0x00000000       0x24 ../finalProject_bsp\libhal_bsp.a(alt_malloc_lock.o)
 .comment       0x00000000       0x24 ../finalProject_bsp\libhal_bsp.a(alt_read.o)
 .comment       0x00000000       0x24 ../finalProject_bsp\libhal_bsp.a(alt_release_fd.o)
 .comment       0x00000000       0x24 ../finalProject_bsp\libhal_bsp.a(alt_sbrk.o)
 .comment       0x00000000       0x24 ../finalProject_bsp\libhal_bsp.a(alt_tick.o)
 .comment       0x00000000       0x24 ../finalProject_bsp\libhal_bsp.a(alt_usleep.o)
 .comment       0x00000000       0x24 ../finalProject_bsp\libhal_bsp.a(alt_write.o)
 .comment       0x00000000       0x24 ../finalProject_bsp\libhal_bsp.a(alt_sys_init.o)
 .comment       0x00000000       0x24 ../finalProject_bsp\libhal_bsp.a(altera_avalon_cfi_flash.o)
 .comment       0x00000000       0x24 ../finalProject_bsp\libhal_bsp.a(altera_avalon_cfi_flash_table.o)
 .comment       0x00000000       0x24 ../finalProject_bsp\libhal_bsp.a(altera_avalon_jtag_uart_fd.o)
 .comment       0x00000000       0x24 ../finalProject_bsp\libhal_bsp.a(altera_avalon_jtag_uart_init.o)
 .comment       0x00000000       0x24 ../finalProject_bsp\libhal_bsp.a(altera_avalon_jtag_uart_ioctl.o)
 .comment       0x00000000       0x24 ../finalProject_bsp\libhal_bsp.a(altera_avalon_jtag_uart_read.o)
 .comment       0x00000000       0x24 ../finalProject_bsp\libhal_bsp.a(altera_avalon_jtag_uart_write.o)
 .comment       0x00000000       0x24 ../finalProject_bsp\libhal_bsp.a(altera_avalon_timer_sc.o)
 .comment       0x00000000       0x24 ../finalProject_bsp\libhal_bsp.a(altera_up_avalon_ps2.o)
 .comment       0x00000000       0x24 ../finalProject_bsp\libhal_bsp.a(altera_up_avalon_video_character_buffer_with_dma.o)
 .comment       0x00000000       0x24 ../finalProject_bsp\libhal_bsp.a(alt_alarm_start.o)
 .comment       0x00000000       0x24 ../finalProject_bsp\libhal_bsp.a(alt_busy_sleep.o)
 .comment       0x00000000       0x24 ../finalProject_bsp\libhal_bsp.a(alt_dcache_flush.o)
 .comment       0x00000000       0x24 ../finalProject_bsp\libhal_bsp.a(alt_dev_llist_insert.o)
 .comment       0x00000000       0x24 ../finalProject_bsp\libhal_bsp.a(alt_do_ctors.o)
 .comment       0x00000000       0x24 ../finalProject_bsp\libhal_bsp.a(alt_do_dtors.o)
 .comment       0x00000000       0x24 ../finalProject_bsp\libhal_bsp.a(alt_find_dev.o)
 .comment       0x00000000       0x24 ../finalProject_bsp\libhal_bsp.a(alt_flash_dev.o)
 .comment       0x00000000       0x24 ../finalProject_bsp\libhal_bsp.a(alt_io_redirect.o)
 .comment       0x00000000       0x24 ../finalProject_bsp\libhal_bsp.a(alt_irq_register.o)
 .comment       0x00000000       0x24 ../finalProject_bsp\libhal_bsp.a(alt_irq_vars.o)
 .comment       0x00000000       0x24 ../finalProject_bsp\libhal_bsp.a(alt_open.o)
 .comment       0x00000000       0x24 ../finalProject_bsp\libhal_bsp.a(altera_nios2_irq.o)
 .comment       0x00000000       0x24 ../finalProject_bsp\libhal_bsp.a(altera_avalon_cfi_flash_amd.o)
 .comment       0x00000000       0x24 ../finalProject_bsp\libhal_bsp.a(altera_avalon_cfi_flash_intel.o)
 .comment       0x00000000       0x24 ../finalProject_bsp\libhal_bsp.a(alt_find_file.o)
 .comment       0x00000000       0x24 ../finalProject_bsp\libhal_bsp.a(alt_get_fd.o)
 .comment       0x00000000       0x24 ../finalProject_bsp\libhal_bsp.a(alt_irq_handler.o)
 .comment       0x00000000       0x24 i:/altera/nios2eds/bin/gnu/h-i686-mingw32/bin/../lib/gcc/nios2-elf/4.1.2/../../../../nios2-elf/lib\libc.a(lib_a-atexit.o)
 .comment       0x00000000       0x24 i:/altera/nios2eds/bin/gnu/h-i686-mingw32/bin/../lib/gcc/nios2-elf/4.1.2/../../../../nios2-elf/lib\libc.a(lib_a-exit.o)
 .comment       0x00000000       0x24 i:/altera/nios2eds/bin/gnu/h-i686-mingw32/bin/../lib/gcc/nios2-elf/4.1.2/../../../../nios2-elf/lib\libc.a(lib_a-memcmp.o)
 .comment       0x00000000       0x24 i:/altera/nios2eds/bin/gnu/h-i686-mingw32/bin/../lib/gcc/nios2-elf/4.1.2/../../../../nios2-elf/lib\libc.a(lib_a-__atexit.o)
 .comment       0x00000000       0x24 i:/altera/nios2eds/bin/gnu/h-i686-mingw32/bin/../lib/gcc/nios2-elf/4.1.2/../../../../nios2-elf/lib\libc.a(lib_a-__call_atexit.o)
 .comment       0x00000000       0x24 ../finalProject_bsp\libhal_bsp.a(alt_exit.o)

.debug
 *(.debug)

.line
 *(.line)

.debug_srcinfo
 *(.debug_srcinfo)

.debug_sfnames
 *(.debug_sfnames)

.debug_aranges  0x00000000      0xdf0
 *(.debug_aranges)
 .debug_aranges
                0x00000000       0x20 ../finalProject_bsp/obj/HAL/src/crt0.o
 .debug_aranges
                0x00000020       0x20 obj/main.o
 .debug_aranges
                0x00000040       0x20 i:/altera/nios2eds/bin/gnu/h-i686-mingw32/bin/../lib/gcc/nios2-elf/4.1.2\libgcc.a(lib2-divmod.o)
 .debug_aranges
                0x00000060       0x20 i:/altera/nios2eds/bin/gnu/h-i686-mingw32/bin/../lib/gcc/nios2-elf/4.1.2/../../../../nios2-elf/lib\libc.a(lib_a-printf.o)
 .debug_aranges
                0x00000080       0x20 i:/altera/nios2eds/bin/gnu/h-i686-mingw32/bin/../lib/gcc/nios2-elf/4.1.2/../../../../nios2-elf/lib\libc.a(lib_a-putchar.o)
 .debug_aranges
                0x000000a0       0x20 i:/altera/nios2eds/bin/gnu/h-i686-mingw32/bin/../lib/gcc/nios2-elf/4.1.2/../../../../nios2-elf/lib\libc.a(lib_a-puts.o)
 .debug_aranges
                0x000000c0       0x20 i:/altera/nios2eds/bin/gnu/h-i686-mingw32/bin/../lib/gcc/nios2-elf/4.1.2/../../../../nios2-elf/lib\libc.a(lib_a-rand.o)
 .debug_aranges
                0x000000e0       0x20 i:/altera/nios2eds/bin/gnu/h-i686-mingw32/bin/../lib/gcc/nios2-elf/4.1.2/../../../../nios2-elf/lib\libc.a(lib_a-strlen.o)
 .debug_aranges
                0x00000100       0x20 i:/altera/nios2eds/bin/gnu/h-i686-mingw32/bin/../lib/gcc/nios2-elf/4.1.2/../../../../nios2-elf/lib\libc.a(lib_a-time.o)
 .debug_aranges
                0x00000120       0x20 i:/altera/nios2eds/bin/gnu/h-i686-mingw32/bin/../lib/gcc/nios2-elf/4.1.2/../../../../nios2-elf/lib\libc.a(lib_a-vfprintf.o)
 .debug_aranges
                0x00000140       0x20 i:/altera/nios2eds/bin/gnu/h-i686-mingw32/bin/../lib/gcc/nios2-elf/4.1.2/../../../../nios2-elf/lib\libc.a(lib_a-wsetup.o)
 .debug_aranges
                0x00000160       0x20 i:/altera/nios2eds/bin/gnu/h-i686-mingw32/bin/../lib/gcc/nios2-elf/4.1.2/../../../../nios2-elf/lib\libc.a(lib_a-dtoa.o)
 .debug_aranges
                0x00000180       0x20 i:/altera/nios2eds/bin/gnu/h-i686-mingw32/bin/../lib/gcc/nios2-elf/4.1.2/../../../../nios2-elf/lib\libc.a(lib_a-fflush.o)
 .debug_aranges
                0x000001a0       0x20 i:/altera/nios2eds/bin/gnu/h-i686-mingw32/bin/../lib/gcc/nios2-elf/4.1.2/../../../../nios2-elf/lib\libc.a(lib_a-findfp.o)
 .debug_aranges
                0x000001c0       0x20 i:/altera/nios2eds/bin/gnu/h-i686-mingw32/bin/../lib/gcc/nios2-elf/4.1.2/../../../../nios2-elf/lib\libc.a(lib_a-freer.o)
 .debug_aranges
                0x000001e0       0x20 i:/altera/nios2eds/bin/gnu/h-i686-mingw32/bin/../lib/gcc/nios2-elf/4.1.2/../../../../nios2-elf/lib\libc.a(lib_a-fvwrite.o)
 .debug_aranges
                0x00000200       0x20 i:/altera/nios2eds/bin/gnu/h-i686-mingw32/bin/../lib/gcc/nios2-elf/4.1.2/../../../../nios2-elf/lib\libc.a(lib_a-fwalk.o)
 .debug_aranges
                0x00000220       0x20 i:/altera/nios2eds/bin/gnu/h-i686-mingw32/bin/../lib/gcc/nios2-elf/4.1.2/../../../../nios2-elf/lib\libc.a(lib_a-gettimeofdayr.o)
 .debug_aranges
                0x00000240       0x20 i:/altera/nios2eds/bin/gnu/h-i686-mingw32/bin/../lib/gcc/nios2-elf/4.1.2/../../../../nios2-elf/lib\libc.a(lib_a-locale.o)
 .debug_aranges
                0x00000260       0x20 i:/altera/nios2eds/bin/gnu/h-i686-mingw32/bin/../lib/gcc/nios2-elf/4.1.2/../../../../nios2-elf/lib\libc.a(lib_a-makebuf.o)
 .debug_aranges
                0x00000280       0x20 i:/altera/nios2eds/bin/gnu/h-i686-mingw32/bin/../lib/gcc/nios2-elf/4.1.2/../../../../nios2-elf/lib\libc.a(lib_a-mallocr.o)
 .debug_aranges
                0x000002a0       0x20 i:/altera/nios2eds/bin/gnu/h-i686-mingw32/bin/../lib/gcc/nios2-elf/4.1.2/../../../../nios2-elf/lib\libc.a(lib_a-memchr.o)
 .debug_aranges
                0x000002c0       0x20 i:/altera/nios2eds/bin/gnu/h-i686-mingw32/bin/../lib/gcc/nios2-elf/4.1.2/../../../../nios2-elf/lib\libc.a(lib_a-memcpy.o)
 .debug_aranges
                0x000002e0       0x20 i:/altera/nios2eds/bin/gnu/h-i686-mingw32/bin/../lib/gcc/nios2-elf/4.1.2/../../../../nios2-elf/lib\libc.a(lib_a-memmove.o)
 .debug_aranges
                0x00000300       0x20 i:/altera/nios2eds/bin/gnu/h-i686-mingw32/bin/../lib/gcc/nios2-elf/4.1.2/../../../../nios2-elf/lib\libc.a(lib_a-memset.o)
 .debug_aranges
                0x00000320       0x20 i:/altera/nios2eds/bin/gnu/h-i686-mingw32/bin/../lib/gcc/nios2-elf/4.1.2/../../../../nios2-elf/lib\libc.a(lib_a-mprec.o)
 .debug_aranges
                0x00000340       0x20 i:/altera/nios2eds/bin/gnu/h-i686-mingw32/bin/../lib/gcc/nios2-elf/4.1.2/../../../../nios2-elf/lib\libc.a(lib_a-putc.o)
 .debug_aranges
                0x00000360       0x20 i:/altera/nios2eds/bin/gnu/h-i686-mingw32/bin/../lib/gcc/nios2-elf/4.1.2/../../../../nios2-elf/lib\libc.a(lib_a-reallocr.o)
 .debug_aranges
                0x00000380       0x20 i:/altera/nios2eds/bin/gnu/h-i686-mingw32/bin/../lib/gcc/nios2-elf/4.1.2/../../../../nios2-elf/lib\libc.a(lib_a-s_isinfd.o)
 .debug_aranges
                0x000003a0       0x20 i:/altera/nios2eds/bin/gnu/h-i686-mingw32/bin/../lib/gcc/nios2-elf/4.1.2/../../../../nios2-elf/lib\libc.a(lib_a-s_isnand.o)
 .debug_aranges
                0x000003c0       0x20 i:/altera/nios2eds/bin/gnu/h-i686-mingw32/bin/../lib/gcc/nios2-elf/4.1.2/../../../../nios2-elf/lib\libc.a(lib_a-sbrkr.o)
 .debug_aranges
                0x000003e0       0x20 i:/altera/nios2eds/bin/gnu/h-i686-mingw32/bin/../lib/gcc/nios2-elf/4.1.2/../../../../nios2-elf/lib\libc.a(lib_a-stdio.o)
 .debug_aranges