------------------------------------------------------------
TimeQuest Timing Analyzer Summary
------------------------------------------------------------

Type  : Slow 1200mV 85C Model Setup 'clk'
Slack : -2.900
TNS   : -47.121

Type  : Slow 1200mV 85C Model Setup 'button_debouncer:inst6|data_out'
Slack : -1.912
TNS   : -22.269

Type  : Slow 1200mV 85C Model Hold 'clk'
Slack : 0.359
TNS   : 0.000

Type  : Slow 1200mV 85C Model Hold 'button_debouncer:inst6|data_out'
Slack : 0.569
TNS   : 0.000

Type  : Slow 1200mV 85C Model Recovery 'button_debouncer:inst6|data_out'
Slack : 0.430
TNS   : 0.000

Type  : Slow 1200mV 85C Model Removal 'button_debouncer:inst6|data_out'
Slack : -0.323
TNS   : -6.746

Type  : Slow 1200mV 85C Model Minimum Pulse Width 'clk'
Slack : -3.000
TNS   : -34.000

Type  : Slow 1200mV 85C Model Minimum Pulse Width 'button_debouncer:inst6|data_out'
Slack : -1.941
TNS   : -21.646

Type  : Slow 1200mV 0C Model Setup 'clk'
Slack : -2.521
TNS   : -39.826

Type  : Slow 1200mV 0C Model Setup 'button_debouncer:inst6|data_out'
Slack : -1.832
TNS   : -19.426

Type  : Slow 1200mV 0C Model Hold 'clk'
Slack : 0.313
TNS   : 0.000

Type  : Slow 1200mV 0C Model Hold 'button_debouncer:inst6|data_out'
Slack : 0.511
TNS   : 0.000

Type  : Slow 1200mV 0C Model Recovery 'button_debouncer:inst6|data_out'
Slack : 0.340
TNS   : 0.000

Type  : Slow 1200mV 0C Model Removal 'button_debouncer:inst6|data_out'
Slack : -0.344
TNS   : -7.064

Type  : Slow 1200mV 0C Model Minimum Pulse Width 'clk'
Slack : -3.000
TNS   : -34.000

Type  : Slow 1200mV 0C Model Minimum Pulse Width 'button_debouncer:inst6|data_out'
Slack : -1.941
TNS   : -21.646

Type  : Fast 1200mV 0C Model Setup 'clk'
Slack : -1.236
TNS   : -16.667

Type  : Fast 1200mV 0C Model Setup 'button_debouncer:inst6|data_out'
Slack : -0.787
TNS   : -6.770

Type  : Fast 1200mV 0C Model Hold 'clk'
Slack : 0.188
TNS   : 0.000

Type  : Fast 1200mV 0C Model Hold 'button_debouncer:inst6|data_out'
Slack : 0.306
TNS   : 0.000

Type  : Fast 1200mV 0C Model Recovery 'button_debouncer:inst6|data_out'
Slack : 0.498
TNS   : 0.000

Type  : Fast 1200mV 0C Model Removal 'button_debouncer:inst6|data_out'
Slack : -0.096
TNS   : -1.980

Type  : Fast 1200mV 0C Model Minimum Pulse Width 'clk'
Slack : -3.000
TNS   : -35.680

Type  : Fast 1200mV 0C Model Minimum Pulse Width 'button_debouncer:inst6|data_out'
Slack : -1.000
TNS   : -16.000

------------------------------------------------------------
