Archive member included because of file (symbol)

i:/altera/nios2eds/bin/gnu/h-i686-mingw32/bin/../lib/gcc/nios2-elf/4.1.2/../../../../nios2-elf/lib\libc.a(lib_a-printf.o)
                              obj/main.o (printf)
i:/altera/nios2eds/bin/gnu/h-i686-mingw32/bin/../lib/gcc/nios2-elf/4.1.2/../../../../nios2-elf/lib\libc.a(lib_a-vfprintf.o)
                              i:/altera/nios2eds/bin/gnu/h-i686-mingw32/bin/../lib/gcc/nios2-elf/4.1.2/../../../../nios2-elf/lib\libc.a(lib_a-printf.o) (___vfprintf_internal_r)
i:/altera/nios2eds/bin/gnu/h-i686-mingw32/bin/../lib/gcc/nios2-elf/4.1.2/../../../../nios2-elf/lib\libc.a(lib_a-wsetup.o)
                              i:/altera/nios2eds/bin/gnu/h-i686-mingw32/bin/../lib/gcc/nios2-elf/4.1.2/../../../../nios2-elf/lib\libc.a(lib_a-vfprintf.o) (__swsetup_r)
i:/altera/nios2eds/bin/gnu/h-i686-mingw32/bin/../lib/gcc/nios2-elf/4.1.2/../../../../nios2-elf/lib\libc.a(lib_a-dtoa.o)
                              i:/altera/nios2eds/bin/gnu/h-i686-mingw32/bin/../lib/gcc/nios2-elf/4.1.2/../../../../nios2-elf/lib\libc.a(lib_a-vfprintf.o) (_dtoa_r)
i:/altera/nios2eds/bin/gnu/h-i686-mingw32/bin/../lib/gcc/nios2-elf/4.1.2/../../../../nios2-elf/lib\libc.a(lib_a-fflush.o)
                              i:/altera/nios2eds/bin/gnu/h-i686-mingw32/bin/../lib/gcc/nios2-elf/4.1.2/../../../../nios2-elf/lib\libc.a(lib_a-vfprintf.o) (_fflush_r)
i:/altera/nios2eds/bin/gnu/h-i686-mingw32/bin/../lib/gcc/nios2-elf/4.1.2/../../../../nios2-elf/lib\libc.a(lib_a-findfp.o)
                              i:/altera/nios2eds/bin/gnu/h-i686-mingw32/bin/../lib/gcc/nios2-elf/4.1.2/../../../../nios2-elf/lib\libc.a(lib_a-vfprintf.o) (__sinit)
i:/altera/nios2eds/bin/gnu/h-i686-mingw32/bin/../lib/gcc/nios2-elf/4.1.2/../../../../nios2-elf/lib\libc.a(lib_a-freer.o)
                              i:/altera/nios2eds/bin/gnu/h-i686-mingw32/bin/../lib/gcc/nios2-elf/4.1.2/../../../../nios2-elf/lib\libc.a(lib_a-wsetup.o) (_free_r)
i:/altera/nios2eds/bin/gnu/h-i686-mingw32/bin/../lib/gcc/nios2-elf/4.1.2/../../../../nios2-elf/lib\libc.a(lib_a-fvwrite.o)
                              i:/altera/nios2eds/bin/gnu/h-i686-mingw32/bin/../lib/gcc/nios2-elf/4.1.2/../../../../nios2-elf/lib\libc.a(lib_a-vfprintf.o) (__sfvwrite_r)
i:/altera/nios2eds/bin/gnu/h-i686-mingw32/bin/../lib/gcc/nios2-elf/4.1.2/../../../../nios2-elf/lib\libc.a(lib_a-fwalk.o)
                              i:/altera/nios2eds/bin/gnu/h-i686-mingw32/bin/../lib/gcc/nios2-elf/4.1.2/../../../../nios2-elf/lib\libc.a(lib_a-fflush.o) (_fwalk_reent)
i:/altera/nios2eds/bin/gnu/h-i686-mingw32/bin/../lib/gcc/nios2-elf/4.1.2/../../../../nios2-elf/lib\libc.a(lib_a-impure.o)
                              i:/altera/nios2eds/bin/gnu/h-i686-mingw32/bin/../lib/gcc/nios2-elf/4.1.2/../../../../nios2-elf/lib\libc.a(lib_a-printf.o) (_impure_ptr)
i:/altera/nios2eds/bin/gnu/h-i686-mingw32/bin/../lib/gcc/nios2-elf/4.1.2/../../../../nios2-elf/lib\libc.a(lib_a-locale.o)
                              i:/altera/nios2eds/bin/gnu/h-i686-mingw32/bin/../lib/gcc/nios2-elf/4.1.2/../../../../nios2-elf/lib\libc.a(lib_a-vfprintf.o) (_localeconv_r)
i:/altera/nios2eds/bin/gnu/h-i686-mingw32/bin/../lib/gcc/nios2-elf/4.1.2/../../../../nios2-elf/lib\libc.a(lib_a-makebuf.o)
                              i:/altera/nios2eds/bin/gnu/h-i686-mingw32/bin/../lib/gcc/nios2-elf/4.1.2/../../../../nios2-elf/lib\libc.a(lib_a-wsetup.o) (__smakebuf_r)
i:/altera/nios2eds/bin/gnu/h-i686-mingw32/bin/../lib/gcc/nios2-elf/4.1.2/../../../../nios2-elf/lib\libc.a(lib_a-mallocr.o)
                              i:/altera/nios2eds/bin/gnu/h-i686-mingw32/bin/../lib/gcc/nios2-elf/4.1.2/../../../../nios2-elf/lib\libc.a(lib_a-findfp.o) (_malloc_r)
i:/altera/nios2eds/bin/gnu/h-i686-mingw32/bin/../lib/gcc/nios2-elf/4.1.2/../../../../nios2-elf/lib\libc.a(lib_a-memchr.o)
                              i:/altera/nios2eds/bin/gnu/h-i686-mingw32/bin/../lib/gcc/nios2-elf/4.1.2/../../../../nios2-elf/lib\libc.a(lib_a-vfprintf.o) (memchr)
i:/altera/nios2eds/bin/gnu/h-i686-mingw32/bin/../lib/gcc/nios2-elf/4.1.2/../../../../nios2-elf/lib\libc.a(lib_a-memcpy.o)
                              i:/altera/nios2eds/bin/gnu/h-i686-mingw32/bin/../lib/gcc/nios2-elf/4.1.2/../../../../nios2-elf/lib\libc.a(lib_a-dtoa.o) (memcpy)
i:/altera/nios2eds/bin/gnu/h-i686-mingw32/bin/../lib/gcc/nios2-elf/4.1.2/../../../../nios2-elf/lib\libc.a(lib_a-memmove.o)
                              i:/altera/nios2eds/bin/gnu/h-i686-mingw32/bin/../lib/gcc/nios2-elf/4.1.2/../../../../nios2-elf/lib\libc.a(lib_a-fvwrite.o) (memmove)
i:/altera/nios2eds/bin/gnu/h-i686-mingw32/bin/../lib/gcc/nios2-elf/4.1.2/../../../../nios2-elf/lib\libc.a(lib_a-memset.o)
                              i:/altera/nios2eds/bin/gnu/h-i686-mingw32/bin/../lib/gcc/nios2-elf/4.1.2/../../../../nios2-elf/lib\libc.a(lib_a-findfp.o) (memset)
i:/altera/nios2eds/bin/gnu/h-i686-mingw32/bin/../lib/gcc/nios2-elf/4.1.2/../../../../nios2-elf/lib\libc.a(lib_a-mprec.o)
[...]
Memory Configuration

Name             Origin             Length             Attributes
sdram_BEFORE_EXCEPTION 0x00800000         0x00000020
sdram            0x00800020         0x007fffe0
reset            0x01400000         0x00000020
cfi_flash        0x01400020         0x003fffe0
onchip_memory    0x01800000         0x00002000
*default*        0x00000000         0xffffffff

Linker script and memory map

LOAD ../helloworld_bsp/obj/HAL/src/crt0.o
LOAD obj/main.o
LOAD i:/altera/nios2eds/bin/gnu/h-i686-mingw32/bin/../lib/gcc/nios2-elf/4.1.2/../../../../nios2-elf/lib\libstdc++.a
LOAD i:/altera/nios2eds/bin/gnu/h-i686-mingw32/bin/../lib/gcc/nios2-elf/4.1.2/../../../../nios2-elf/lib\libm.a
LOAD i:/altera/nios2eds/bin/gnu/h-i686-mingw32/bin/../lib/gcc/nios2-elf/4.1.2\libgcc.a
START GROUP
LOAD i:/altera/nios2eds/bin/gnu/h-i686-mingw32/bin/../lib/gcc/nios2-elf/4.1.2/../../../../nios2-elf/lib\libc.a
LOAD i:/altera/nios2eds/bin/gnu/h-i686-mingw32/bin/../lib/gcc/nios2-elf/4.1.2\libgcc.a
LOAD ../helloworld_bsp\libhal_bsp.a
END GROUP
LOAD i:/altera/nios2eds/bin/gnu/h-i686-mingw32/bin/../lib/gcc/nios2-elf/4.1.2\libgcc.a
                0x00800000                __alt_mem_sdram = 0x800000
                0x01400000                __alt_mem_cfi_flash = 0x1400000
                0x01800000                __alt_mem_onchip_memory = 0x1800000

.entry          0x01400000        0x0
 *(.entry)
 .entry         0x01400000        0x0 ../helloworld_bsp/obj/HAL/src/crt0.o
                0x01400000                __reset

.exceptions     0x00800020      0x198
                0x00800020                PROVIDE (__ram_exceptions_start, ABSOLUTE (.))
                0x00800020                . = ALIGN (0x20)
 *(.irq)
 *(.exceptions.entry.label)
 .exceptions.entry.label
                0x00800020        0x0 ../helloworld_bsp\libhal_bsp.a(alt_irq_entry.o)
                0x00800020                alt_irq_entry
 .exceptions.entry.label
                0x00800020        0x0 ../helloworld_bsp\libhal_bsp.a(alt_exception_entry.o)
                0x00800020                alt_exception
 *(.exceptions.entry.user)
 *(.exceptions.entry)
 .exceptions.entry
                0x00800020       0x54 ../helloworld_bsp\libhal_bsp.a(alt_exception_entry.o)
 *(.exceptions.irqtest.user)
 *(.exceptions.irqtest)
 .exceptions.irqtest
                0x00800074       0x10 ../helloworld_bsp\libhal_bsp.a(alt_irq_entry.o)
 *(.exceptions.irqhandler.user)
 *(.exceptions.irqhandler)
 .exceptions.irqhandler
                0x00800084        0x4 ../helloworld_bsp\libhal_bsp.a(alt_irq_entry.o)
 *(.exceptions.irqreturn.user)
 *(.exceptions.irqreturn)
 .exceptions.irqreturn
                0x00800088        0x4 ../helloworld_bsp\libhal_bsp.a(alt_irq_entry.o)
 *(.exceptions.notirq.label)
 .exceptions.notirq.label
                0x0080008c        0x0 ../helloworld_bsp\libhal_bsp.a(alt_irq_entry.o)
 *(.exceptions.notirq.user)
 *(.exceptions.notirq)
 .exceptions.notirq
                0x0080008c        0x8 ../helloworld_bsp\libhal_bsp.a(alt_exception_entry.o)
 *(.exceptions.soft.user)
 *(.exceptions.soft)
 *(.exceptions.unknown.user)
 *(.exceptions.unknown)
 .exceptions.unknown
                0x00800094        0x4 ../helloworld_bsp\libhal_bsp.a(alt_exception_entry.o)
 *(.exceptions.exit.label)
 .exceptions.exit.label
                0x00800098        0x0 ../helloworld_bsp\libhal_bsp.a(alt_irq_entry.o)
 .exceptions.exit.label
                0x00800098        0x0 ../helloworld_bsp\libhal_bsp.a(alt_exception_entry.o)
 *(.exceptions.exit.user)
 *(.exceptions.exit)
 .exceptions.exit
                0x00800098       0x54 ../helloworld_bsp\libhal_bsp.a(alt_exception_entry.o)
 *(.exceptions)
 .exceptions    0x008000ec       0xcc ../helloworld_bsp\libhal_bsp.a(alt_irq_handler.o)
                0x008000ec                alt_irq_handler
                0x008001b8                PROVIDE (__ram_exceptions_end, ABSOLUTE (.))
                0x00800020                PROVIDE (__flash_exceptions_start, LOADADDR (.exceptions))

.text           0x008001b8     0xf4ac
                0x008001b8                PROVIDE (stext, ABSOLUTE (.))
 *(.interp)
 *(.hash)
 *(.dynsym)
 *(.dynstr)
 *(.gnu.version)
 *(.gnu.version_d)
 *(.gnu.version_r)
 *(.rel.init)
 *(.rela.init)
 *(.rel.text .rel.text.* .rel.gnu.linkonce.t.*)
 *(.rela.text .rela.text.* .rela.gnu.linkonce.t.*)
 *(.rel.fini)
 *(.rela.fini)
 *(.rel.rodata .rel.rodata.* .rel.gnu.linkonce.r.*)
 *(.rela.rodata .rela.rodata.* .rela.gnu.linkonce.r.*)
 *(.rel.data .rel.data.* .rel.gnu.linkonce.d.*)
 *(.rela.data .rela.data.* .rela.gnu.linkonce.d.*)
 *(.rel.tdata .rel.tdata.* .rel.gnu.linkonce.td.*)
 *(.rela.tdata .rela.tdata.* .rela.gnu.linkonce.td.*)
 *(.rel.tbss .rel.tbss.* .rel.gnu.linkonce.tb.*)
 *(.rela.tbss .rela.tbss.* .rela.gnu.linkonce.tb.*)
 *(.rel.ctors)
 *(.rela.ctors)
 *(.rel.dtors)
 *(.rela.dtors)
 *(.rel.got)
 *(.rela.got)
 *(.rel.sdata .rel.sdata.* .rel.gnu.linkonce.s.*)
 *(.rela.sdata .rela.sdata.* .rela.gnu.linkonce.s.*)
 *(.rel.sbss .rel.sbss.* .rel.gnu.linkonce.sb.*)
 *(.rela.sbss .rela.sbss.* .rela.gnu.linkonce.sb.*)
 *(.rel.sdata2 .rel.sdata2.* .rel.gnu.linkonce.s2.*)
 *(.rela.sdata2 .rela.sdata2.* .rela.gnu.linkonce.s2.*)
 *(.rel.sbss2 .rel.sbss2.* .rel.gnu.linkonce.sb2.*)
 *(.rela.sbss2 .rela.sbss2.* .rela.gnu.linkonce.sb2.*)
 *(.rel.bss .rel.bss.* .rel.gnu.linkonce.b.*)
 *(.rela.bss .rela.bss.* .rela.gnu.linkonce.b.*)
 *(.rel.plt)
 *(.rela.plt)
 *(.rel.dyn)
 *(.init)
 *(.plt)
 *(.text .stub .text.* .gnu.linkonce.t.*)
 .text          0x008001b8       0x48 ../helloworld_bsp/obj/HAL/src/crt0.o
                0x008001b8                _start
 .text          0x00800200       0x6c obj/main.o
                0x00800200                sw_get_command
                0x00800238                main
 .text          0x0080026c       0x78 i:/altera/nios2eds/bin/gnu/h-i686-mingw32/bin/../lib/gcc/nios2-elf/4.1.2/../../../../nios2-elf/lib\libc.a(lib_a-printf.o)
                0x0080026c                printf
                0x008002b0                _printf_r
 .text          0x008002e4     0x1f28 i:/altera/nios2eds/bin/gnu/h-i686-mingw32/bin/../lib/gcc/nios2-elf/4.1.2/../../../../nios2-elf/lib\libc.a(lib_a-vfprintf.o)
                0x0080033c                ___vfprintf_internal_r
                0x008021e8                __vfprintf_internal
 .text          0x0080220c      0x13c i:/altera/nios2eds/bin/gnu/h-i686-mingw32/bin/../lib/gcc/nios2-elf/4.1.2/../../../../nios2-elf/lib\libc.a(lib_a-wsetup.o)
                0x0080220c                __swsetup_r
 .text          0x00802348     0x17cc i:/altera/nios2eds/bin/gnu/h-i686-mingw32/bin/../lib/gcc/nios2-elf/4.1.2/../../../../nios2-elf/lib\libc.a(lib_a-dtoa.o)
                0x00802560                _dtoa_r
 .text          0x00803b14      0x230 i:/altera/nios2eds/bin/gnu/h-i686-mingw32/bin/../lib/gcc/nios2-elf/4.1.2/../../../../nios2-elf/lib\libc.a(lib_a-fflush.o)
                0x00803b14                _fflush_r
                0x00803d10                fflush
 .text          0x00803d44      0x2c0 i:/altera/nios2eds/bin/gnu/h-i686-mingw32/bin/../lib/gcc/nios2-elf/4.1.2/../../../../nios2-elf/lib\libc.a(lib_a-findfp.o)
                0x00803d9c                __sfp_lock_acquire
                0x00803da0                __sfp_lock_release
                0x00803da4                __sinit_lock_acquire
                0x00803da8                __sinit_lock_release
                0x00803dac                __sinit
                0x00803e60                __fp_unlock_all
                0x00803e78                __fp_lock_all
                0x00803e90                _cleanup_r
                0x00803e9c                _cleanup
                0x00803eac                __sfmoreglue
                0x00803f14                __sfp
 .text          0x00804004      0x440 i:/altera/nios2eds/bin/gnu/h-i686-mingw32/bin/../lib/gcc/nios2-elf/4.1.2/../../../../nios2-elf/lib\libc.a(lib_a-freer.o)
                0x00804004                _malloc_trim_r
                0x00804130                _free_r
 .text          0x00804444      0x49c i:/altera/nios2eds/bin/gnu/h-i686-mingw32/bin/../lib/gcc/nios2-elf/4.1.2/../../../../nios2-elf/lib\libc.a(lib_a-fvwrite.o)
                0x00804444                __sfvwrite_r
 .text          0x008048e0      0x180 i:/altera/nios2eds/bin/gnu/h-i686-mingw32/bin/../lib/gcc/nios2-elf/4.1.2/../../../../nios2-elf/lib\libc.a(lib_a-fwalk.o)
                0x008048e0                _fwalk_reent
                0x008049a8                _fwalk
 .text          0x00804a60        0x0 i:/altera/nios2eds/bin/gnu/h-i686-mingw32/bin/../lib/gcc/nios2-elf/4.1.2/../../../../nios2-elf/lib\libc.a(lib_a-impure.o)
 .text          0x00804a60       0xc4 i:/altera/nios2eds/bin/gnu/h-i686-mingw32/bin/../lib/gcc/nios2-elf/4.1.2/../../../../nios2-elf/lib\libc.a(lib_a-locale.o)
                0x00804a60                __locale_charset
                0x00804a68                _localeconv_r
                0x00804a74                localeconv
                0x00804a84                _setlocale_r
                0x00804b08                setlocale
 .text          0x00804b24      0x194 i:/altera/nios2eds/bin/gnu/h-i686-mingw32/bin/../lib/gcc/nios2-elf/4.1.2/../../../../nios2-elf/lib\libc.a(lib_a-makebuf.o)
                0x00804b24                __smakebuf_r
 .text          0x00804cb8      0x740 i:/altera/nios2eds/bin/gnu/h-i686-mingw32/bin/../lib/gcc/nios2-elf/4.1.2/../../../../nios2-elf/lib\libc.a(lib_a-mallocr.o)
                0x00804cb8                _malloc_r
 .text          0x008053f8       0xe4 i:/altera/nios2eds/bin/gnu/h-i686-mingw32/bin/../lib/gcc/nios2-elf/4.1.2/../../../../nios2-elf/lib\libc.a(lib_a-memchr.o)
                0x008053f8                memchr
 .text          0x008054dc       0xa0 i:/altera/nios2eds/bin/gnu/h-i686-mingw32/bin/../lib/gcc/nios2-elf/4.1.2/../../../../nios2-elf/lib\libc.a(lib_a-memcpy.o)
                0x008054dc                memcpy
 .text          0x0080557c       0xe0 i:/altera/nios2eds/bin/gnu/h-i686-mingw32/bin/../lib/gcc/nios2-elf/4.1.2/../../../../nios2-elf/lib\libc.a(lib_a-memmove.o)
                0x0080557c                memmove
 .text          0x0080565c       0x98 i:/altera/nios2eds/bin/gnu/h-i686-mingw32/bin/../lib/gcc/nios2-elf/4.1.2/../../../../nios2-elf/lib\libc.a(lib_a-memset.o)
                0x0080565c                memset
 .text          0x008056f4      0xff4 i:/altera/nios2eds/bin/gnu/h-i686-mingw32/bin/../lib/gcc/nios2-elf/4.1.2/../../../../nios2-elf/lib\libc.a(lib_a-mprec.o)
                0x008056f4                _Bfree
                0x0080571c                __hi0bits
                0x0080578c                __lo0bits
                0x00805850                __mcmp
                0x008058b0                __ulp
                0x00805930                __b2d
                0x00805a50                __ratio
                0x00805b00                _mprec_log10
                0x00805b94                __copybits
                0x00805bec                __any_on
                0x00805c74                _Balloc
                0x00805d30                __d2b
                0x00805eac                __mdiff
                0x00806038                __lshift
                0x00806184                __multiply
                0x0080636c                __i2b
                0x008063a8                __multadd
                0x008064a8                __pow5mult
                0x008065c8                __s2b
 .text          0x008066e8      0x5f4 i:/altera/nios2eds/bin/gnu/h-i686-mingw32/bin/../lib/gcc/nios2-elf/4.1.2/../../../../nios2-elf/lib\libc.a(lib_a-reallocr.o)
                0x008066e8                _realloc_r
 .text          0x00806cdc       0x40 i:/altera/nios2eds/bin/gnu/h-i686-mingw32/bin/../lib/gcc/nios2-elf/4.1.2/../../../../nios2-elf/lib\libc.a(lib_a-s_isinfd.o)
                0x00806cdc                __isinfd
 .text          0x00806d1c       0x30 i:/altera/nios2eds/bin/gnu/h-i686-mingw32/bin/../lib/gcc/nios2-elf/4.1.2/../../../../nios2-elf/lib\libc.a(lib_a-s_isnand.o)
                0x00806d1c                __isnand
 .text          0x00806d4c       0x70 i:/altera/nios2eds/bin/gnu/h-i686-mingw32/bin/../lib/gcc/nios2-elf/4.1.2/../../../../nios2-elf/lib\libc.a(lib_a-sbrkr.o)
                0x00806d4c                _sbrk_r
 .text          0x00806dbc      0x14c i:/altera/nios2eds/bin/gnu/h-i686-mingw32/bin/../lib/gcc/nios2-elf/4.1.2/../../../../nios2-elf/lib\libc.a(lib_a-stdio.o)
                0x00806dbc                __sclose
                0x00806dc4                __sseek
                0x00806e2c                __swrite
                0x00806ea8                __sread
 .text          0x00806f08       0xbc i:/altera/nios2eds/bin/gnu/h-i686-mingw32/bin/../lib/gcc/nios2-elf/4.1.2/../../../../nios2-elf/lib\libc.a(lib_a-strcmp.o)
                0x00806f08                strcmp
 .text          0x00806fc4       0x74 i:/altera/nios2eds/bin/gnu/h-i686-mingw32/bin/../lib/gcc/nios2-elf/4.1.2/../../../../nios2-elf/lib\libc.a(lib_a-strlen.o)
                0x00806fc4                strlen
 .text          0x00807038       0x78 i:/altera/nios2eds/bin/gnu/h-i686-mingw32/bin/../lib/gcc/nios2-elf/4.1.2/../../../../nios2-elf/lib\libc.a(lib_a-writer.o)
                0x00807038                _write_r
 .text          0x008070b0       0xb4 i:/altera/nios2eds/bin/gnu/h-i686-mingw32/bin/../lib/gcc/nios2-elf/4.1.2/../../../../nios2-elf/lib\libc.a(lib_a-callocr.o)
                0x008070b0                _calloc_r
 .text          0x00807164       0x70 i:/altera/nios2eds/bin/gnu/h-i686-mingw32/bin/../lib/gcc/nios2-elf/4.1.2/../../../../nios2-elf/lib\libc.a(lib_a-closer.o)
                0x00807164                _close_r
 .text          0x008071d4      0x124 i:/altera/nios2eds/bin/gnu/h-i686-mingw32/bin/../lib/gcc/nios2-elf/4.1.2/../../../../nios2-elf/lib\libc.a(lib_a-fclose.o)
                0x008071d4                _fclose_r
                0x008072e4                fclose
 .text          0x008072f8       0x74 i:/altera/nios2eds/bin/gnu/h-i686-mingw32/bin/../lib/gcc/nios2-elf/4.1.2/../../../../nios2-elf/lib\libc.a(lib_a-fstatr.o)
                0x008072f8                _fstat_r
 .text          0x0080736c        0x0 i:/altera/nios2eds/bin/gnu/h-i686-mingw32/bin/../lib/gcc/nios2-elf/4.1.2/../../../../nios2-elf/lib\libc.a(lib_a-int_errno.o)
 .text          0x0080736c       0x70 i:/altera/nios2eds/bin/gnu/h-i686-mingw32/bin/../lib/gcc/nios2-elf/4.1.2/../../../../nios2-elf/lib\libc.a(lib_a-isattyr.o)
                0x0080736c                _isatty_r
 .text          0x008073dc       0x78 i:/altera/nios2eds/bin/gnu/h-i686-mingw32/bin/../lib/gcc/nios2-elf/4.1.2/../../../../nios2-elf/lib\libc.a(lib_a-lseekr.o)
                0x008073dc                _lseek_r
 .text          0x00807454       0x78 i:/altera/nios2eds/bin/gnu/h-i686-mingw32/bin/../lib/gcc/nios2-elf/4.1.2/../../../../nios2-elf/lib\libc.a(lib_a-readr.o)
                0x00807454                _read_r
 .text          0x008074cc      0x5dc i:/altera/nios2eds/bin/gnu/h-i686-mingw32/bin/../lib/gcc/nios2-elf/4.1.2\libgcc.a(_udivdi3.o)
                0x008074cc                __udivdi3
 .text          0x00807aa8      0x5b0 i:/altera/nios2eds/bin/gnu/h-i686-mingw32/bin/../lib/gcc/nios2-elf/4.1.2\libgcc.a(_umoddi3.o)
                0x00807aa8                __umoddi3
 .text          0x00808058      0x504 i:/altera/nios2eds/bin/gnu/h-i686-mingw32/bin/../lib/gcc/nios2-elf/4.1.2\libgcc.a(_addsub_df.o)
                0x00808468                __subdf3
                0x008084e8                __adddf3
 .text          0x0080855c      0x3c4 i:/altera/nios2eds/bin/gnu/h-i686-mingw32/bin/../lib/gcc/nios2-elf/4.1.2\libgcc.a(_mul_df.o)
                0x0080855c                __muldf3
 .text          0x00808920      0x258 i:/altera/nios2eds/bin/gnu/h-i686-mingw32/bin/../lib/gcc/nios2-elf/4.1.2\libgcc.a(_div_df.o)
                0x00808920                __divdf3
 .text          0x00808b78       0x88 i:/altera/nios2eds/bin/gnu/h-i686-mingw32/bin/../lib/gcc/nios2-elf/4.1.2\libgcc.a(_eq_df.o)
                0x00808b78                __eqdf2
 .text          0x00808c00       0x88 i:/altera/nios2eds/bin/gnu/h-i686-mingw32/bin/../lib/gcc/nios2-elf/4.1.2\libgcc.a(_ne_df.o)
                0x00808c00                __nedf2
 .text          0x00808c88       0x88 i:/altera/nios2eds/bin/gnu/h-i686-mingw32/bin/../lib/gcc/nios2-elf/4.1.2\libgcc.a(_gt_df.o)
                0x00808c88                __gtdf2
 .text          0x00808d10       0x88 i:/altera/nios2eds/bin/gnu/h-i686-mingw32/bin/../lib/gcc/nios2-elf/4.1.2\libgcc.a(_ge_df.o)
                0x00808d10                __gedf2
 .text          0x00808d98       0x88 i:/altera/nios2eds/bin/gnu/h-i686-mingw32/bin/../lib/gcc/nios2-elf/4.1.2\libgcc.a(_lt_df.o)
                0x00808d98                __ltdf2
 .text          0x00808e20       0xf8 i:/altera/nios2eds/bin/gnu/h-i686-mingw32/bin/../lib/gcc/nios2-elf/4.1.2\libgcc.a(_si_to_df.o)
                0x00808e20                __floatsidf
 .text          0x00808f18       0xd8 i:/altera/nios2eds/bin/gnu/h-i686-mingw32/bin/../lib/gcc/nios2-elf/4.1.2\libgcc.a(_df_to_si.o)
                0x00808f18                __fixdfsi
 .text          0x00808ff0        0x0 i:/altera/nios2eds/bin/gnu/h-i686-mingw32/bin/../lib/gcc/nios2-elf/4.1.2\libgcc.a(_thenan_df.o)
 .text          0x00808ff0      0x194 i:/altera/nios2eds/bin/gnu/h-i686-mingw32/bin/../lib/gcc/nios2-elf/4.1.2\libgcc.a(_usi_to_df.o)
                0x00808ff0                __floatunsidf
 .text          0x00809184      0x14c i:/altera/nios2eds/bin/gnu/h-i686-mingw32/bin/../lib/gcc/nios2-elf/4.1.2\libgcc.a(lib2-divmod.o)
                0x00809200                __divsi3
                0x00809260                __modsi3
                0x008092c0                __udivsi3
                0x008092c8                __umodsi3
 .text          0x008092d0       0x98 i:/altera/nios2eds/bin/gnu/h-i686-mingw32/bin/../lib/gcc/nios2-elf/4.1.2\libgcc.a(_muldi3.o)
                0x008092d0                __muldi3
 .text          0x00809368        0x0 i:/altera/nios2eds/bin/gnu/h-i686-mingw32/bin/../lib/gcc/nios2-elf/4.1.2\libgcc.a(_clz.o)
 .text          0x00809368       0x80 i:/altera/nios2eds/bin/gnu/h-i686-mingw32/bin/../lib/gcc/nios2-elf/4.1.2\libgcc.a(_clzsi2.o)
                0x00809368                __clzsi2
 .text          0x008093e8      0x314 i:/altera/nios2eds/bin/gnu/h-i686-mingw32/bin/../lib/gcc/nios2-elf/4.1.2\libgcc.a(_pack_df.o)
                0x008093e8                __pack_d
 .text          0x008096fc      0x138 i:/altera/nios2eds/bin/gnu/h-i686-mingw32/bin/../lib/gcc/nios2-elf/4.1.2\libgcc.a(_unpack_df.o)
                0x008096fc                __unpack_d
 .text          0x00809834       0xc8 i:/altera/nios2eds/bin/gnu/h-i686-mingw32/bin/../lib/gcc/nios2-elf/4.1.2\libgcc.a(_fpcmp_parts_df.o)
                0x00809834                __fpcmp_parts_d
 .text          0x008098fc      0x15c ../helloworld_bsp\libhal_bsp.a(alt_close.o)
                0x008098fc                close
 .text          0x00809a58       0x2c ../helloworld_bsp\libhal_bsp.a(alt_dev.o)
 .text          0x00809a84        0x0 ../helloworld_bsp\libhal_bsp.a(alt_errno.o)
 .text          0x00809a84      0x134 ../helloworld_bsp\libhal_bsp.a(alt_fstat.o)
                0x00809a84                fstat
 .text          0x00809bb8      0x120 ../helloworld_bsp\libhal_bsp.a(alt_isatty.o)
                0x00809bb8                isatty
 .text          0x00809cd8      0x150 ../helloworld_bsp\libhal_bsp.a(alt_lseek.o)
                0x00809cd8                lseek
 .text          0x00809e28       0x6c ../helloworld_bsp\libhal_bsp.a(alt_main.o)
                0x00809e28                alt_main
 .text          0x00809e94       0x40 ../helloworld_bsp\libhal_bsp.a(alt_malloc_lock.o)
                0x00809e94                __malloc_lock
                0x00809eb4                __malloc_unlock
 .text          0x00809ed4      0x180 ../helloworld_bsp\libhal_bsp.a(alt_read.o)
                0x00809ed4                read
 .text          0x0080a054       0x60 ../helloworld_bsp\libhal_bsp.a(alt_release_fd.o)
                0x0080a054                alt_release_fd
 .text          0x0080a0b4       0xbc ../helloworld_bsp\libhal_bsp.a(alt_sbrk.o)
                0x0080a0b4                sbrk
 .text          0x0080a170      0x180 ../helloworld_bsp\libhal_bsp.a(alt_write.o)
                0x0080a170                write
 .text          0x0080a2f0      0x3a0 ../helloworld_bsp\libhal_bsp.a(alt_sys_init.o)
                0x0080a2f0                alt_irq_init
                0x0080a324                alt_sys_init
 .text          0x0080a690      0x8c8 ../helloworld_bsp\libhal_bsp.a(altera_avalon_cfi_flash.o)
                0x0080a690                alt_flash_cfi_init
                0x0080a764                alt_flash_cfi_write
                0x0080aa24                alt_flash_cfi_get_info
                0x0080aab4                alt_flash_cfi_read
                0x0080ab1c                alt_write_value_to_flash
                0x0080ac80                alt_flash_program_block
 .text          0x0080af58     0x1448 ../helloworld_bsp\libhal_bsp.a(altera_avalon_cfi_flash_table.o)
                0x0080af58                alt_read_query_entry_8bit
                0x0080af98                alt_read_query_entry_16bit
                0x0080afdc                alt_read_query_entry_32bit
                0x0080b024                alt_write_flash_command_8bit_device_8bit_mode
                0x0080b060                alt_write_flash_command_16bit_device_8bit_mode
                0x0080b0dc                alt_write_flash_command_32bit_device_8bit_mode
                0x0080b124                alt_write_flash_command_16bit_device_16bit_mode
                0x0080b168                alt_write_flash_command_32bit_device_16bit_mode
                0x0080b1b0                alt_write_flash_command_32bit_device_32bit_mode
                0x0080b1f8                alt_write_native_8bit
                0x0080b22c                alt_write_native_16bit
                0x0080b260                alt_write_native_32bit
                0x0080b290                alt_set_flash_width_func
                0x0080b470                alt_set_flash_algorithm_func
                0x0080b598                alt_read_cfi_table
                0x0080bb18                alt_read_cfi_width
                0x0080c2c4                alt_check_primary_table
 .text          0x0080c3a0      0x148 ../helloworld_bsp\libhal_bsp.a(altera_avalon_jtag_uart_fd.o)
                0x0080c3a0                altera_avalon_jtag_uart_read_fd
                0x0080c3f8                altera_avalon_jtag_uart_write_fd
                0x0080c450                altera_avalon_jtag_uart_close_fd
                0x0080c498                altera_avalon_jtag_uart_ioctl_fd
 .text          0x0080c4e8      0x408 ../helloworld_bsp\libhal_bsp.a(altera_avalon_jtag_uart_init.o)
                0x0080c4e8                altera_avalon_jtag_uart_init
                0x0080c87c                altera_avalon_jtag_uart_close
 .text          0x0080c8f0       0xf4 ../helloworld_bsp\libhal_bsp.a(altera_avalon_jtag_uart_ioctl.o)
                0x0080c8f0                altera_avalon_jtag_uart_ioctl
 .text          0x0080c9e4      0x224 ../helloworld_bsp\libhal_bsp.a(altera_avalon_jtag_uart_read.o)
                0x0080c9e4                altera_avalon_jtag_uart_read
 .text          0x0080cc08      0x240 ../helloworld_bsp\libhal_bsp.a(altera_avalon_jtag_uart_write.o)
                0x0080cc08                altera_avalon_jtag_uart_write
 .text          0x0080ce48       0xfc ../helloworld_bsp\libhal_bsp.a(altera_avalon_timer_sc.o)
                0x0080cebc                alt_avalon_timer_sc_init
 .text          0x0080cf44      0x700 ../helloworld_bsp\libhal_bsp.a(altera_up_avalon_ps2.o)
                0x0080cf44                read_RI_bit
                0x0080cf78                read_RE_bit
                0x0080cfa8                read_CE_bit
                0x0080cfdc                read_num_bytes_available
                0x0080d010                read_data_valid
                0x0080d044                read_data_byte
                0x0080d070                alt_up_ps2_init
                0x0080d13c                alt_up_ps2_enable_read_interrupt
                0x0080d190                alt_up_ps2_disable_read_interrupt
                0x0080d1e8                alt_up_ps2_write_data_byte
                0x0080d260                alt_up_ps2_wait_for_ack
                0x0080d2d0                alt_up_ps2_write_data_byte_with_ack
                0x0080d33c                alt_up_ps2_read_data_byte_timeout
                0x0080d3ec                alt_up_ps2_read_data_byte
                0x0080d468                alt_up_ps2_clear_fifo
                0x0080d4c0                alt_up_ps2_read_fd
                0x0080d55c                alt_up_ps2_write_fd
                0x0080d604                alt_up_ps2_open_dev
 .text          0x0080d644      0x304 ../helloworld_bsp\libhal_bsp.a(altera_up_avalon_video_character_buffer_with_dma.o)
                0x0080d644                alt_up_char_buffer_init
                0x0080d6c8                alt_up_char_buffer_open_dev
                0x0080d708                alt_up_char_buffer_draw
                0x0080d7d8                alt_up_char_buffer_string
                0x0080d8ec                alt_up_char_buffer_clear
 .text          0x0080d948      0x154 ../helloworld_bsp\libhal_bsp.a(alt_alarm_start.o)
                0x0080d948                alt_alarm_start
 .text          0x0080da9c       0x78 ../helloworld_bsp\libhal_bsp.a(alt_dcache_flush.o)
                0x0080da9c                alt_dcache_flush
 .text          0x0080db14      0x114 ../helloworld_bsp\libhal_bsp.a(alt_dev_llist_insert.o)
                0x0080db14                alt_dev_llist_insert
 .text          0x0080dc28       0x64 ../helloworld_bsp\libhal_bsp.a(alt_do_ctors.o)
                0x0080dc28                _do_ctors
 .text          0x0080dc8c       0x64 ../helloworld_bsp\libhal_bsp.a(alt_do_dtors.o)
                0x0080dc8c                _do_dtors
 .text          0x0080dcf0       0x94 ../helloworld_bsp\libhal_bsp.a(alt_find_dev.o)
                0x0080dcf0                alt_find_dev
 .text          0x0080dd84       0xd0 ../helloworld_bsp\libhal_bsp.a(alt_flash_dev.o)
                0x0080dd84                alt_flash_open_dev
                0x0080de00                alt_flash_close_dev
 .text          0x0080de54      0x13c ../helloworld_bsp\libhal_bsp.a(alt_io_redirect.o)
                0x0080df18                alt_io_redirect
 .text          0x0080df90      0x1c0 ../helloworld_bsp\libhal_bsp.a(alt_irq_register.o)
                0x0080df90                alt_irq_register
 .text          0x0080e150        0x0 ../helloworld_bsp\libhal_bsp.a(alt_irq_vars.o)
 .text          0x0080e150      0x2c4 ../helloworld_bsp\libhal_bsp.a(alt_open.o)
                0x0080e22c                open
 .text          0x0080e414      0x1a4 ../helloworld_bsp\libhal_bsp.a(alt_tick.o)
                0x0080e414                alt_alarm_stop
                0x0080e4ac                alt_tick
 .text          0x0080e5b8       0x20 ../helloworld_bsp\libhal_bsp.a(altera_nios2_irq.o)
                0x0080e5b8                altera_nios2_irq_init
 .text          0x0080e5d8      0x460 ../helloworld_bsp\libhal_bsp.a(altera_avalon_cfi_flash_amd.o)
                0x0080e5d8                alt_program_amd
                0x0080e640                alt_erase_block_amd
 .text          0x0080ea38      0x460 ../helloworld_bsp\libhal_bsp.a(altera_avalon_cfi_flash_intel.o)
                0x0080ea38                alt_program_intel
                0x0080eabc                alt_erase_block_intel
 .text          0x0080ee98      0x120 ../helloworld_bsp\libhal_bsp.a(alt_find_file.o)
                0x0080ee98                alt_find_file
 .text          0x0080efb8       0xb8 ../helloworld_bsp\libhal_bsp.a(alt_get_fd.o)
                0x0080efb8                alt_get_fd
 .text          0x0080f070        0x0 ../helloworld_bsp\libhal_bsp.a(alt_irq_entry.o)
 .text          0x0080f070        0x0 ../helloworld_bsp\libhal_bsp.a(alt_irq_handler.o)
 .text          0x0080f070       0x30 ../helloworld_bsp\libhal_bsp.a(alt_usleep.o)
                0x0080f070                usleep
 .text          0x0080f0a0      0x14c ../helloworld_bsp\libhal_bsp.a(alt_busy_sleep.o)
                0x0080f0a0                alt_busy_sleep
 .text          0x0080f1ec        0x0 ../helloworld_bsp\libhal_bsp.a(alt_exception_entry.o)
 .text          0x0080f1ec       0x14 i:/altera/nios2eds/bin/gnu/h-i686-mingw32/bin/../lib/gcc/nios2-elf/4.1.2/../../../../nios2-elf/lib\libc.a(lib_a-atexit.o)
                0x0080f1ec                atexit
 .text          0x0080f200       0x38 i:/altera/nios2eds/bin/gnu/h-i686-mingw32/bin/../lib/gcc/nios2-elf/4.1.2/../../../../nios2-elf/lib\libc.a(lib_a-exit.o)
                0x0080f200                exit
 .text          0x0080f238       0x74 i:/altera/nios2eds/bin/gnu/h-i686-mingw32/bin/../lib/gcc/nios2-elf/4.1.2/../../../../nios2-elf/lib\libc.a(lib_a-memcmp.o)
                0x0080f238                memcmp
 .text          0x0080f2ac      0x134 i:/altera/nios2eds/bin/gnu/h-i686-mingw32/bin/../lib/gcc/nios2-elf/4.1.2/../../../../nios2-elf/lib\libc.a(lib_a-__atexit.o)
                0x0080f2ac                __register_exitproc
 .text          0x0080f3e0      0x1b4 i:/altera/nios2eds/bin/gnu/h-i686-mingw32/bin/../lib/gcc/nios2-elf/4.1.2/../../../../nios2-elf/lib\libc.a(lib_a-__call_atexit.o)
                0x0080f3e4                __call_exitprocs
 .text          0x0080f594       0x60 ../helloworld_bsp\libhal_bsp.a(alt_exit.o)
                0x0080f5d4                _exit
 *(.gnu.warning.*)
 *(.fini)
                0x0080f5f4                PROVIDE (__etext, ABSOLUTE (.))
                0x0080f5f4                PROVIDE (_etext, ABSOLUTE (.))
                0x0080f5f4                PROVIDE (etext, ABSOLUTE (.))
 *(.eh_frame_hdr)
                0x0080f5f4                . = ALIGN (0x4)
                0x0080f5f4                PROVIDE (__preinit_array_start, ABSOLUTE (.))
 *(.preinit_array)
                0x0080f5f4                PROVIDE (__preinit_array_end, ABSOLUTE (.))
                0x0080f5f4                PROVIDE (__init_array_start, ABSOLUTE (.))
 *(.init_array)
                0x0080f5f4                PROVIDE (__init_array_end, ABSOLUTE (.))
                0x0080f5f4                PROVIDE (__fini_array_start, ABSOLUTE (.))
 *(.fini_array)
                0x0080f5f4                PROVIDE (__fini_array_end, ABSOLUTE (.))
 *(.eh_frame)
 .eh_frame      0x0080f5f4       0x40 i:/altera/nios2eds/bin/gnu/h-i686-mingw32/bin/../lib/gcc/nios2-elf/4.1.2\libgcc.a(_udivdi3.o)
 .eh_frame      0x0080f634       0x2c i:/altera/nios2eds/bin/gnu/h-i686-mingw32/bin/../lib/gcc/nios2-elf/4.1.2\libgcc.a(_umoddi3.o)
                                 0x40 (size before relaxing)
 *(.gcc_except_table)
 *(.dynamic)
                0x0080f660                PROVIDE (__CTOR_LIST__, ABSOLUTE (.))
 *(.ctors)
 *(SORT(.ctors.*))
 .ctors.65535   0x0080f660        0x4 i:/altera/nios2eds/bin/gnu/h-i686-mingw32/bin/../lib/gcc/nios2-elf/4.1.2/../../../../nios2-elf/lib\libc.a(lib_a-__call_atexit.o)
                0x0080f664                PROVIDE (__CTOR_END__, ABSOLUTE (.))
                0x0080f664                PROVIDE (__DTOR_LIST__, ABSOLUTE (.))
 *(.dtors)
 *(SORT(.dtors.*))
                0x0080f664                PROVIDE (__DTOR_END__, ABSOLUTE (.))
 *(.jcr)
                0x0080f664                . = ALIGN (0x4)

.rodata         0x0080f664      0x3d0
                0x0080f664                PROVIDE (__ram_rodata_start, ABSOLUTE (.))
                0x0080f664                . = ALIGN (0x4)
 *(.rodata .rodata.* .gnu.linkonce.r.*)
 .rodata        0x0080f664        0x4 obj/main.o
 .rodata.str1.4
                0x0080f668       0x5e i:/altera/nios2eds/bin/gnu/h-i686-mingw32/bin/../lib/gcc/nios2-elf/4.1.2/../../../../nios2-elf/lib\libc.a(lib_a-vfprintf.o)
                                 0x60 (size before relaxing)
 .rodata        0x0080f6c6       0x20 i:/altera/nios2eds/bin/gnu/h-i686-mingw32/bin/../lib/gcc/nios2-elf/4.1.2/../../../../nios2-elf/lib\libc.a(lib_a-vfprintf.o)
 *fill*         0x0080f6e6        0x2 00
 .rodata.str1.4
                0x0080f6e8       0x10 i:/altera/nios2eds/bin/gnu/h-i686-mingw32/bin/../lib/gcc/nios2-elf/4.1.2/../../../../nios2-elf/lib\libc.a(lib_a-dtoa.o)
                                 0x14 (size before relaxing)
 .rodata.str1.4
                0x0080f6f8        0x2 i:/altera/nios2eds/bin/gnu/h-i686-mingw32/bin/../lib/gcc/nios2-elf/4.1.2/../../../../nios2-elf/lib\libc.a(lib_a-impure.o)
                                  0x4 (size before relaxing)
 *fill*         0x0080f6fa        0x2 00
 .rodata.str1.4
                0x0080f6fc       0x10 i:/altera/nios2eds/bin/gnu/h-i686-mingw32/bin/../lib/gcc/nios2-elf/4.1.2/../../../../nios2-elf/lib\libc.a(lib_a-locale.o)
                                 0x18 (size before relaxing)
 .rodata        0x0080f70c       0x30 i:/altera/nios2eds/bin/gnu/h-i686-mingw32/bin/../lib/gcc/nios2-elf/4.1.2/../../../../nios2-elf/lib\libc.a(lib_a-locale.o)
 .rodata        0x0080f73c      0x124 i:/altera/nios2eds/bin/gnu/h-i686-mingw32/bin/../lib/gcc/nios2-elf/4.1.2/../../../../nios2-elf/lib\libc.a(lib_a-mprec.o)
                0x0080f73c                __mprec_tens
                0x0080f804                __mprec_bigtens
                0x0080f82c                __mprec_tinytens
 .rodata        0x0080f860       0x14 i:/altera/nios2eds/bin/gnu/h-i686-mingw32/bin/../lib/gcc/nios2-elf/4.1.2\libgcc.a(_thenan_df.o)
                0x0080f860                __thenan_df
 .rodata        0x0080f874      0x100 i:/altera/nios2eds/bin/gnu/h-i686-mingw32/bin/../lib/gcc/nios2-elf/4.1.2\libgcc.a(_clz.o)
                0x0080f874                __clz_tab
 .rodata        0x0080f974        0xc ../helloworld_bsp\libhal_bsp.a(alt_dev.o)
 .rodata        0x0080f980       0x10 ../helloworld_bsp\libhal_bsp.a(alt_main.o)
 .rodata        0x0080f990       0x88 ../helloworld_bsp\libhal_bsp.a(alt_sys_init.o)
 .rodata        0x0080fa18       0x1c ../helloworld_bsp\libhal_bsp.a(altera_up_avalon_video_character_buffer_with_dma.o)
 *(.rodata1)
                0x0080fa34                . = ALIGN (0x4)
                0x0080fa34                PROVIDE (__ram_rodata_end, ABSOLUTE (.))
                0x0080f664                PROVIDE (__flash_rodata_start, LOADADDR (.rodata))

.rwdata         0x0080fa34     0x1c10
                0x0080fa34                PROVIDE (__ram_rwdata_start, ABSOLUTE (.))
                0x0080fa34                . = ALIGN (0x4)
 *(.got.plt)
 *(.got)
 *(.data1)
 *(.data .data.* .gnu.linkonce.d.*)
 .data          0x0080fa34        0x0 ../helloworld_bsp/obj/HAL/src/crt0.o
 .data          0x0080fa34        0x0 obj/main.o
 .data          0x0080fa34        0x0 i:/altera/nios2eds/bin/gnu/h-i686-mingw32/bin/../lib/gcc/nios2-elf/4.1.2/../../../../nios2-elf/lib\libc.a(lib_a-printf.o)
 .data          0x0080fa34        0x0 i:/altera/nios2eds/bin/gnu/h-i686-mingw32/bin/../lib/gcc/nios2-elf/4.1.2/../../../../nios2-elf/lib\libc.a(lib_a-vfprintf.o)
 .data          0x0080fa34        0x0 i:/altera/nios2eds/bin/gnu/h-i686-mingw32/bin/../lib/gcc/nios2-elf/4.1.2/../../../../nios2-elf/lib\libc.a(lib_a-wsetup.o)
 .data          0x0080fa34        0x0 i:/altera/nios2eds/bin/gnu/h-i686-mingw32/bin/../lib/gcc/nios2-elf/4.1.2/../../../../nios2-elf/lib\libc.a(lib_a-dtoa.o)
 .data          0x0080fa34        0x0 i:/altera/nios2eds/bin/gnu/h-i686-mingw32/bin/../lib/gcc/nios2-elf/4.1.2/../../../../nios2-elf/lib\libc.a(lib_a-fflush.o)
 .data          0x0080fa34        0x0 i:/altera/nios2eds/bin/gnu/h-i686-mingw32/bin/../lib/gcc/nios2-elf/4.1.2/../../../../nios2-elf/lib\libc.a(lib_a-findfp.o)
 .data          0x0080fa34        0x0 i:/altera/nios2eds/bin/gnu/h-i686-mingw32/bin/../lib/gcc/nios2-elf/4.1.2/../../../../nios2-elf/lib\libc.a(lib_a-freer.o)
 .data          0x0080fa34        0x0 i:/altera/nios2eds/bin/gnu/h-i686-mingw32/bin/../lib/gcc/nios2-elf/4.1.2/../../../../nios2-elf/lib\libc.a(lib_a-fvwrite.o)
 .data          0x0080fa34        0x0 i:/altera/nios2eds/bin/gnu/h-i686-mingw32/bin/../lib/gcc/nios2-elf/4.1.2/../../../../nios2-elf/lib\libc.a(lib_a-fwalk.o)
 .data          0x0080fa34      0x400 i:/altera/nios2eds/bin/gnu/h-i686-mingw32/bin/../lib/gcc/nios2-elf/4.1.2/../../../../nios2-elf/lib\libc.a(lib_a-impure.o)
 .data          0x0080fe34        0xc i:/altera/nios2eds/bin/gnu/h-i686-mingw32/bin/../lib/gcc/nios2-elf/4.1.2/../../../../nios2-elf/lib\libc.a(lib_a-locale.o)
                0x0080fe34                __lc_ctype
 .data          0x0080fe40        0x0 i:/altera/nios2eds/bin/gnu/h-i686-mingw32/bin/../lib/gcc/nios2-elf/4.1.2/../../../../nios2-elf/lib\libc.a(lib_a-makebuf.o)
 .data          0x0080fe40      0x408 i:/altera/nios2eds/bin/gnu/h-i686-mingw32/bin/../lib/gcc/nios2-elf/4.1.2/../../../../nios2-elf/lib\libc.a(lib_a-mallocr.o)
                0x0080fe40                __malloc_av_
 .data          0x00810248        0x0 i:/altera/nios2eds/bin/gnu/h-i686-mingw32/bin/../lib/gcc/nios2-elf/4.1.2/../../../../nios2-elf/lib\libc.a(lib_a-memchr.o)
 .data          0x00810248        0x0 i:/altera/nios2eds/bin/gnu/h-i686-mingw32/bin/../lib/gcc/nios2-elf/4.1.2/../../../../nios2-elf/lib\libc.a(lib_a-memcpy.o)
 .data          0x00810248        0x0 i:/altera/nios2eds/bin/gnu/h-i686-mingw32/bin/../lib/gcc/nios2-elf/4.1.2/../../../../nios2-elf/lib\libc.a(lib_a-memmove.o)
 .data          0x00810248        0x0 i:/altera/nios2eds/bin/gnu/h-i686-mingw32/bin/../lib/gcc/nios2-elf/4.1.2/../../../../nios2-elf/lib\libc.a(lib_a-memset.o)
 .data          0x00810248        0x0 i:/altera/nios2eds/bin/gnu/h-i686-mingw32/bin/../lib/gcc/nios2-elf/4.1.2/../../../../nios2-elf/lib\libc.a(lib_a-mprec.o)
 .data          0x00810248        0x0 i:/altera/nios2eds/bin/gnu/h-i686-mingw32/bin/../lib/gcc/nios2-elf/4.1.2/../../../../nios2-elf/lib\libc.a(lib_a-reallocr.o)
 .data          0x00810248        0x0 i:/altera/nios2eds/bin/gnu/h-i686-mingw32/bin/../lib/gcc/nios2-elf/4.1.2/../../../../nios2-elf/lib\libc.a(lib_a-s_isinfd.o)
 .data          0x00810248        0x0 i:/altera/nios2eds/bin/gnu/h-i686-mingw32/bin/../lib/gcc/nios2-elf/4.1.2/../../../../nios2-elf/lib\libc.a(lib_a-s_isnand.o)
 .data          0x00810248        0x0 i:/altera/nios2eds/bin/gnu/h-i686-mingw32/bin/../lib/gcc/nios2-elf/4.1.2/../../../../nios2-elf/lib\libc.a(lib_a-sbrkr.o)
 .data          0x00810248        0x0 i:/altera/nios2eds/bin/gnu/h-i686-mingw32/bin/../lib/gcc/nios2-elf/4.1.2/../../../../nios2-elf/lib\libc.a(lib_a-stdio.o)
 .data          0x00810248        0x0 i:/altera/nios2eds/bin/gnu/h-i686-mingw32/bin/../lib/gcc/nios2-elf/4.1.2/../../../../nios2-elf/lib\libc.a(lib_a-strcmp.o)
 .data          0x00810248        0x0 i:/altera/nios2eds/bin/gnu/h-i686-mingw32/bin/../lib/gcc/nios2-elf/4.1.2/../../../../nios2-elf/lib\libc.a(lib_a-strlen.o)
 .data          0x00810248        0x0 i:/altera/nios2eds/bin/gnu/h-i686-mingw32/bin/../lib/gcc/nios2-elf/4.1.2/../../../../nios2-elf/lib\libc.a(lib_a-writer.o)
 .data          0x00810248        0x0 i:/altera/nios2eds/bin/gnu/h-i686-mingw32/bin/../lib/gcc/nios2-elf/4.1.2/../../../../nios2-elf/lib\libc.a(lib_a-callocr.o)
 .data          0x00810248        0x0 i:/altera/nios2eds/bin/gnu/h-i686-mingw32/bin/../lib/gcc/nios2-elf/4.1.2/../../../../nios2-elf/lib\libc.a(lib_a-closer.o)
 .data          0x00810248        0x0 i:/altera/nios2eds/bin/gnu/h-i686-mingw32/bin/../lib/gcc/nios2-elf/4.1.2/../../../../nios2-elf/lib\libc.a(lib_a-fclose.o)
 .data          0x00810248        0x0 i:/altera/nios2eds/bin/gnu/h-i686-mingw32/bin/../lib/gcc/nios2-elf/4.1.2/../../../../nios2-elf/lib\libc.a(lib_a-fstatr.o)
 .data          0x00810248        0x0 i:/altera/nios2eds/bin/gnu/h-i686-mingw32/bin/../lib/gcc/nios2-elf/4.1.2/../../../../nios2-elf/lib\libc.a(lib_a-int_errno.o)
 .data          0x00810248        0x0 i:/altera/nios2eds/bin/gnu/h-i686-mingw32/bin/../lib/gcc/nios2-elf/4.1.2/../../../../nios2-elf/lib\libc.a(lib_a-isattyr.o)
 .data          0x00810248        0x0 i:/altera/nios2eds/bin/gnu/h-i686-mingw32/bin/../lib/gcc/nios2-elf/4.1.2/../../../../nios2-elf/lib\libc.a(lib_a-lseekr.o)
 .data          0x00810248        0x0 i:/altera/nios2eds/bin/gnu/h-i686-mingw32/bin/../lib/gcc/nios2-elf/4.1.2/../../../../nios2-elf/lib\libc.a(lib_a-readr.o)
 .data          0x00810248        0x0 i:/altera/nios2eds/bin/gnu/h-i686-mingw32/bin/../lib/gcc/nios2-elf/4.1.2\libgcc.a(_udivdi3.o)
 .data          0x00810248        0x0 i:/altera/nios2eds/bin/gnu/h-i686-mingw32/bin/../lib/gcc/nios2-elf/4.1.2\libgcc.a(_umoddi3.o)
 .data          0x00810248        0x0 i:/altera/nios2eds/bin/gnu/h-i686-mingw32/bin/../lib/gcc/nios2-elf/4.1.2\libgcc.a(_addsub_df.o)
 .data          0x00810248        0x0 i:/altera/nios2eds/bin/gnu/h-i686-mingw32/bin/../lib/gcc/nios2-elf/4.1.2\libgcc.a(_mul_df.o)
 .data          0x00810248        0x0 i:/altera/nios2eds/bin/gnu/h-i686-mingw32/bin/../lib/gcc/nios2-elf/4.1.2\libgcc.a(_div_df.o)
 .data          0x00810248        0x0 i:/altera/nios2eds/bin/gnu/h-i686-mingw32/bin/../lib/gcc/nios2-elf/4.1.2\libgcc.a(_eq_df.o)
 .data          0x00810248        0x0 i:/altera/nios2eds/bin/gnu/h-i686-mingw32/bin/../lib/gcc/nios2-elf/4.1.2\libgcc.a(_ne_df.o)
 .data          0x00810248        0x0 i:/altera/nios2eds/bin/gnu/h-i686-mingw32/bin/../lib/gcc/nios2-elf/4.1.2\libgcc.a(_gt_df.o)
 .data          0x00810248        0x0 i:/altera/nios2eds/bin/gnu/h-i686-mingw32/bin/../lib/gcc/nios2-elf/4.1.2\libgcc.a(_ge_df.o)
 .data          0x00810248        0x0 i:/altera/nios2eds/bin/gnu/h-i686-mingw32/bin/../lib/gcc/nios2-elf/4.1.2\libgcc.a(_lt_df.o)
 .data          0x00810248        0x0 i:/altera/nios2eds/bin/gnu/h-i686-mingw32/bin/../lib/gcc/nios2-elf/4.1.2\libgcc.a(_si_to_df.o)
 .data          0x00810248        0x0 i:/altera/nios2eds/bin/gnu/h-i686-mingw32/bin/../lib/gcc/nios2-elf/4.1.2\libgcc.a(_df_to_si.o)
 .data          0x00810248        0x0 i:/altera/nios2eds/bin/gnu/h-i686-mingw32/bin/../lib/gcc/nios2-elf/4.1.2\libgcc.a(_thenan_df.o)
 .data          0x00810248        0x0 i:/altera/nios2eds/bin/gnu/h-i686-mingw32/bin/../lib/gcc/nios2-elf/4.1.2\libgcc.a(_usi_to_df.o)
 .data          0x00810248        0x0 i:/altera/nios2eds/bin/gnu/h-i686-mingw32/bin/../lib/gcc/nios2-elf/4.1.2\libgcc.a(lib2-divmod.o)
 .data          0x00810248        0x0 i:/altera/nios2eds/bin/gnu/h-i686-mingw32/bin/../lib/gcc/nios2-elf/4.1.2\libgcc.a(_muldi3.o)
 .data          0x00810248        0x0 i:/altera/nios2eds/bin/gnu/h-i686-mingw32/bin/../lib/gcc/nios2-elf/4.1.2\libgcc.a(_clz.o)
 .data          0x00810248        0x0 i:/altera/nios2eds/bin/gnu/h-i686-mingw32/bin/../lib/gcc/nios2-elf/4.1.2\libgcc.a(_clzsi2.o)
 .data          0x00810248        0x0 i:/altera/nios2eds/bin/gnu/h-i686-mingw32/bin/../lib/gcc/nios2-elf/4.1.2\libgcc.a(_pack_df.o)
 .data          0x00810248        0x0 i:/altera/nios2eds/bin/gnu/h-i686-mingw32/bin/../lib/gcc/nios2-elf/4.1.2\libgcc.a(_unpack_df.o)
 .data          0x00810248        0x0 i:/altera/nios2eds/bin/gnu/h-i686-mingw32/bin/../lib/gcc/nios2-elf/4.1.2\libgcc.a(_fpcmp_parts_df.o)
 .data          0x00810248        0x0 ../helloworld_bsp\libhal_bsp.a(alt_close.o)
 .data          0x00810248      0x1a8 ../helloworld_bsp\libhal_bsp.a(alt_dev.o)
                0x00810248                alt_dev_null
                0x00810270                alt_fd_list
 .data          0x008103f0        0x0 ../helloworld_bsp\libhal_bsp.a(alt_errno.o)
 .data          0x008103f0        0x0 ../helloworld_bsp\libhal_bsp.a(alt_fstat.o)
 .data          0x008103f0        0x0 ../helloworld_bsp\libhal_bsp.a(alt_isatty.o)
 .data          0x008103f0        0x0 ../helloworld_bsp\libhal_bsp.a(alt_lseek.o)
 .data          0x008103f0        0x0 ../helloworld_bsp\libhal_bsp.a(alt_main.o)
 .data          0x008103f0        0x0 ../helloworld_bsp\libhal_bsp.a(alt_malloc_lock.o)
 .data          0x008103f0        0x0 ../helloworld_bsp\libhal_bsp.a(alt_read.o)
 .data          0x008103f0        0x0 ../helloworld_bsp\libhal_bsp.a(alt_release_fd.o)
 .data          0x008103f0        0x0 ../helloworld_bsp\libhal_bsp.a(alt_sbrk.o)
 .data          0x008103f0        0x0 ../helloworld_bsp\libhal_bsp.a(alt_write.o)
 .data          0x008103f0     0x120c ../helloworld_bsp\libhal_bsp.a(alt_sys_init.o)
 .data          0x008115fc        0x0 ../helloworld_bsp\libhal_bsp.a(altera_avalon_cfi_flash.o)
 .data          0x008115fc        0x0 ../helloworld_bsp\libhal_bsp.a(altera_avalon_cfi_flash_table.o)
 .data          0x008115fc        0x0 ../helloworld_bsp\libhal_bsp.a(altera_avalon_jtag_uart_fd.o)
 .data          0x008115fc        0x0 ../helloworld_bsp\libhal_bsp.a(altera_avalon_jtag_uart_init.o)
 .data          0x008115fc        0x0 ../helloworld_bsp\libhal_bsp.a(altera_avalon_jtag_uart_ioctl.o)
 .data          0x008115fc        0x0 ../helloworld_bsp\libhal_bsp.a(altera_avalon_jtag_uart_read.o)
 .data          0x008115fc        0x0 ../helloworld_bsp\libhal_bsp.a(altera_avalon_jtag_uart_write.o)
 .data          0x008115fc        0x0 ../helloworld_bsp\libhal_bsp.a(altera_avalon_timer_sc.o)
 .data          0x008115fc        0x0 ../helloworld_bsp\libhal_bsp.a(altera_up_avalon_ps2.o)
 .data          0x008115fc        0x0 ../helloworld_bsp\libhal_bsp.a(altera_up_avalon_video_character_buffer_with_dma.o)
 .data          0x008115fc        0x0 ../helloworld_bsp\libhal_bsp.a(alt_alarm_start.o)
 .data          0x008115fc        0x0 ../helloworld_bsp\libhal_bsp.a(alt_dcache_flush.o)
 .data          0x008115fc        0x0 ../helloworld_bsp\libhal_bsp.a(alt_dev_llist_insert.o)
 .data          0x008115fc        0x0 ../helloworld_bsp\libhal_bsp.a(alt_do_ctors.o)
 .data          0x008115fc        0x0 ../helloworld_bsp\libhal_bsp.a(alt_do_dtors.o)
 .data          0x008115fc        0x0 ../helloworld_bsp\libhal_bsp.a(alt_find_dev.o)
 .data          0x008115fc        0x0 ../helloworld_bsp\libhal_bsp.a(alt_flash_dev.o)
 .data          0x008115fc        0x0 ../helloworld_bsp\libhal_bsp.a(alt_io_redirect.o)
 .data          0x008115fc        0x0 ../helloworld_bsp\libhal_bsp.a(alt_irq_register.o)
 .data          0x008115fc        0x0 ../helloworld_bsp\libhal_bsp.a(alt_irq_vars.o)
 .data          0x008115fc        0x0 ../helloworld_bsp\libhal_bsp.a(alt_open.o)
 .data          0x008115fc        0x0 ../helloworld_bsp\libhal_bsp.a(alt_tick.o)
 .data          0x008115fc        0x0 ../helloworld_bsp\libhal_bsp.a(altera_nios2_irq.o)
 .data          0x008115fc        0x0 ../helloworld_bsp\libhal_bsp.a(altera_avalon_cfi_flash_amd.o)
 .data          0x008115fc        0x0 ../helloworld_bsp\libhal_bsp.a(altera_avalon_cfi_flash_intel.o)
 .data          0x008115fc        0x0 ../helloworld_bsp\libhal_bsp.a(alt_find_file.o)
 .data          0x008115fc        0x0 ../helloworld_bsp\libhal_bsp.a(alt_get_fd.o)
 .data          0x008115fc        0x0 ../helloworld_bsp\libhal_bsp.a(alt_irq_entry.o)
 .data          0x008115fc        0x0 ../helloworld_bsp\libhal_bsp.a(alt_irq_handler.o)
 .data          0x008115fc        0x0 ../helloworld_bsp\libhal_bsp.a(alt_usleep.o)
 .data          0x008115fc        0x0 ../helloworld_bsp\libhal_bsp.a(alt_busy_sleep.o)
 .data          0x008115fc        0x0 ../helloworld_bsp\libhal_bsp.a(alt_exception_entry.o)
 .data          0x008115fc        0x0 i:/altera/nios2eds/bin/gnu/h-i686-mingw32/bin/../lib/gcc/nios2-elf/4.1.2/../../../../nios2-elf/lib\libc.a(lib_a-atexit.o)
 .data          0x008115fc        0x0 i:/altera/nios2eds/bin/gnu/h-i686-mingw32/bin/../lib/gcc/nios2-elf/4.1.2/../../../../nios2-elf/lib\libc.a(lib_a-exit.o)
 .data          0x008115fc        0x0 i:/altera/nios2eds/bin/gnu/h-i686-mingw32/bin/../lib/gcc/nios2-elf/4.1.2/../../../../nios2-elf/lib\libc.a(lib_a-memcmp.o)
 .data          0x008115fc        0x0 i:/altera/nios2eds/bin/gnu/h-i686-mingw32/bin/../lib/gcc/nios2-elf/4.1.2/../../../../nios2-elf/lib\libc.a(lib_a-__atexit.o)
 .data          0x008115fc        0x0 i:/altera/nios2eds/bin/gnu/h-i686-mingw32/bin/../lib/gcc/nios2-elf/4.1.2/../../../../nios2-elf/lib\libc.a(lib_a-__call_atexit.o)
 .data          0x008115fc        0x0 ../helloworld_bsp\libhal_bsp.a(alt_exit.o)
                0x008195fc                _gp = ABSOLUTE ((. + 0x8000))
                0x008195fc                PROVIDE (gp, _gp)
 *(.sdata .sdata.* .gnu.linkonce.s.*)
 .sdata         0x008115fc        0x8 i:/altera/nios2eds/bin/gnu/h-i686-mingw32/bin/../lib/gcc/nios2-elf/4.1.2/../../../../nios2-elf/lib\libc.a(lib_a-impure.o)
                0x008115fc                _impure_ptr
                0x00811600                _global_impure_ptr
 .sdata         0x00811604        0x8 i:/altera/nios2eds/bin/gnu/h-i686-mingw32/bin/../lib/gcc/nios2-elf/4.1.2/../../../../nios2-elf/lib\libc.a(lib_a-locale.o)
                0x00811604                __mb_cur_max
 .sdata         0x0081160c        0x8 i:/altera/nios2eds/bin/gnu/h-i686-mingw32/bin/../lib/gcc/nios2-elf/4.1.2/../../../../nios2-elf/lib\libc.a(lib_a-mallocr.o)
                0x0081160c                __malloc_trim_threshold
                0x00811610                __malloc_sbrk_base
 .sdata         0x00811614       0x14 ../helloworld_bsp\libhal_bsp.a(alt_dev.o)
                0x00811614                alt_fs_list
                0x0081161c                alt_dev_list
                0x00811624                alt_max_fd
 .sdata         0x00811628        0x4 ../helloworld_bsp\libhal_bsp.a(alt_errno.o)
                0x00811628                alt_errno
 .sdata         0x0081162c        0x4 ../helloworld_bsp\libhal_bsp.a(alt_sbrk.o)
 .sdata         0x00811630        0x8 ../helloworld_bsp\libhal_bsp.a(alt_flash_dev.o)
                0x00811630                alt_flash_dev_list
 .sdata         0x00811638        0x4 ../helloworld_bsp\libhal_bsp.a(alt_irq_vars.o)
                0x00811638                alt_priority_mask
 .sdata         0x0081163c        0x8 ../helloworld_bsp\libhal_bsp.a(alt_tick.o)
                0x0081163c                alt_alarm_list
 *(.sdata2 .sdata2.* .gnu.linkonce.s2.*)
                0x00811644                . = ALIGN (0x4)
                0x00811644                _edata = ABSOLUTE (.)
                0x00811644                PROVIDE (edata, ABSOLUTE (.))
                0x00811644                PROVIDE (__ram_rwdata_end, ABSOLUTE (.))
                0x0080fa34                PROVIDE (__flash_rwdata_start, LOADADDR (.rwdata))

.bss            0x00811644      0x2ec
                0x00811644                __bss_start = ABSOLUTE (.)
                0x00811644                PROVIDE (__sbss_start, ABSOLUTE (.))
                0x00811644                PROVIDE (___sbss_start, ABSOLUTE (.))
 *(.dynsbss)
 *(.sbss .sbss.* .gnu.linkonce.sb.*)
 .sbss          0x00811644        0xc i:/altera/nios2eds/bin/gnu/h-i686-mingw32/bin/../lib/gcc/nios2-elf/4.1.2/../../../../nios2-elf/lib\libc.a(lib_a-locale.o)
                0x00811644                __nlocale_changed
                0x00811648                __mlocale_changed
                0x0081164c                _PathLocale
 .sbss          0x00811650        0xc i:/altera/nios2eds/bin/gnu/h-i686-mingw32/bin/../lib/gcc/nios2-elf/4.1.2/../../../../nios2-elf/lib\libc.a(lib_a-mallocr.o)
                0x00811650                __malloc_top_pad
                0x00811654                __malloc_max_sbrked_mem
                0x00811658                __malloc_max_total_mem
 .sbss          0x0081165c        0x4 i:/altera/nios2eds/bin/gnu/h-i686-mingw32/bin/../lib/gcc/nios2-elf/4.1.2/../../../../nios2-elf/lib\libc.a(lib_a-int_errno.o)
                0x0081165c                errno
 .sbss          0x00811660        0xc ../helloworld_bsp\libhal_bsp.a(alt_main.o)
                0x00811660                alt_argc
                0x00811664                alt_argv
                0x00811668                alt_envp
 .sbss          0x0081166c        0x4 ../helloworld_bsp\libhal_bsp.a(alt_irq_vars.o)
                0x0081166c                alt_irq_active
 .sbss          0x00811670        0x8 ../helloworld_bsp\libhal_bsp.a(alt_tick.o)
                0x00811670                _alt_tick_rate
                0x00811674                _alt_nticks
 *(.sbss2 .sbss2.* .gnu.linkonce.sb2.*)
 *(.scommon)
                0x00811678                PROVIDE (__sbss_end, ABSOLUTE (.))
                0x00811678                PROVIDE (___sbss_end, ABSOLUTE (.))
 *(.dynbss)
 *(.bss .bss.* .gnu.linkonce.b.*)
 .bss           0x00811678        0x0 ../helloworld_bsp/obj/HAL/src/crt0.o
 .bss           0x00811678        0x0 obj/main.o
 .bss           0x00811678        0x0 i:/altera/nios2eds/bin/gnu/h-i686-mingw32/bin/../lib/gcc/nios2-elf/4.1.2/../../../../nios2-elf/lib\libc.a(lib_a-printf.o)
 .bss           0x00811678        0x0 i:/altera/nios2eds/bin/gnu/h-i686-mingw32/bin/../lib/gcc/nios2-elf/4.1.2/../../../../nios2-elf/lib\libc.a(lib_a-vfprintf.o)
 .bss           0x00811678        0x0 i:/altera/nios2eds/bin/gnu/h-i686-mingw32/bin/../lib/gcc/nios2-elf/4.1.2/../../../../nios2-elf/lib\libc.a(lib_a-wsetup.o)
 .bss           0x00811678        0x0 i:/altera/nios2eds/bin/gnu/h-i686-mingw32/bin/../lib/gcc/nios2-elf/4.1.2/../../../../nios2-elf/lib\libc.a(lib_a-dtoa.o)
 .bss           0x00811678        0x0 i:/altera/nios2eds/bin/gnu/h-i686-mingw32/bin/../lib/gcc/nios2-elf/4.1.2/../../../../nios2-elf/lib\libc.a(lib_a-fflush.o)
 .bss           0x00811678        0x0 i:/altera/nios2eds/bin/gnu/h-i686-mingw32/bin/../lib/gcc/nios2-elf/4.1.2/../../../../nios2-elf/lib\libc.a(lib_a-findfp.o)
 .bss           0x00811678        0x0 i:/altera/nios2eds/bin/gnu/h-i686-mingw32/bin/../lib/gcc/nios2-elf/4.1.2/../../../../nios2-elf/lib\libc.a(lib_a-freer.o)
 .bss           0x00811678        0x0 i:/altera/nios2eds/bin/gnu/h-i686-mingw32/bin/../lib/gcc/nios2-elf/4.1.2/../../../../nios2-elf/lib\libc.a(lib_a-fvwrite.o)
 .bss           0x00811678        0x0 i:/altera/nios2eds/bin/gnu/h-i686-mingw32/bin/../lib/gcc/nios2-elf/4.1.2/../../../../nios2-elf/lib\libc.a(lib_a-fwalk.o)
 .bss           0x00811678        0x0 i:/altera/nios2eds/bin/gnu/h-i686-mingw32/bin/../lib/gcc/nios2-elf/4.1.2/../../../../nios2-elf/lib\libc.a(lib_a-impure.o)
 .bss           0x00811678        0x0 i:/altera/nios2eds/bin/gnu/h-i686-mingw32/bin/../lib/gcc/nios2-elf/4.1.2/../../../../nios2-elf/lib\libc.a(lib_a-locale.o)
 .bss           0x00811678        0x0 i:/altera/nios2eds/bin/gnu/h-i686-mingw32/bin/../lib/gcc/nios2-elf/4.1.2/../../../../nios2-elf/lib\libc.a(lib_a-makebuf.o)
 .bss           0x00811678       0x28 i:/altera/nios2eds/bin/gnu/h-i686-mingw32/bin/../lib/gcc/nios2-elf/4.1.2/../../../../nios2-elf/lib\libc.a(lib_a-mallocr.o)
                0x00811678                __malloc_current_mallinfo
 .bss           0x008116a0        0x0 i:/altera/nios2eds/bin/gnu/h-i686-mingw32/bin/../lib/gcc/nios2-elf/4.1.2/../../../../nios2-elf/lib\libc.a(lib_a-memchr.o)
 .bss           0x008116a0        0x0 i:/altera/nios2eds/bin/gnu/h-i686-mingw32/bin/../lib/gcc/nios2-elf/4.1.2/../../../../nios2-elf/lib\libc.a(lib_a-memcpy.o)
 .bss           0x008116a0        0x0 i:/altera/nios2eds/bin/gnu/h-i686-mingw32/bin/../lib/gcc/nios2-elf/4.1.2/../../../../nios2-elf/lib\libc.a(lib_a-memmove.o)
 .bss           0x008116a0        0x0 i:/altera/nios2eds/bin/gnu/h-i686-mingw32/bin/../lib/gcc/nios2-elf/4.1.2/../../../../nios2-elf/lib\libc.a(lib_a-memset.o)
 .bss           0x008116a0        0x0 i:/altera/nios2eds/bin/gnu/h-i686-mingw32/bin/../lib/gcc/nios2-elf/4.1.2/../../../../nios2-elf/lib\libc.a(lib_a-mprec.o)
 .bss           0x008116a0        0x0 i:/altera/nios2eds/bin/gnu/h-i686-mingw32/bin/../lib/gcc/nios2-elf/4.1.2/../../../../nios2-elf/lib\libc.a(lib_a-reallocr.o)
 .bss           0x008116a0        0x0 i:/altera/nios2eds/bin/gnu/h-i686-mingw32/bin/../lib/gcc/nios2-elf/4.1.2/../../../../nios2-elf/lib\libc.a(lib_a-s_isinfd.o)
 .bss           0x008116a0        0x0 i:/altera/nios2eds/bin/gnu/h-i686-mingw32/bin/../lib/gcc/nios2-elf/4.1.2/../../../../nios2-elf/lib\libc.a(lib_a-s_isnand.o)
 .bss           0x008116a0        0x0 i:/altera/nios2eds/bin/gnu/h-i686-mingw32/bin/../lib/gcc/nios2-elf/4.1.2/../../../../nios2-elf/lib\libc.a(lib_a-sbrkr.o)
 .bss           0x008116a0        0x0 i:/altera/nios2eds/bin/gnu/h-i686-mingw32/bin/../lib/gcc/nios2-elf/4.1.2/../../../../nios2-elf/lib\libc.a(lib_a-stdio.o)
 .bss           0x008116a0        0x0 i:/altera/nios2eds/bin/gnu/h-i686-mingw32/bin/../lib/gcc/nios2-elf/4.1.2/../../../../nios2-elf/lib\libc.a(lib_a-strcmp.o)
 .bss           0x008116a0        0x0 i:/altera/nios2eds/bin/gnu/h-i686-mingw32/bin/../lib/gcc/nios2-elf/4.1.2/../../../../nios2-elf/lib\libc.a(lib_a-strlen.o)
 .bss           0x008116a0        0x0 i:/altera/nios2eds/bin/gnu/h-i686-mingw32/bin/../lib/gcc/nios2-elf/4.1.2/../../../../nios2-elf/lib\libc.a(lib_a-writer.o)
 .bss           0x008116a0        0x0 i:/altera/nios2eds/bin/gnu/h-i686-mingw32/bin/../lib/gcc/nios2-elf/4.1.2/../../../../nios2-elf/lib\libc.a(lib_a-callocr.o)
 .bss           0x008116a0        0x0 i:/altera/nios2eds/bin/gnu/h-i686-mingw32/bin/../lib/gcc/nios2-elf/4.1.2/../../../../nios2-elf/lib\libc.a(lib_a-closer.o)
 .bss           0x008116a0        0x0 i:/altera/nios2eds/bin/gnu/h-i686-mingw32/bin/../lib/gcc/nios2-elf/4.1.2/../../../../nios2-elf/lib\libc.a(lib_a-fclose.o)
 .bss           0x008116a0        0x0 i:/altera/nios2eds/bin/gnu/h-i686-mingw32/bin/../lib/gcc/nios2-elf/4.1.2/../../../../nios2-elf/lib\libc.a(lib_a-fstatr.o)
 .bss           0x008116a0        0x0 i:/altera/nios2eds/bin/gnu/h-i686-mingw32/bin/../lib/gcc/nios2-elf/4.1.2/../../../../nios2-elf/lib\libc.a(lib_a-int_errno.o)
 .bss           0x008116a0        0x0 i:/altera/nios2eds/bin/gnu/h-i686-mingw32/bin/../lib/gcc/nios2-elf/4.1.2/../../../../nios2-elf/lib\libc.a(lib_a-isattyr.o)
 .bss           0x008116a0        0x0 i:/altera/nios2eds/bin/gnu/h-i686-mingw32/bin/../lib/gcc/nios2-elf/4.1.2/../../../../nios2-elf/lib\libc.a(lib_a-lseekr.o)
 .bss           0x008116a0        0x0 i:/altera/nios2eds/bin/gnu/h-i686-mingw32/bin/../lib/gcc/nios2-elf/4.1.2/../../../../nios2-elf/lib\libc.a(lib_a-readr.o)
 .bss           0x008116a0        0x0 i:/altera/nios2eds/bin/gnu/h-i686-mingw32/bin/../lib/gcc/nios2-elf/4.1.2\libgcc.a(_udivdi3.o)
 .bss           0x008116a0        0x0 i:/altera/nios2eds/bin/gnu/h-i686-mingw32/bin/../lib/gcc/nios2-elf/4.1.2\libgcc.a(_umoddi3.o)
 .bss           0x008116a0        0x0 i:/altera/nios2eds/bin/gnu/h-i686-mingw32/bin/../lib/gcc/nios2-elf/4.1.2\libgcc.a(_addsub_df.o)
 .bss           0x008116a0        0x0 i:/altera/nios2eds/bin/gnu/h-i686-mingw32/bin/../lib/gcc/nios2-elf/4.1.2\libgcc.a(_mul_df.o)
 .bss           0x008116a0        0x0 i:/altera/nios2eds/bin/gnu/h-i686-mingw32/bin/../lib/gcc/nios2-elf/4.1.2\libgcc.a(_div_df.o)
 .bss           0x008116a0        0x0 i:/altera/nios2eds/bin/gnu/h-i686-mingw32/bin/../lib/gcc/nios2-elf/4.1.2\libgcc.a(_eq_df.o)
 .bss           0x008116a0        0x0 i:/altera/nios2eds/bin/gnu/h-i686-mingw32/bin/../lib/gcc/nios2-elf/4.1.2\libgcc.a(_ne_df.o)
 .bss           0x008116a0        0x0 i:/altera/nios2eds/bin/gnu/h-i686-mingw32/bin/../lib/gcc/nios2-elf/4.1.2\libgcc.a(_gt_df.o)
 .bss           0x008116a0        0x0 i:/altera/nios2eds/bin/gnu/h-i686-mingw32/bin/../lib/gcc/nios2-elf/4.1.2\libgcc.a(_ge_df.o)
 .bss           0x008116a0        0x0 i:/altera/nios2eds/bin/gnu/h-i686-mingw32/bin/../lib/gcc/nios2-elf/4.1.2\libgcc.a(_lt_df.o)
 .bss           0x008116a0        0x0 i:/altera/nios2eds/bin/gnu/h-i686-mingw32/bin/../lib/gcc/nios2-elf/4.1.2\libgcc.a(_si_to_df.o)
 .bss           0x008116a0        0x0 i:/altera/nios2eds/bin/gnu/h-i686-mingw32/bin/../lib/gcc/nios2-elf/4.1.2\libgcc.a(_df_to_si.o)
 .bss           0x008116a0        0x0 i:/altera/nios2eds/bin/gnu/h-i686-mingw32/bin/../lib/gcc/nios2-elf/4.1.2\libgcc.a(_thenan_df.o)
 .bss           0x008116a0        0x0 i:/altera/nios2eds/bin/gnu/h-i686-mingw32/bin/../lib/gcc/nios2-elf/4.1.2\libgcc.a(_usi_to_df.o)
 .bss           0x008116a0        0x0 i:/altera/nios2eds/bin/gnu/h-i686-mingw32/bin/../lib/gcc/nios2-elf/4.1.2\libgcc.a(lib2-divmod.o)
 .bss           0x008116a0        0x0 i:/altera/nios2eds/bin/gnu/h-i686-mingw32/bin/../lib/gcc/nios2-elf/4.1.2\libgcc.a(_muldi3.o)
 .bss           0x008116a0        0x0 i:/altera/nios2eds/bin/gnu/h-i686-mingw32/bin/../lib/gcc/nios2-elf/4.1.2\libgcc.a(_clz.o)
 .bss           0x008116a0        0x0 i:/altera/nios2eds/bin/gnu/h-i686-mingw32/bin/../lib/gcc/nios2-elf/4.1.2\libgcc.a(_clzsi2.o)
 .bss           0x008116a0        0x0 i:/altera/nios2eds/bin/gnu/h-i686-mingw32/bin/../lib/gcc/nios2-elf/4.1.2\libgcc.a(_pack_df.o)
 .bss           0x008116a0        0x0 i:/altera/nios2eds/bin/gnu/h-i686-mingw32/bin/../lib/gcc/nios2-elf/4.1.2\libgcc.a(_unpack_df.o)
 .bss           0x008116a0        0x0 i:/altera/nios2eds/bin/gnu/h-i686-mingw32/bin/../lib/gcc/nios2-elf/4.1.2\libgcc.a(_fpcmp_parts_df.o)
 .bss           0x008116a0        0x0 ../helloworld_bsp\libhal_bsp.a(alt_close.o)
 .bss           0x008116a0        0x0 ../helloworld_bsp\libhal_bsp.a(alt_dev.o)
 .bss           0x008116a0        0x0 ../helloworld_bsp\libhal_bsp.a(alt_errno.o)
 .bss           0x008116a0        0x0 ../helloworld_bsp\libhal_bsp.a(alt_fstat.o)
 .bss           0x008116a0        0x0 ../helloworld_bsp\libhal_bsp.a(alt_isatty.o)
 .bss           0x008116a0        0x0 ../helloworld_bsp\libhal_bsp.a(alt_lseek.o)
 .bss           0x008116a0        0x0 ../helloworld_bsp\libhal_bsp.a(alt_main.o)
 .bss           0x008116a0        0x0 ../helloworld_bsp\libhal_bsp.a(alt_malloc_lock.o)
 .bss           0x008116a0        0x0 ../helloworld_bsp\libhal_bsp.a(alt_read.o)
 .bss           0x008116a0        0x0 ../helloworld_bsp\libhal_bsp.a(alt_release_fd.o)
 .bss           0x008116a0        0x0 ../helloworld_bsp\libhal_bsp.a(alt_sbrk.o)
 .bss           0x008116a0        0x0 ../helloworld_bsp\libhal_bsp.a(alt_write.o)
 .bss           0x008116a0        0x0 ../helloworld_bsp\libhal_bsp.a(alt_sys_init.o)
 .bss           0x008116a0        0x0 ../helloworld_bsp\libhal_bsp.a(altera_avalon_cfi_flash.o)
 .bss           0x008116a0        0x0 ../helloworld_bsp\libhal_bsp.a(altera_avalon_cfi_flash_table.o)
 .bss           0x008116a0        0x0 ../helloworld_bsp\libhal_bsp.a(altera_avalon_jtag_uart_fd.o)
 .bss           0x008116a0        0x0 ../helloworld_bsp\libhal_bsp.a(altera_avalon_jtag_uart_init.o)
 .bss           0x008116a0        0x0 ../helloworld_bsp\libhal_bsp.a(altera_avalon_jtag_uart_ioctl.o)
 .bss           0x008116a0        0x0 ../helloworld_bsp\libhal_bsp.a(altera_avalon_jtag_uart_read.o)
 .bss           0x008116a0        0x0 ../helloworld_bsp\libhal_bsp.a(altera_avalon_jtag_uart_write.o)
 .bss           0x008116a0        0x0 ../helloworld_bsp\libhal_bsp.a(altera_avalon_timer_sc.o)
 .bss           0x008116a0        0x0 ../helloworld_bsp\libhal_bsp.a(altera_up_avalon_ps2.o)
 .bss           0x008116a0        0x0 ../helloworld_bsp\libhal_bsp.a(altera_up_avalon_video_character_buffer_with_dma.o)
 .bss           0x008116a0        0x0 ../helloworld_bsp\libhal_bsp.a(alt_alarm_start.o)
 .bss           0x008116a0        0x0 ../helloworld_bsp\libhal_bsp.a(alt_dcache_flush.o)
 .bss           0x008116a0        0x0 ../helloworld_bsp\libhal_bsp.a(alt_dev_llist_insert.o)
 .bss           0x008116a0        0x0 ../helloworld_bsp\libhal_bsp.a(alt_do_ctors.o)
 .bss           0x008116a0        0x0 ../helloworld_bsp\libhal_bsp.a(alt_do_dtors.o)
 .bss           0x008116a0        0x0 ../helloworld_bsp\libhal_bsp.a(alt_find_dev.o)
 .bss           0x008116a0        0x0 ../helloworld_bsp\libhal_bsp.a(alt_flash_dev.o)
 .bss           0x008116a0        0x0 ../helloworld_bsp\libhal_bsp.a(alt_io_redirect.o)
 .bss           0x008116a0        0x0 ../helloworld_bsp\libhal_bsp.a(alt_irq_register.o)
 .bss           0x008116a0        0x0 ../helloworld_bsp\libhal_bsp.a(alt_irq_vars.o)
 .bss           0x008116a0        0x0 ../helloworld_bsp\libhal_bsp.a(alt_open.o)
 .bss           0x008116a0        0x0 ../helloworld_bsp\libhal_bsp.a(alt_tick.o)
 .bss           0x008116a0        0x0 ../helloworld_bsp\libhal_bsp.a(altera_nios2_irq.o)
 .bss           0x008116a0        0x0 ../helloworld_bsp\libhal_bsp.a(altera_avalon_cfi_flash_amd.o)
 .bss           0x008116a0        0x0 ../helloworld_bsp\libhal_bsp.a(altera_avalon_cfi_flash_intel.o)
 .bss           0x008116a0        0x0 ../helloworld_bsp\libhal_bsp.a(alt_find_file.o)
 .bss           0x008116a0        0x0 ../helloworld_bsp\libhal_bsp.a(alt_get_fd.o)
 .bss           0x008116a0        0x0 ../helloworld_bsp\libhal_bsp.a(alt_irq_entry.o)
 .bss           0x008116a0        0x0 ../helloworld_bsp\libhal_bsp.a(alt_irq_handler.o)
 .bss           0x008116a0        0x0 ../helloworld_bsp\libhal_bsp.a(alt_usleep.o)
 .bss           0x008116a0        0x0 ../helloworld_bsp\libhal_bsp.a(alt_busy_sleep.o)
 .bss           0x008116a0        0x0 ../helloworld_bsp\libhal_bsp.a(alt_exception_entry.o)
 .bss           0x008116a0        0x0 i:/altera/nios2eds/bin/gnu/h-i686-mingw32/bin/../lib/gcc/nios2-elf/4.1.2/../../../../nios2-elf/lib\libc.a(lib_a-atexit.o)
 .bss           0x008116a0        0x0 i:/altera/nios2eds/bin/gnu/h-i686-mingw32/bin/../lib/gcc/nios2-elf/4.1.2/../../../../nios2-elf/lib\libc.a(lib_a-exit.o)
 .bss           0x008116a0        0x0 i:/altera/nios2eds/bin/gnu/h-i686-mingw32/bin/../lib/gcc/nios2-elf/4.1.2/../../../../nios2-elf/lib\libc.a(lib_a-memcmp.o)
 .bss           0x008116a0        0x0 i:/altera/nios2eds/bin/gnu/h-i686-mingw32/bin/../lib/gcc/nios2-elf/4.1.2/../../../../nios2-elf/lib\libc.a(lib_a-__atexit.o)
 .bss           0x008116a0        0x0 i:/altera/nios2eds/bin/gnu/h-i686-mingw32/bin/../lib/gcc/nios2-elf/4.1.2/../../../../nios2-elf/lib\libc.a(lib_a-__call_atexit.o)
 .bss           0x008116a0        0x0 ../helloworld_bsp\libhal_bsp.a(alt_exit.o)
 *(COMMON)
 COMMON         0x008116a0      0x100 ../helloworld_bsp\libhal_bsp.a(alt_irq_handler.o)
                0x008116a0                alt_irq
 COMMON         0x008117a0      0x190 i:/altera/nios2eds/bin/gnu/h-i686-mingw32/bin/../lib/gcc/nios2-elf/4.1.2/../../../../nios2-elf/lib\libc.a(lib_a-atexit.o)
                0x008117a0                _atexit0
                0x00811930                . = ALIGN (0x4)
                0x00811930                __bss_end = ABSOLUTE (.)

.sdram          0x00811930        0x0
                0x00811930                PROVIDE (_alt_partition_sdram_start, ABSOLUTE (.))
 *(.sdram. sdram.*)
                0x00811930                . = ALIGN (0x4)
                0x00811930                PROVIDE (_alt_partition_sdram_end, ABSOLUTE (.))
                0x00811930                _end = ABSOLUTE (.)
                0x00811930                end = ABSOLUTE (.)
                0x00811930                __alt_stack_base = ABSOLUTE (.)
                0x00811930                PROVIDE (_alt_partition_sdram_load_addr, LOADADDR (.sdram))

.cfi_flash      0x01400020        0x0
                0x01400020                PROVIDE (_alt_partition_cfi_flash_start, ABSOLUTE (.))
 *(.cfi_flash. cfi_flash.*)
                0x01400020                . = ALIGN (0x4)
                0x01400020                PROVIDE (_alt_partition_cfi_flash_end, ABSOLUTE (.))
                0x01400020                PROVIDE (_alt_partition_cfi_flash_load_addr, LOADADDR (.cfi_flash))

.onchip_memory  0x01800000        0x0
                0x01800000                PROVIDE (_alt_partition_onchip_memory_start, ABSOLUTE (.))
 *(.onchip_memory. onchip_memory.*)
                0x01800000                . = ALIGN (0x4)
                0x01800000                PROVIDE (_alt_partition_onchip_memory_end, ABSOLUTE (.))
                0x01800000                PROVIDE (_alt_partition_onchip_memory_load_addr, LOADADDR (.onchip_memory))

.stab
 *(.stab)

.stabstr
 *(.stabstr)

.stab.excl
 *(.stab.excl)

.stab.exclstr
 *(.stab.exclstr)

.stab.index
 *(.stab.index)

.stab.indexstr
 *(.stab.indexstr)

.comment        0x00000000       0x23
 *(.comment)
 .comment       0x00000000       0x23 obj/main.o
                                 0x24 (size before relaxing)
 .comment       0x00000000       0x24 i:/altera/nios2eds/bin/gnu/h-i686-mingw32/bin/../lib/gcc/nios2-elf/4.1.2/../../../../nios2-elf/lib\libc.a(lib_a-printf.o)
 .comment       0x00000000       0x24 i:/altera/nios2eds/bin/gnu/h-i686-mingw32/bin/../lib/gcc/nios2-elf/4.1.2/../../../../nios2-elf/lib\libc.a(lib_a-vfprintf.o)
 .comment       0x00000000       0x24 i:/altera/nios2eds/bin/gnu/h-i686-mingw32/bin/../lib/gcc/nios2-elf/4.1.2/../../../../nios2-elf/lib\libc.a(lib_a-wsetup.o)
 .comment       0x00000000       0x24 i:/altera/nios2eds/bin/gnu/h-i686-mingw32/bin/../lib/gcc/nios2-elf/4.1.2/../../../../nios2-elf/lib\libc.a(lib_a-dtoa.o)
 .comment       0x00000000       0x24 i:/altera/nios2eds/bin/gnu/h-i686-mingw32/bin/../lib/gcc/nios2-elf/4.1.2/../../../../nios2-elf/lib\libc.a(lib_a-fflush.o)
 .comment       0x00000000       0x24 i:/altera/nios2eds/bin/gnu/h-i686-mingw32/bin/../lib/gcc/nios2-elf/4.1.2/../../../../nios2-elf/lib\libc.a(lib_a-findfp.o)
 .comment       0x00000000       0x24 i:/altera/nios2eds/bin/gnu/h-i686-mingw32/bin/../lib/gcc/nios2-elf/4.1.2/../../../../nios2-elf/lib\libc.a(lib_a-freer.o)
 .comment       0x00000000       0x24 i:/altera/nios2eds/bin/gnu/h-i686-mingw32/bin/../lib/gcc/nios2-elf/4.1.2/../../../../nios2-elf/lib\libc.a(lib_a-fvwrite.o)
 .comment       0x00000000       0x24 i:/altera/nios2eds/bin/gnu/h-i686-mingw32/bin/../lib/gcc/nios2-elf/4.1.2/../../../../nios2-elf/lib\libc.a(lib_a-fwalk.o)
 .comment       0x00000000       0x24 i:/altera/nios2eds/bin/gnu/h-i686-mingw32/bin/../lib/gcc/nios2-elf/4.1.2/../../../../nios2-elf/lib\libc.a(lib_a-impure.o)
 .comment       0x00000000       0x24 i:/altera/nios2eds/bin/gnu/h-i686-mingw32/bin/../lib/gcc/nios2-elf/4.1.2/../../../../nios2-elf/lib\libc.a(lib_a-locale.o)
 .comment       0x00000000       0x24 i:/altera/nios2eds/bin/gnu/h-i686-mingw32/bin/../lib/gcc/nios2-elf/4.1.2/../../../../nios2-elf/lib\libc.a(lib_a-makebuf.o)
 .comment       0x00000000       0x24 i:/altera/nios2eds/bin/gnu/h-i686-mingw32/bin/../lib/gcc/nios2-elf/4.1.2/../../../../nios2-elf/lib\libc.a(lib_a-mallocr.o)
 .comment       0x00000000       0x24 i:/altera/nios2eds/bin/gnu/h-i686-mingw32/bin/../lib/gcc/nios2-elf/4.1.2/../../../../nios2-elf/lib\libc.a(lib_a-memchr.o)
 .comment       0x00000000       0x24 i:/altera/nios2eds/bin/gnu/h-i686-mingw32/bin/../lib/gcc/nios2-elf/4.1.2/../../../../nios2-elf/lib\libc.a(lib_a-memcpy.o)
 .comment       0x00000000       0x24 i:/altera/nios2eds/bin/gnu/h-i686-mingw32/bin/../lib/gcc/nios2-elf/4.1.2/../../../../nios2-elf/lib\libc.a(lib_a-memmove.o)
 .comment       0x00000000       0x24 i:/altera/nios2eds/bin/gnu/h-i686-mingw32/bin/../lib/gcc/nios2-elf/4.1.2/../../../../nios2-elf/lib\libc.a(lib_a-memset.o)
 .comment       0x00000000       0x24 i:/altera/nios2eds/bin/gnu/h-i686-mingw32/bin/../lib/gcc/nios2-elf/4.1.2/../../../../nios2-elf/lib\libc.a(lib_a-mprec.o)
 .comment       0x00000000       0x24 i:/altera/nios2eds/bin/gnu/h-i686-mingw32/bin/../lib/gcc/nios2-elf/4.1.2/../../../../nios2-elf/lib\libc.a(lib_a-reallocr.o)
 .comment       0x00000000       0x24 i:/altera/nios2eds/bin/gnu/h-i686-mingw32/bin/../lib/gcc/nios2-elf/4.1.2/../../../../nios2-elf/lib\libc.a(lib_a-s_isinfd.o)
 .comment       0x00000000       0x24 i:/altera/nios2eds/bin/gnu/h-i686-mingw32/bin/../lib/gcc/nios2-elf/4.1.2/../../../../nios2-elf/lib\libc.a(lib_a-s_isnand.o)
 .comment       0x00000000       0x24 i:/altera/nios2eds/bin/gnu/h-i686-mingw32/bin/../lib/gcc/nios2-elf/4.1.2/../../../../nios2-elf/lib\libc.a(lib_a-sbrkr.o)
 .comment       0x00000000       0x24 i:/altera/nios2eds/bin/gnu/h-i686-mingw32/bin/../lib/gcc/nios2-elf/4.1.2/../../../../nios2-elf/lib\libc.a(lib_a-stdio.o)
 .comment       0x00000000       0x24 i:/altera/nios2eds/bin/gnu/h-i686-mingw32/bin/../lib/gcc/nios2-elf/4.1.2/../../../../nios2-elf/lib\libc.a(lib_a-strcmp.o)
 .comment       0x00000000       0x24 i:/altera/nios2eds/bin/gnu/h-i686-mingw32/bin/../lib/gcc/nios2-elf/4.1.2/../../../../nios2-elf/lib\libc.a(lib_a-strlen.o)
 .comment       0x00000000       0x24 i:/altera/nios2eds/bin/gnu/h-i686-mingw32/bin/../lib/gcc/nios2-elf/4.1.2/../../../../nios2-elf/lib\libc.a(lib_a-writer.o)
 .comment       0x00000000       0x24 i:/altera/nios2eds/bin/gnu/h-i686-mingw32/bin/../lib/gcc/nios2-elf/4.1.2/../../../../nios2-elf/lib\libc.a(lib_a-callocr.o)
 .comment       0x00000000       0x24 i:/altera/nios2eds/bin/gnu/h-i686-mingw32/bin/../lib/gcc/nios2-elf/4.1.2/../../../../nios2-elf/lib\libc.a(lib_a-closer.o)
 .comment       0x00000000       0x24 i:/altera/nios2eds/bin/gnu/h-i686-mingw32/bin/../lib/gcc/nios2-elf/4.1.2/../../../../nios2-elf/lib\libc.a(lib_a-fclose.o)
 .comment       0x00000000       0x24 i:/altera/nios2eds/bin/gnu/h-i686-mingw32/bin/../lib/gcc/nios2-elf/4.1.2/../../../../nios2-elf/lib\libc.a(lib_a-fstatr.o)
 .comment       0x00000000       0x24 i:/altera/nios2eds/bin/gnu/h-i686-mingw32/bin/../lib/gcc/nios2-elf/4.1.2/../../../../nios2-elf/lib\libc.a(lib_a-int_errno.o)
 .comment       0x00000000       0x24 i:/altera/nios2eds/bin/gnu/h-i686-mingw32/bin/../lib/gcc/nios2-elf/4.1.2/../../../../nios2-elf/lib\libc.a(lib_a-isattyr.o)
 .comment       0x00000000       0x24 i:/altera/nios2eds/bin/gnu/h-i686-mingw32/bin/../lib/gcc/nios2-elf/4.1.2/../../../../nios2-elf/lib\libc.a(lib_a-lseekr.o)
 .comment       0x00000000       0x24 i:/altera/nios2eds/bin/gnu/h-i686-mingw32/bin/../lib/gcc/nios2-elf/4.1.2/../../../../nios2-elf/lib\libc.a(lib_a-readr.o)
 .comment       0x00000000       0x24 i:/altera/nios2eds/bin/gnu/h-i686-mingw32/bin/../lib/gcc/nios2-elf/4.1.2\libgcc.a(_udivdi3.o)
 .comment       0x00000000       0x24 i:/altera/nios2eds/bin/gnu/h-i686-mingw32/bin/../lib/gcc/nios2-elf/4.1.2\libgcc.a(_umoddi3.o)
 .comment       0x00000000       0x24 i:/altera/nios2eds/bin/gnu/h-i686-mingw32/bin/../lib/gcc/nios2-elf/4.1.2\libgcc.a(_addsub_df.o)
 .comment       0x00000000       0x24 i:/altera/nios2eds/bin/gnu/h-i686-mingw32/bin/../lib/gcc/nios2-elf/4.1.2\libgcc.a(_mul_df.o)
 .comment       0x00000000       0x24 i:/altera/nios2eds/bin/gnu/h-i686-mingw32/bin/../lib/gcc/nios2-elf/4.1.2\libgcc.a(_div_df.o)
 .comment       0x00000000       0x24 i:/altera/nios2eds/bin/gnu/h-i686-mingw32/bin/../lib/gcc/nios2-elf/4.1.2\libgcc.a(_eq_df.o)
 .comment       0x00000000       0x24 i:/altera/nios2eds/bin/gnu/h-i686-mingw32/bin/../lib/gcc/nios2-elf/4.1.2\libgcc.a(_ne_df.o)
 .comment       0x00000000       0x24 i:/altera/nios2eds/bin/gnu/h-i686-mingw32/bin/../lib/gcc/nios2-elf/4.1.2\libgcc.a(_gt_df.o)
 .comment       0x00000000       0x24 i:/altera/nios2eds/bin/gnu/h-i686-mingw32/bin/../lib/gcc/nios2-elf/4.1.2\libgcc.a(_ge_df.o)
 .comment       0x00000000       0x24 i:/altera/nios2eds/bin/gnu/h-i686-mingw32/bin/../lib/gcc/nios2-elf/4.1.2\libgcc.a(_lt_df.o)
 .comment       0x00000000       0x24 i:/altera/nios2eds/bin/gnu/h-i686-mingw32/bin/../lib/gcc/nios2-elf/4.1.2\libgcc.a(_si_to_df.o)
 .comment       0x00000000       0x24 i:/altera/nios2eds/bin/gnu/h-i686-mingw32/bin/../lib/gcc/nios2-elf/4.1.2\libgcc.a(_df_to_si.o)
 .comment       0x00000000       0x24 i:/altera/nios2eds/bin/gnu/h-i686-mingw32/bin/../lib/gcc/nios2-elf/4.1.2\libgcc.a(_thenan_df.o)
 .comment       0x00000000       0x24 i:/altera/nios2eds/bin/gnu/h-i686-mingw32/bin/../lib/gcc/nios2-elf/4.1.2\libgcc.a(_usi_to_df.o)
 .comment       0x00000000       0x24 i:/altera/nios2eds/bin/gnu/h-i686-mingw32/bin/../lib/gcc/nios2-elf/4.1.2\libgcc.a(lib2-divmod.o)
 .comment       0x00000000       0x24 i:/altera/nios2eds/bin/gnu/h-i686-mingw32/bin/../lib/gcc/nios2-elf/4.1.2\libgcc.a(_muldi3.o)
 .comment       0x00000000       0x24 i:/altera/nios2eds/bin/gnu/h-i686-mingw32/bin/../lib/gcc/nios2-elf/4.1.2\libgcc.a(_clz.o)
 .comment       0x00000000       0x24 i:/altera/nios2eds/bin/gnu/h-i686-mingw32/bin/../lib/gcc/nios2-elf/4.1.2\libgcc.a(_clzsi2.o)
 .comment       0x00000000       0x24 i:/altera/nios2eds/bin/gnu/h-i686-mingw32/bin/../lib/gcc/nios2-elf/4.1.2\libgcc.a(_pack_df.o)
 .comment       0x00000000       0x24 i:/altera/nios2eds/bin/gnu/h-i686-mingw32/bin/../lib/gcc/nios2-elf/4.1.2\libgcc.a(_unpack_df.o)
 .comment       0x00000000       0x24 i:/altera/nios2eds/bin/gnu/h-i686-mingw32/bin/../lib/gcc/nios2-elf/4.1.2\libgcc.a(_fpcmp_parts_df.o)
 .comment       0x00000000       0x24 ../helloworld_bsp\libhal_bsp.a(alt_close.o)
 .comment       0x00000000       0x24 ../helloworld_bsp\libhal_bsp.a(alt_dev.o)
 .comment       0x00000000       0x24 ../helloworld_bsp\libhal_bsp.a(alt_errno.o)
 .comment       0x00000000       0x24 ../helloworld_bsp\libhal_bsp.a(alt_fstat.o)
 .comment       0x00000000       0x24 ../helloworld_bsp\libhal_bsp.a(alt_isatty.o)
 .comment       0x00000000       0x24 ../helloworld_bsp\libhal_bsp.a(alt_lseek.o)
 .comment       0x00000000       0x24 ../helloworld_bsp\libhal_bsp.a(alt_main.o)
 .comment       0x00000000       0x24 ../helloworld_bsp\libhal_bsp.a(alt_malloc_lock.o)
 .comment       0x00000000       0x24 ../helloworld_bsp\libhal_bsp.a(alt_read.o)
 .comment       0x00000000       0x24 ../helloworld_bsp\libhal_bsp.a(alt_release_fd.o)
 .comment       0x00000000       0x24 ../helloworld_bsp\libhal_bsp.a(alt_sbrk.o)
 .comment       0x00000000       0x24 ../helloworld_bsp\libhal_bsp.a(alt_write.o)
 .comment       0x00000000       0x24 ../helloworld_bsp\libhal_bsp.a(alt_sys_init.o)
 .comment       0x00000000       0x24 ../helloworld_bsp\libhal_bsp.a(altera_avalon_cfi_flash.o)
 .comment       0x00000000       0x24 ../helloworld_bsp\libhal_bsp.a(altera_avalon_cfi_flash_table.o)
 .comment       0x00000000       0x24 ../helloworld_bsp\libhal_bsp.a(altera_avalon_jtag_uart_fd.o)
 .comment       0x00000000       0x24 ../helloworld_bsp\libhal_bsp.a(altera_avalon_jtag_uart_init.o)
 .comment       0x00000000       0x24 ../helloworld_bsp\libhal_bsp.a(altera_avalon_jtag_uart_ioctl.o)
 .comment       0x00000000       0x24 ../helloworld_bsp\libhal_bsp.a(altera_avalon_jtag_uart_read.o)
 .comment       0x00000000       0x24 ../helloworld_bsp\libhal_bsp.a(altera_avalon_jtag_uart_write.o)
 .comment       0x00000000       0x24 ../helloworld_bsp\libhal_bsp.a(altera_avalon_timer_sc.o)
 .comment       0x00000000       0x24 ../helloworld_bsp\libhal_bsp.a(altera_up_avalon_ps2.o)
 .comment       0x00000000       0x24 ../helloworld_bsp\libhal_bsp.a(altera_up_avalon_video_character_buffer_with_dma.o)
 .comment       0x00000000       0x24 ../helloworld_bsp\libhal_bsp.a(alt_alarm_start.o)
 .comment       0x00000000       0x24 ../helloworld_bsp\libhal_bsp.a(alt_dcache_flush.o)
 .comment       0x00000000       0x24 ../helloworld_bsp\libhal_bsp.a(alt_dev_llist_insert.o)
 .comment       0x00000000       0x24 ../helloworld_bsp\libhal_bsp.a(alt_do_ctors.o)
 .comment       0x00000000       0x24 ../helloworld_bsp\libhal_bsp.a(alt_do_dtors.o)
 .comment       0x00000000       0x24 ../helloworld_bsp\libhal_bsp.a(alt_find_dev.o)
 .comment       0x00000000       0x24 ../helloworld_bsp\libhal_bsp.a(alt_flash_dev.o)
 .comment       0x00000000       0x24 ../helloworld_bsp\libhal_bsp.a(alt_io_redirect.o)
 .comment       0x00000000       0x24 ../helloworld_bsp\libhal_bsp.a(alt_irq_register.o)
 .comment       0x00000000       0x24 ../helloworld_bsp\libhal_bsp.a(alt_irq_vars.o)
 .comment       0x00000000       0x24 ../helloworld_bsp\libhal_bsp.a(alt_open.o)
 .comment       0x00000000       0x24 ../helloworld_bsp\libhal_bsp.a(alt_tick.o)
 .comment       0x00000000       0x24 ../helloworld_bsp\libhal_bsp.a(altera_nios2_irq.o)
 .comment       0x00000000       0x24 ../helloworld_bsp\libhal_bsp.a(altera_avalon_cfi_flash_amd.o)
 .comment       0x00000000       0x24 ../helloworld_bsp\libhal_bsp.a(altera_avalon_cfi_flash_intel.o)
 .comment       0x00000000       0x24 ../helloworld_bsp\libhal_bsp.a(alt_find_file.o)
 .comment       0x00000000       0x24 ../helloworld_bsp\libhal_bsp.a(alt_get_fd.o)
 .comment       0x00000000       0x24 ../helloworld_bsp\libhal_bsp.a(alt_irq_handler.o)
 .comment       0x00000000       0x24 ../helloworld_bsp\libhal_bsp.a(alt_usleep.o)
 .comment       0x00000000       0x24 ../helloworld_bsp\libhal_bsp.a(alt_busy_sleep.o)
 .comment       0x00000000       0x24 i:/altera/nios2eds/bin/gnu/h-i686-mingw32/bin/../lib/gcc/nios2-elf/4.1.2/../../../../nios2-elf/lib\libc.a(lib_a-atexit.o)
 .comment       0x00000000       0x24 i:/altera/nios2eds/bin/gnu/h-i686-mingw32/bin/../lib/gcc/nios2-elf/4.1.2/../../../../nios2-elf/lib\libc.a(lib_a-exit.o)
 .comment       0x00000000       0x24 i:/altera/nios2eds/bin/gnu/h-i686-mingw32/bin/../lib/gcc/nios2-elf/4.1.2/../../../../nios2-elf/lib\libc.a(lib_a-memcmp.o)
 .comment       0x00000000       0x24 i:/altera/nios2eds/bin/gnu/h-i686-mingw32/bin/../lib/gcc/nios2-elf/4.1.2/../../../../nios2-elf/lib\libc.a(lib_a-__atexit.o)
 .comment       0x00000000       0x24 i:/altera/nios2eds/bin/gnu/h-i686-mingw32/bin/../lib/gcc/nios2-elf/4.1.2/../../../../nios2-elf/lib\libc.a(lib_a-__call_atexit.o)
 .comment       0x00000000       0x24 ../helloworld_bsp\libhal_bsp.a(alt_exit.o)

.debug
 *(.debug)

.line
 *(.line)

.debug_srcinfo
 *(.debug_srcinfo)

.debug_sfnames
 *(.debug_sfnames)

.debug_aranges  0x00000000      0xcf0
 *(.debug_aranges)
 .debug_aranges
                0x00000000       0x20 ../helloworld_bsp/obj/HAL/src/crt0.o
 .debug_aranges
                0x00000020       0x20 obj/main.o
 .debug_aranges
                0x00000040       0x20 i:/altera/nios2eds/bin/gnu/h-i686-mingw32/bin/../lib/gcc/nios2-elf/4.1.2/../../../../nios2-elf/lib\libc.a(lib_a-printf.o)
 .debug_aranges
                0x00000060       0x20 i:/altera/nios2eds/bin/gnu/h-i686-mingw32/bin/../lib/gcc/nios2-elf/4.1.2/../../../../nios2-elf/lib\libc.a(lib_a-vfprintf.o)
 .debug_aranges
                0x00000080       0x20 i:/altera/nios2eds/bin/gnu/h-i686-mingw32/bin/../lib/gcc/nios2-elf/4.1.2/../../../../nios2-elf/lib\libc.a(lib_a-wsetup.o)
 .debug_aranges
                0x000000a0       0x20 i:/altera/nios2eds/bin/gnu/h-i686-mingw32/bin/../lib/gcc/nios2-elf/4.1.2/../../../../nios2-elf/lib\libc.a(lib_a-dtoa.o)
 .debug_aranges
                0x000000c0       0x20 i:/altera/nios2eds/bin/gnu/h-i686-mingw32/bin/../lib/gcc/nios2-elf/4.1.2/../../../../nios2-elf/lib\libc.a(lib_a-fflush.o)
 .debug_aranges
                0x000000e0       0x20 i:/altera/nios2eds/bin/gnu/h-i686-mingw32/bin/../lib/gcc/nios2-elf/4.1.2/../../../../nios2-elf/lib\libc.a(lib_a-findfp.o)
 .debug_aranges
                0x00000100       0x20 i:/altera/nios2eds/bin/gnu/h-i686-mingw32/bin/../lib/gcc/nios2-elf/4.1.2/../../../../nios2-elf/lib\libc.a(lib_a-freer.o)
 .debug_aranges
                0x00000120       0x20 i:/altera/nios2eds/bin/gnu/h-i686-mingw32/bin/../lib/gcc/nios2-elf/4.1.2/../../../../nios2-elf/lib\libc.a(lib_a-fvwrite.o)
 .debug_aranges
                0x00000140       0x20 i:/altera/nios2eds/bin/gnu/h-i686-mingw32/bin/../lib/gcc/nios2-elf/4.1.2/../../../../nios2-elf/lib\libc.a(lib_a-fwalk.o)
 .debug_aranges
                0x00000160       0x20 i:/altera/nios2eds/bin/gnu/h-i686-mingw32/bin/../lib/gcc/nios2-elf/4.1.2/../../../../nios2-elf/lib\libc.a(lib_a-locale.o)
 .debug_aranges
                0x00000180       0x20 i:/altera/nios2eds/bin/gnu/h-i686-mingw32/bin/../lib/gcc/nios2-elf/4.1.2/../../../../nios2-elf/lib\libc.a(lib_a-makebuf.o)
 .debug_aranges
                0x000001a0       0x20 i:/altera/nios2eds/bin/gnu/h-i686-mingw32/bin/../lib/gcc/nios2-elf/4.1.2/../../../../nios2-elf/lib\libc.a(lib_a-mallocr.o)
 .debug_aranges
                0x000001c0       0x20 i:/altera/nios2eds/bin/gnu/h-i686-mingw32/bin/../lib/gcc/nios2-elf/4.1.2/../../../../nios2-elf/lib\libc.a(lib_a-memchr.o)
 .debug_aranges
                0x000001e0       0x20 i:/altera/nios2eds/bin/gnu/h-i686-mingw32/bin/../lib/gcc/nios2-elf/4.1.2/../../../../nios2-elf/lib\libc.a(lib_a-memcpy.o)
 .debug_aranges
                0x00000200       0x20 i:/altera/nios2eds/bin/gnu/h-i686-mingw32/bin/../lib/gcc/nios2-elf/4.1.2/../../../../nios2-elf/lib\libc.a(lib_a-memmove.o)
 .debug_aranges
                0x00000220       0x20 i:/altera/nios2eds/bin/gnu/h-i686-mingw32/bin/../lib/gcc/nios2-elf/4.1.2/../../../../nios2-elf/lib\libc.a(lib_a-memset.o)
 .debug_aranges
                0x00000240       0x20 i:/altera/nios2eds/bin/gnu/h-i686-mingw32/bin/../lib/gcc/nios2-elf/4.1.2/../../../../nios2-elf/lib\libc.a(lib_a-mprec.o)
 .debug_aranges
                0x00000260       0x20 i:/altera/nios2eds/bin/gnu/h-i686-mingw32/bin/../lib/gcc/nios2-elf/4.1.2/../../../../nios2-elf/lib\libc.a(lib_a-reallocr.o)
 .debug_aranges
                0x00000280       0x20 i:/altera/nios2eds/bin/gnu/h-i686-mingw32/bin/../lib/gcc/nios2-elf/4.1.2/../../../../nios2-elf/lib\libc.a(lib_a-s_isinfd.o)
 .debug_aranges
                0x000002a0       0x20 i:/altera/nios2eds/bin/gnu/h-i686-mingw32/bin/../lib/gcc/nios2-elf/4.1.2/../../../../nios2-elf/lib\libc.a(lib_a-s_isnand.o)
 .debug_aranges
                0x000002c0       0x20 i:/altera/nios2eds/bin/gnu/h-i686-mingw32/bin/../lib/gcc/nios2-elf/4.1.2/../../../../nios2-elf/lib\libc.a(lib_a-sbrkr.o)
 .debug_aranges
                0x000002e0       0x20 i:/altera/nios2eds/bin/gnu/h-i686-mingw32/bin/../lib/gcc/nios2-elf/4.1.2/../../../../nios2-elf/lib\libc.a(lib_a-stdio.o)
 .debug_aranges
                0x00000300       0x20 i:/altera/nios2eds/bin/gnu/h-i686-mingw32/bin/../lib/gcc/nios2-elf/4.1.2/../../../../nios2-elf/lib\libc.a(lib_a-strcmp.o)
 .debug_aranges
                0x00000320       0x20 i:/altera/nios2eds/bin/gnu/h-i686-mingw32/bin/../lib/gcc/nios2-elf/4.1.2/../../../../nios2-elf/lib\libc.a(lib_a-strlen.o)
 .debug_aranges
                0x00000340       0x20 i:/altera/nios2eds/bin/gnu/h-i686-mingw32/bin/../lib/gcc/nios2-elf/4.1.2/../../../../nios2-elf/lib\libc.a(lib_a-writer.o)
 .debug_aranges
                0x00000360       0x20 i:/altera/nios2eds/bin/gnu/h-i686-mingw32/bin/../lib/gcc/nios2-elf/4.1.2/../../../../nios2-elf/lib\libc.a(lib_a-callocr.o)
 .debug_aranges
                0x00000380       0x20 i:/altera/nios2eds/bin/gnu/h-i686-mingw32/bin/../lib/gcc/nios2-elf/4.1.2/../../../../nios2-elf/lib\libc.a(lib_a-closer.o)
 .debug_aranges
                0x000003a0       0x20 i:/altera/nios2eds/bin/gnu/h-i686-mingw32/bin/../lib/gcc/nios2-elf/4.1.2/../../../../nios2-elf/lib\libc.a(lib_a-fclose.o)
 .debug_aranges
                0x000003c0       0x20 i:/altera/nios2eds/bin/gnu/h-i686-mingw32/bin/../lib/gcc/nios2-elf/4.1.2/../../../../nios2-elf/lib\libc.a(lib_a-fstatr.o)
 .debug_aranges
                0x000003e0       0x20 i:/altera/nios2eds/bin/gnu/h-i686-mingw32/bin/../lib/gcc/nios2-elf/4.1.2/../../../../nios2-elf/lib\libc.a(lib_a-isattyr.o)
 .debug_aranges
                0x00000400       0x20 i:/altera/nios2eds/bin/gnu/h-i686-mingw32/bin/../lib/gcc/nios2-elf/4.1.2/../../../../nios2-elf/lib\libc.a(lib_a-lseekr.o)
 .debug_aranges
                0x00000420       0x20 i:/altera/nios2eds/bin/gnu/h-i686-mingw32/bin/../lib/gcc/nios2-elf/4.1.2/../../../../nios2-elf/lib\libc.a(lib_a-readr.o)
 .debug_aranges
                0x00000440       0x20 i:/altera/nios2eds/bin/gnu/h-i686-mingw32/bin/../lib/gcc/nios2-elf/4.1.2\libgcc.a(_udivdi3.o)
 .debug_aranges
                0x00000460       0x20 i:/altera/nios2eds/bin/gnu/h-i686-mingw32/bin/../lib/gcc/nios2-elf/4.1.2\libgcc.a(_umoddi3.o)
 .debug_aranges
                0x00000480       0x20 i:/altera/nios2eds/bin/gnu/h-i686-mingw32/bin/../lib/gcc/nios2-elf/4.1.2\libgcc.a(_addsub_df.o)
 .debug_aranges
                0x000004a0       0x20 i:/altera/nios2eds/bin/gnu/h-i686-mingw32/bin/../lib/gcc/nios2-elf/4.1.2\libgcc.a(_mul_df.o)
 .debug_aranges
                0x000004c0       0x20 i:/altera/nios2eds/bin/gnu/h-i686-mingw32/bin/../lib/gcc/nios2-elf/4.1.2\libgcc.a(_div_df.o)
 .debug_aranges
                0x000004e0       0x20 i:/altera/nios2eds/bin/gnu/h-i686-mingw32/bin/../lib/gcc/nios2-elf/4.1.2\libgcc.a(_eq_df.o)
 .debug_aranges
                0x00000500       0x20 i:/altera/nios2eds/bin/gnu/h-i686-mingw32/bin/../lib/gcc/nios2-elf/4.1.2\libgcc.a(_ne_df.o)
 .debug_aranges
                0x00000520       0x20 i:/altera/nios2eds/bin/gnu/h-i686-mingw32/bin/../lib/gcc/nios2-elf/4.1.2\libgcc.a(_gt_df.o)
 .debug_aranges
                0x00000540       0x20 i:/altera/nios2eds/bin/gnu/h-i686-mingw32/bin/../lib/gcc/nios2-elf/4.1.2\libgcc.a(_ge_df.o)
 .debug_aranges
                0x00000560       0x20 i:/altera/nios2eds/bin/gnu/h-i686-mingw32/bin/../lib/gcc/nios2-elf/4.1.2\libgcc.a(_lt_df.o)
 .debug_aranges
                0x00000580       0x20 i:/altera/nios2eds/bin/gnu/h-i686-mingw32/bin/../lib/gcc/nios2-elf/4.1.2\libgcc.a(_si_to_df.o)
 .debug_aranges
                0x000005a0       0x20 i:/altera/nios2eds/bin/gnu/h-i686-mingw32/bin/../lib/gcc/nios2-elf/4.1.2\libgcc.a(_df_to_si.o)
 .debug_aranges
                0x000005c0       0x20 i:/altera/nios2eds/bin/gnu/h-i686-mingw32/bin/../lib/gcc/nios2-elf/4.1.2\libgcc.a(_usi_to_df.o)
 .debug_aranges
                0x000005e0       0x20 i:/altera/nios2eds/bin/gnu/h-i686-mingw32/bin/../lib/gcc/nios2-elf/4.1.2\libgcc.a(lib2-divmod.o)
 .debug_aranges
                0x00000600       0x20 i:/altera/nios2eds/bin/gnu/h-i686-mingw32/bin/../lib/gcc/nios2-elf/4.1.2\libgcc.a(_muldi3.o)
 .debug_aranges
                0x00000620       0x20 i:/altera/nios2eds/bin/gnu/h-i686-mingw32/bin/../lib/gcc/nios2-elf/4.1.2\libgcc.a(_clzsi2.o)
 .debug_aranges
                0x00000640       0x20 i:/altera/nios2eds/bin/gnu/h-i686-mingw32/bin/../lib/gcc/nios2-elf/4.1.2\libgcc.a(_pack_df.o)
 .debug_aranges
                0x00000660       0x20 i:/altera/nios2eds/bin/gnu/h-i686-mingw32/bin/../lib/gcc/nios2-elf/4.1.2\libgcc.a(_unpack_df.o)
 .debug_aranges
                0x00000680       0x20 i:/altera/nios2eds/bin/gnu/h-i686-mingw32/bin/../lib/gcc/nios2-elf/4.1.2\libgcc.a(_fpcmp_parts_df.o)
 .debug_aranges
                0x000006a0       0x20 ../helloworld_bsp\libhal_bsp.a(alt_close.o)
 .debug_aranges
                0x000006c0       0x20 ../helloworld_bsp\libhal_bsp.a(alt_dev.o)
 .debug_aranges
                0x000006e0       0x20 ../helloworld_bsp\libhal_bsp.a(alt_fstat.o)
 .debug_aranges
                0x00000700       0x20 ../helloworld_bsp\libhal_bsp.a(alt_isatty.o)
 .debug_aranges
                0x00000720       0x20 ../helloworld_bsp\libhal_bsp.a(alt_lseek.o)
 .debug_aranges
                0x00000740       0x20 ../helloworld_bsp\libhal_bsp.a(alt_main.o)
 .debug_aranges
                0x00000760       0x20 ../helloworld_bsp\libhal_bsp.a(alt_malloc_lock.o)
 .debug_aranges
                0x00000780       0x20 ../helloworld_bsp\libhal_bsp.a(alt_read.o)
 .debug_aranges
                0x000007a0       0x20 ../helloworld_bsp\libhal_bsp.a(alt_release_fd.o)
 .debug_aranges
                0x000007c0       0x20 ../helloworld_bsp\libhal_bsp.a(alt_sbrk.o)
 .debug_aranges
                0x000007e0       0x20 ../helloworld_bsp\libhal_bsp.a(alt_write.o)
 .debug_aranges
                0x00000800       0x20 ../helloworld_bsp\libhal_bsp.a(alt_sys_init.o)
 .debug_aranges
                0x00000820       0x20 ../helloworld_bsp\libhal_bsp.a(altera_avalon_cfi_flash.o)
 .debug_aranges
                0x00000840       0x20 ../helloworld_bsp\libhal_bsp.a(altera_avalon_cfi_flash_table.o)
 .debug_aranges
                0x00000860       0x20 ../helloworld_bsp\libhal_bsp.a(altera_avalon_jtag_uart_fd.o)
 .debug_aranges
                0x00000880       0x20 ../helloworld_bsp\libhal_bsp.a(altera_avalon_jtag_uart_init.o)
 .debug_aranges
                0x000008a0       0x20 ../helloworld_bsp\libhal_bsp.a(altera_avalon_jtag_uart_ioctl.o)
 .debug_aranges
                0x000008c0       0x20 ../helloworld_bsp\libhal_bsp.a(altera_avalon_jtag_uart_read.o)
 .debug_aranges
                0x000008e0       0x20 ../helloworld_bsp\libhal_bsp.a(altera_avalon_jtag_uart_write.o)
 .debug_aranges
                0x00000900       0x20 ../helloworld_bsp\libhal_bsp.a(altera_avalon_timer_sc.o)
 .debug_aranges
                0x00000920       0x20 ../helloworld_bsp\libhal_bsp.a(altera_up_avalon_ps2.o)
 .debug_aranges
                0x00000940       0x20 ../helloworld_bsp\libhal_bsp.a(altera_up_avalon_video_character_buffer_with_dma.o)
 .debug_aranges
                0x00000960       0x20 ../helloworld_bsp\libhal_bsp.a(alt_alarm_start.o)
 .debug_aranges
                0x00000980       0x20 ../helloworld_bsp\libhal_bsp.a(alt_dcache_flush.o)
 .debug_aranges
                0x000009a0       0x20 ../helloworld_bsp\libhal_bsp.a(alt_dev_llist_insert.o)
 .debug_aranges
                0x000009c0       0x20 ../helloworld_bsp\libhal_bsp.a(alt_do_ctors.o)
 .debug_aranges
                0x000009e0       0x20 ../helloworld_bsp\libhal_bsp.a(alt_do_dtors.o)
 .debug_aranges
                0x00000a00       0x20 ../helloworld_bsp\libhal_bsp.a(alt_find_dev.o)
 .debug_aranges
                0x00000a20       0x20 ../helloworld_bsp\libhal_bsp.a(alt_flash_dev.o)
 .debug_aranges
                0x00000a40       0x20 ../helloworld_bsp\libhal_bsp.a(alt_io_redirect.o)
 .debug_aranges
                0x00000a60       0x20 ../helloworld_bsp\libhal_bsp.a(alt_irq_register.o)
 .debug_aranges
                0x00000a80       0x20 ../helloworld_bsp\libhal_bsp.a(alt_open.o)
 .debug_aranges
                0x00000aa0       0x20 ../helloworld_bsp\libhal_bsp.a(alt_tick.o)
 .debug_aranges
                0x00000ac0       0x20 ../helloworld_bsp\libhal_bsp.a(altera_nios2_irq.o)
 .debug_aranges