Archive member included because of file (symbol)

i:/altera/nios2eds/bin/gnu/h-i686-mingw32/bin/../lib/gcc/nios2-elf/4.1.2/../../../../nios2-elf/lib\libc.a(lib_a-printf.o)
                              obj/hello_world.o (printf)
i:/altera/nios2eds/bin/gnu/h-i686-mingw32/bin/../lib/gcc/nios2-elf/4.1.2/../../../../nios2-elf/lib\libc.a(lib_a-vfprintf.o)
                              i:/altera/nios2eds/bin/gnu/h-i686-mingw32/bin/../lib/gcc/nios2-elf/4.1.2/../../../../nios2-elf/lib\libc.a(lib_a-printf.o) (___vfprintf_internal_r)
i:/altera/nios2eds/bin/gnu/h-i686-mingw32/bin/../lib/gcc/nios2-elf/4.1.2/../../../../nios2-elf/lib\libc.a(lib_a-wsetup.o)
                              i:/altera/nios2eds/bin/gnu/h-i686-mingw32/bin/../lib/gcc/nios2-elf/4.1.2/../../../../nios2-elf/lib\libc.a(lib_a-vfprintf.o) (__swsetup_r)
i:/altera/nios2eds/bin/gnu/h-i686-mingw32/bin/../lib/gcc/nios2-elf/4.1.2/../../../../nios2-elf/lib\libc.a(lib_a-dtoa.o)
                              i:/altera/nios2eds/bin/gnu/h-i686-mingw32/bin/../lib/gcc/nios2-elf/4.1.2/../../../../nios2-elf/lib\libc.a(lib_a-vfprintf.o) (_dtoa_r)
i:/altera/nios2eds/bin/gnu/h-i686-mingw32/bin/../lib/gcc/nios2-elf/4.1.2/../../../../nios2-elf/lib\libc.a(lib_a-fflush.o)
                              i:/altera/nios2eds/bin/gnu/h-i686-mingw32/bin/../lib/gcc/nios2-elf/4.1.2/../../../../nios2-elf/lib\libc.a(lib_a-vfprintf.o) (_fflush_r)
i:/altera/nios2eds/bin/gnu/h-i686-mingw32/bin/../lib/gcc/nios2-elf/4.1.2/../../../../nios2-elf/lib\libc.a(lib_a-findfp.o)
                              i:/altera/nios2eds/bin/gnu/h-i686-mingw32/bin/../lib/gcc/nios2-elf/4.1.2/../../../../nios2-elf/lib\libc.a(lib_a-vfprintf.o) (__sinit)
i:/altera/nios2eds/bin/gnu/h-i686-mingw32/bin/../lib/gcc/nios2-elf/4.1.2/../../../../nios2-elf/lib\libc.a(lib_a-freer.o)
                              i:/altera/nios2eds/bin/gnu/h-i686-mingw32/bin/../lib/gcc/nios2-elf/4.1.2/../../../../nios2-elf/lib\libc.a(lib_a-wsetup.o) (_free_r)
i:/altera/nios2eds/bin/gnu/h-i686-mingw32/bin/../lib/gcc/nios2-elf/4.1.2/../../../../nios2-elf/lib\libc.a(lib_a-fvwrite.o)
                              i:/altera/nios2eds/bin/gnu/h-i686-mingw32/bin/../lib/gcc/nios2-elf/4.1.2/../../../../nios2-elf/lib\libc.a(lib_a-vfprintf.o) (__sfvwrite_r)
i:/altera/nios2eds/bin/gnu/h-i686-mingw32/bin/../lib/gcc/nios2-elf/4.1.2/../../../../nios2-elf/lib\libc.a(lib_a-fwalk.o)
                              i:/altera/nios2eds/bin/gnu/h-i686-mingw32/bin/../lib/gcc/nios2-elf/4.1.2/../../../../nios2-elf/lib\libc.a(lib_a-fflush.o) (_fwalk_reent)
i:/altera/nios2eds/bin/gnu/h-i686-mingw32/bin/../lib/gcc/nios2-elf/4.1.2/../../../../nios2-elf/lib\libc.a(lib_a-impure.o)
                              i:/altera/nios2eds/bin/gnu/h-i686-mingw32/bin/../lib/gcc/nios2-elf/4.1.2/../../../../nios2-elf/lib\libc.a(lib_a-printf.o) (_impure_ptr)
i:/altera/nios2eds/bin/gnu/h-i686-mingw32/bin/../lib/gcc/nios2-elf/4.1.2/../../../../nios2-elf/lib\libc.a(lib_a-locale.o)
                              i:/altera/nios2eds/bin/gnu/h-i686-mingw32/bin/../lib/gcc/nios2-elf/4.1.2/../../../../nios2-elf/lib\libc.a(lib_a-vfprintf.o) (_localeconv_r)
i:/altera/nios2eds/bin/gnu/h-i686-mingw32/bin/../lib/gcc/nios2-elf/4.1.2/../../../../nios2-elf/lib\libc.a(lib_a-makebuf.o)
                              i:/altera/nios2eds/bin/gnu/h-i686-mingw32/bin/../lib/gcc/nios2-elf/4.1.2/../../../../nios2-elf/lib\libc.a(lib_a-wsetup.o) (__smakebuf_r)
i:/altera/nios2eds/bin/gnu/h-i686-mingw32/bin/../lib/gcc/nios2-elf/4.1.2/../../../../nios2-elf/lib\libc.a(lib_a-mallocr.o)
                              i:/altera/nios2eds/bin/gnu/h-i686-mingw32/bin/../lib/gcc/nios2-elf/4.1.2/../../../../nios2-elf/lib\libc.a(lib_a-findfp.o) (_malloc_r)
i:/altera/nios2eds/bin/gnu/h-i686-mingw32/bin/../lib/gcc/nios2-elf/4.1.2/../../../../nios2-elf/lib\libc.a(lib_a-memchr.o)
                              i:/altera/nios2eds/bin/gnu/h-i686-mingw32/bin/../lib/gcc/nios2-elf/4.1.2/../../../../nios2-elf/lib\libc.a(lib_a-vfprintf.o) (memchr)
i:/altera/nios2eds/bin/gnu/h-i686-mingw32/bin/../lib/gcc/nios2-elf/4.1.2/../../../../nios2-elf/lib\libc.a(lib_a-memcpy.o)
                              i:/altera/nios2eds/bin/gnu/h-i686-mingw32/bin/../lib/gcc/nios2-elf/4.1.2/../../../../nios2-elf/lib\libc.a(lib_a-dtoa.o) (memcpy)
i:/altera/nios2eds/bin/gnu/h-i686-mingw32/bin/../lib/gcc/nios2-elf/4.1.2/../../../../nios2-elf/lib\libc.a(lib_a-memmove.o)
                              i:/altera/nios2eds/bin/gnu/h-i686-mingw32/bin/../lib/gcc/nios2-elf/4.1.2/../../../../nios2-elf/lib\libc.a(lib_a-fvwrite.o) (memmove)
i:/altera/nios2eds/bin/gnu/h-i686-mingw32/bin/../lib/gcc/nios2-elf/4.1.2/../../../../nios2-elf/lib\libc.a(lib_a-memset.o)
                              i:/altera/nios2eds/bin/gnu/h-i686-mingw32/bin/../lib/gcc/nios2-elf/4.1.2/../../../../nios2-elf/lib\libc.a(lib_a-findfp.o) (memset)
i:/altera/nios2eds/bin/gnu/h-i686-mingw32/bin/../lib/gcc/nios2-elf/4.1.2/../../../../nios2-elf/lib\libc.a(lib_a-mprec.o)
[...]
Memory Configuration

Name             Origin             Length             Attributes
sdram_BEFORE_EXCEPTION 0x00800000         0x00000020
sdram            0x00800020         0x007fffe0
reset            0x01400000         0x00000020
cfi_flash        0x01400020         0x003fffe0
onchip_memory    0x01800000         0x00002000
*default*        0x00000000         0xffffffff

Linker script and memory map

LOAD ../stacktest_bsp/obj/HAL/src/crt0.o
LOAD obj/hello_world.o
LOAD i:/altera/nios2eds/bin/gnu/h-i686-mingw32/bin/../lib/gcc/nios2-elf/4.1.2/../../../../nios2-elf/lib\libstdc++.a
LOAD i:/altera/nios2eds/bin/gnu/h-i686-mingw32/bin/../lib/gcc/nios2-elf/4.1.2/../../../../nios2-elf/lib\libm.a
LOAD i:/altera/nios2eds/bin/gnu/h-i686-mingw32/bin/../lib/gcc/nios2-elf/4.1.2\libgcc.a
START GROUP
LOAD i:/altera/nios2eds/bin/gnu/h-i686-mingw32/bin/../lib/gcc/nios2-elf/4.1.2/../../../../nios2-elf/lib\libc.a
LOAD i:/altera/nios2eds/bin/gnu/h-i686-mingw32/bin/../lib/gcc/nios2-elf/4.1.2\libgcc.a
LOAD ../stacktest_bsp\libhal_bsp.a
END GROUP
LOAD i:/altera/nios2eds/bin/gnu/h-i686-mingw32/bin/../lib/gcc/nios2-elf/4.1.2\libgcc.a
                0x00800000                __alt_mem_sdram = 0x800000
                0x01400000                __alt_mem_cfi_flash = 0x1400000
                0x01800000                __alt_mem_onchip_memory = 0x1800000

.entry          0x01400000        0x0
 *(.entry)
 .entry         0x01400000        0x0 ../stacktest_bsp/obj/HAL/src/crt0.o
                0x01400000                __reset

.exceptions     0x00800020      0x198
                0x00800020                PROVIDE (__ram_exceptions_start, ABSOLUTE (.))
                0x00800020                . = ALIGN (0x20)
 *(.irq)
 *(.exceptions.entry.label)
 .exceptions.entry.label
                0x00800020        0x0 ../stacktest_bsp\libhal_bsp.a(alt_irq_entry.o)
                0x00800020                alt_irq_entry
 .exceptions.entry.label
                0x00800020        0x0 ../stacktest_bsp\libhal_bsp.a(alt_exception_entry.o)
                0x00800020                alt_exception
 *(.exceptions.entry.user)
 *(.exceptions.entry)
 .exceptions.entry
                0x00800020       0x54 ../stacktest_bsp\libhal_bsp.a(alt_exception_entry.o)
 *(.exceptions.irqtest.user)
 *(.exceptions.irqtest)
 .exceptions.irqtest
                0x00800074       0x10 ../stacktest_bsp\libhal_bsp.a(alt_irq_entry.o)
 *(.exceptions.irqhandler.user)
 *(.exceptions.irqhandler)
 .exceptions.irqhandler
                0x00800084        0x4 ../stacktest_bsp\libhal_bsp.a(alt_irq_entry.o)
 *(.exceptions.irqreturn.user)
 *(.exceptions.irqreturn)
 .exceptions.irqreturn
                0x00800088        0x4 ../stacktest_bsp\libhal_bsp.a(alt_irq_entry.o)
 *(.exceptions.notirq.label)
 .exceptions.notirq.label
                0x0080008c        0x0 ../stacktest_bsp\libhal_bsp.a(alt_irq_entry.o)
 *(.exceptions.notirq.user)
 *(.exceptions.notirq)
 .exceptions.notirq
                0x0080008c        0x8 ../stacktest_bsp\libhal_bsp.a(alt_exception_entry.o)
 *(.exceptions.soft.user)
 *(.exceptions.soft)
 *(.exceptions.unknown.user)
 *(.exceptions.unknown)
 .exceptions.unknown
                0x00800094        0x4 ../stacktest_bsp\libhal_bsp.a(alt_exception_entry.o)
 *(.exceptions.exit.label)
 .exceptions.exit.label
                0x00800098        0x0 ../stacktest_bsp\libhal_bsp.a(alt_irq_entry.o)
 .exceptions.exit.label
                0x00800098        0x0 ../stacktest_bsp\libhal_bsp.a(alt_exception_entry.o)
 *(.exceptions.exit.user)
 *(.exceptions.exit)
 .exceptions.exit
                0x00800098       0x54 ../stacktest_bsp\libhal_bsp.a(alt_exception_entry.o)
 *(.exceptions)
 .exceptions    0x008000ec       0xcc ../stacktest_bsp\libhal_bsp.a(alt_irq_handler.o)
                0x008000ec                alt_irq_handler
                0x008001b8                PROVIDE (__ram_exceptions_end, ABSOLUTE (.))
                0x00800020                PROVIDE (__flash_exceptions_start, LOADADDR (.exceptions))

.text           0x008001b8     0xf4d4
                0x008001b8                PROVIDE (stext, ABSOLUTE (.))
 *(.interp)
 *(.hash)
 *(.dynsym)
 *(.dynstr)
 *(.gnu.version)
 *(.gnu.version_d)
 *(.gnu.version_r)
 *(.rel.init)
 *(.rela.init)
 *(.rel.text .rel.text.* .rel.gnu.linkonce.t.*)
 *(.rela.text .rela.text.* .rela.gnu.linkonce.t.*)
 *(.rel.fini)
 *(.rela.fini)
 *(.rel.rodata .rel.rodata.* .rel.gnu.linkonce.r.*)
 *(.rela.rodata .rela.rodata.* .rela.gnu.linkonce.r.*)
 *(.rel.data .rel.data.* .rel.gnu.linkonce.d.*)
 *(.rela.data .rela.data.* .rela.gnu.linkonce.d.*)
 *(.rel.tdata .rel.tdata.* .rel.gnu.linkonce.td.*)
 *(.rela.tdata .rela.tdata.* .rela.gnu.linkonce.td.*)
 *(.rel.tbss .rel.tbss.* .rel.gnu.linkonce.tb.*)
 *(.rela.tbss .rela.tbss.* .rela.gnu.linkonce.tb.*)
 *(.rel.ctors)
 *(.rela.ctors)
 *(.rel.dtors)
 *(.rela.dtors)
 *(.rel.got)
 *(.rela.got)
 *(.rel.sdata .rel.sdata.* .rel.gnu.linkonce.s.*)
 *(.rela.sdata .rela.sdata.* .rela.gnu.linkonce.s.*)
 *(.rel.sbss .rel.sbss.* .rel.gnu.linkonce.sb.*)
 *(.rela.sbss .rela.sbss.* .rela.gnu.linkonce.sb.*)
 *(.rel.sdata2 .rel.sdata2.* .rel.gnu.linkonce.s2.*)
 *(.rela.sdata2 .rela.sdata2.* .rela.gnu.linkonce.s2.*)
 *(.rel.sbss2 .rel.sbss2.* .rel.gnu.linkonce.sb2.*)
 *(.rela.sbss2 .rela.sbss2.* .rela.gnu.linkonce.sb2.*)
 *(.rel.bss .rel.bss.* .rel.gnu.linkonce.b.*)
 *(.rela.bss .rela.bss.* .rela.gnu.linkonce.b.*)
 *(.rel.plt)
 *(.rela.plt)
 *(.rel.dyn)
 *(.init)
 *(.plt)
 *(.text .stub .text.* .gnu.linkonce.t.*)
 .text          0x008001b8       0x48 ../stacktest_bsp/obj/HAL/src/crt0.o
                0x008001b8                _start
 .text          0x00800200       0x94 obj/hello_world.o
                0x00800200                main
                0x00800240                SW_get
                0x0080026c                Btn_get
 .text          0x00800294       0x78 i:/altera/nios2eds/bin/gnu/h-i686-mingw32/bin/../lib/gcc/nios2-elf/4.1.2/../../../../nios2-elf/lib\libc.a(lib_a-printf.o)
                0x00800294                printf
                0x008002d8                _printf_r
 .text          0x0080030c     0x1f28 i:/altera/nios2eds/bin/gnu/h-i686-mingw32/bin/../lib/gcc/nios2-elf/4.1.2/../../../../nios2-elf/lib\libc.a(lib_a-vfprintf.o)
                0x00800364                ___vfprintf_internal_r
                0x00802210                __vfprintf_internal
 .text          0x00802234      0x13c i:/altera/nios2eds/bin/gnu/h-i686-mingw32/bin/../lib/gcc/nios2-elf/4.1.2/../../../../nios2-elf/lib\libc.a(lib_a-wsetup.o)
                0x00802234                __swsetup_r
 .text          0x00802370     0x17cc i:/altera/nios2eds/bin/gnu/h-i686-mingw32/bin/../lib/gcc/nios2-elf/4.1.2/../../../../nios2-elf/lib\libc.a(lib_a-dtoa.o)
                0x00802588                _dtoa_r
 .text          0x00803b3c      0x230 i:/altera/nios2eds/bin/gnu/h-i686-mingw32/bin/../lib/gcc/nios2-elf/4.1.2/../../../../nios2-elf/lib\libc.a(lib_a-fflush.o)
                0x00803b3c                _fflush_r
                0x00803d38                fflush
 .text          0x00803d6c      0x2c0 i:/altera/nios2eds/bin/gnu/h-i686-mingw32/bin/../lib/gcc/nios2-elf/4.1.2/../../../../nios2-elf/lib\libc.a(lib_a-findfp.o)
                0x00803dc4                __sfp_lock_acquire
                0x00803dc8                __sfp_lock_release
                0x00803dcc                __sinit_lock_acquire
                0x00803dd0                __sinit_lock_release
                0x00803dd4                __sinit
                0x00803e88                __fp_unlock_all
                0x00803ea0                __fp_lock_all
                0x00803eb8                _cleanup_r
                0x00803ec4                _cleanup
                0x00803ed4                __sfmoreglue
                0x00803f3c                __sfp
 .text          0x0080402c      0x440 i:/altera/nios2eds/bin/gnu/h-i686-mingw32/bin/../lib/gcc/nios2-elf/4.1.2/../../../../nios2-elf/lib\libc.a(lib_a-freer.o)
                0x0080402c                _malloc_trim_r
                0x00804158                _free_r
 .text          0x0080446c      0x49c i:/altera/nios2eds/bin/gnu/h-i686-mingw32/bin/../lib/gcc/nios2-elf/4.1.2/../../../../nios2-elf/lib\libc.a(lib_a-fvwrite.o)
                0x0080446c                __sfvwrite_r
 .text          0x00804908      0x180 i:/altera/nios2eds/bin/gnu/h-i686-mingw32/bin/../lib/gcc/nios2-elf/4.1.2/../../../../nios2-elf/lib\libc.a(lib_a-fwalk.o)
                0x00804908                _fwalk_reent
                0x008049d0                _fwalk
 .text          0x00804a88        0x0 i:/altera/nios2eds/bin/gnu/h-i686-mingw32/bin/../lib/gcc/nios2-elf/4.1.2/../../../../nios2-elf/lib\libc.a(lib_a-impure.o)
 .text          0x00804a88       0xc4 i:/altera/nios2eds/bin/gnu/h-i686-mingw32/bin/../lib/gcc/nios2-elf/4.1.2/../../../../nios2-elf/lib\libc.a(lib_a-locale.o)
                0x00804a88                __locale_charset
                0x00804a90                _localeconv_r
                0x00804a9c                localeconv
                0x00804aac                _setlocale_r
                0x00804b30                setlocale
 .text          0x00804b4c      0x194 i:/altera/nios2eds/bin/gnu/h-i686-mingw32/bin/../lib/gcc/nios2-elf/4.1.2/../../../../nios2-elf/lib\libc.a(lib_a-makebuf.o)
                0x00804b4c                __smakebuf_r
 .text          0x00804ce0      0x740 i:/altera/nios2eds/bin/gnu/h-i686-mingw32/bin/../lib/gcc/nios2-elf/4.1.2/../../../../nios2-elf/lib\libc.a(lib_a-mallocr.o)
                0x00804ce0                _malloc_r
 .text          0x00805420       0xe4 i:/altera/nios2eds/bin/gnu/h-i686-mingw32/bin/../lib/gcc/nios2-elf/4.1.2/../../../../nios2-elf/lib\libc.a(lib_a-memchr.o)
                0x00805420                memchr
 .text          0x00805504       0xa0 i:/altera/nios2eds/bin/gnu/h-i686-mingw32/bin/../lib/gcc/nios2-elf/4.1.2/../../../../nios2-elf/lib\libc.a(lib_a-memcpy.o)
                0x00805504                memcpy
 .text          0x008055a4       0xe0 i:/altera/nios2eds/bin/gnu/h-i686-mingw32/bin/../lib/gcc/nios2-elf/4.1.2/../../../../nios2-elf/lib\libc.a(lib_a-memmove.o)
                0x008055a4                memmove
 .text          0x00805684       0x98 i:/altera/nios2eds/bin/gnu/h-i686-mingw32/bin/../lib/gcc/nios2-elf/4.1.2/../../../../nios2-elf/lib\libc.a(lib_a-memset.o)
                0x00805684                memset
 .text          0x0080571c      0xff4 i:/altera/nios2eds/bin/gnu/h-i686-mingw32/bin/../lib/gcc/nios2-elf/4.1.2/../../../../nios2-elf/lib\libc.a(lib_a-mprec.o)
                0x0080571c                _Bfree
                0x00805744                __hi0bits
                0x008057b4                __lo0bits
                0x00805878                __mcmp
                0x008058d8                __ulp
                0x00805958                __b2d
                0x00805a78                __ratio
                0x00805b28                _mprec_log10
                0x00805bbc                __copybits
                0x00805c14                __any_on
                0x00805c9c                _Balloc
                0x00805d58                __d2b
                0x00805ed4                __mdiff
                0x00806060                __lshift
                0x008061ac                __multiply
                0x00806394                __i2b
                0x008063d0                __multadd
                0x008064d0                __pow5mult
                0x008065f0                __s2b
 .text          0x00806710      0x5f4 i:/altera/nios2eds/bin/gnu/h-i686-mingw32/bin/../lib/gcc/nios2-elf/4.1.2/../../../../nios2-elf/lib\libc.a(lib_a-reallocr.o)
                0x00806710                _realloc_r
 .text          0x00806d04       0x40 i:/altera/nios2eds/bin/gnu/h-i686-mingw32/bin/../lib/gcc/nios2-elf/4.1.2/../../../../nios2-elf/lib\libc.a(lib_a-s_isinfd.o)
                0x00806d04                __isinfd
 .text          0x00806d44       0x30 i:/altera/nios2eds/bin/gnu/h-i686-mingw32/bin/../lib/gcc/nios2-elf/4.1.2/../../../../nios2-elf/lib\libc.a(lib_a-s_isnand.o)
                0x00806d44                __isnand
 .text          0x00806d74       0x70 i:/altera/nios2eds/bin/gnu/h-i686-mingw32/bin/../lib/gcc/nios2-elf/4.1.2/../../../../nios2-elf/lib\libc.a(lib_a-sbrkr.o)
                0x00806d74                _sbrk_r
 .text          0x00806de4      0x14c i:/altera/nios2eds/bin/gnu/h-i686-mingw32/bin/../lib/gcc/nios2-elf/4.1.2/../../../../nios2-elf/lib\libc.a(lib_a-stdio.o)
                0x00806de4                __sclose
                0x00806dec                __sseek
                0x00806e54                __swrite
                0x00806ed0                __sread
 .text          0x00806f30       0xbc i:/altera/nios2eds/bin/gnu/h-i686-mingw32/bin/../lib/gcc/nios2-elf/4.1.2/../../../../nios2-elf/lib\libc.a(lib_a-strcmp.o)
                0x00806f30                strcmp
 .text          0x00806fec       0x74 i:/altera/nios2eds/bin/gnu/h-i686-mingw32/bin/../lib/gcc/nios2-elf/4.1.2/../../../../nios2-elf/lib\libc.a(lib_a-strlen.o)
                0x00806fec                strlen
 .text          0x00807060       0x78 i:/altera/nios2eds/bin/gnu/h-i686-mingw32/bin/../lib/gcc/nios2-elf/4.1.2/../../../../nios2-elf/lib\libc.a(lib_a-writer.o)
                0x00807060                _write_r
 .text          0x008070d8       0xb4 i:/altera/nios2eds/bin/gnu/h-i686-mingw32/bin/../lib/gcc/nios2-elf/4.1.2/../../../../nios2-elf/lib\libc.a(lib_a-callocr.o)
                0x008070d8                _calloc_r
 .text          0x0080718c       0x70 i:/altera/nios2eds/bin/gnu/h-i686-mingw32/bin/../lib/gcc/nios2-elf/4.1.2/../../../../nios2-elf/lib\libc.a(lib_a-closer.o)
                0x0080718c                _close_r
 .text          0x008071fc      0x124 i:/altera/nios2eds/bin/gnu/h-i686-mingw32/bin/../lib/gcc/nios2-elf/4.1.2/../../../../nios2-elf/lib\libc.a(lib_a-fclose.o)
                0x008071fc                _fclose_r
                0x0080730c                fclose
 .text          0x00807320       0x74 i:/altera/nios2eds/bin/gnu/h-i686-mingw32/bin/../lib/gcc/nios2-elf/4.1.2/../../../../nios2-elf/lib\libc.a(lib_a-fstatr.o)
                0x00807320                _fstat_r
 .text          0x00807394        0x0 i:/altera/nios2eds/bin/gnu/h-i686-mingw32/bin/../lib/gcc/nios2-elf/4.1.2/../../../../nios2-elf/lib\libc.a(lib_a-int_errno.o)
 .text          0x00807394       0x70 i:/altera/nios2eds/bin/gnu/h-i686-mingw32/bin/../lib/gcc/nios2-elf/4.1.2/../../../../nios2-elf/lib\libc.a(lib_a-isattyr.o)
                0x00807394                _isatty_r
 .text          0x00807404       0x78 i:/altera/nios2eds/bin/gnu/h-i686-mingw32/bin/../lib/gcc/nios2-elf/4.1.2/../../../../nios2-elf/lib\libc.a(lib_a-lseekr.o)
                0x00807404                _lseek_r
 .text          0x0080747c       0x78 i:/altera/nios2eds/bin/gnu/h-i686-mingw32/bin/../lib/gcc/nios2-elf/4.1.2/../../../../nios2-elf/lib\libc.a(lib_a-readr.o)
                0x0080747c                _read_r
 .text          0x008074f4      0x5dc i:/altera/nios2eds/bin/gnu/h-i686-mingw32/bin/../lib/gcc/nios2-elf/4.1.2\libgcc.a(_udivdi3.o)
                0x008074f4                __udivdi3
 .text          0x00807ad0      0x5b0 i:/altera/nios2eds/bin/gnu/h-i686-mingw32/bin/../lib/gcc/nios2-elf/4.1.2\libgcc.a(_umoddi3.o)
                0x00807ad0                __umoddi3
 .text          0x00808080      0x504 i:/altera/nios2eds/bin/gnu/h-i686-mingw32/bin/../lib/gcc/nios2-elf/4.1.2\libgcc.a(_addsub_df.o)
                0x00808490                __subdf3
                0x00808510                __adddf3
 .text          0x00808584      0x3c4 i:/altera/nios2eds/bin/gnu/h-i686-mingw32/bin/../lib/gcc/nios2-elf/4.1.2\libgcc.a(_mul_df.o)
                0x00808584                __muldf3
 .text          0x00808948      0x258 i:/altera/nios2eds/bin/gnu/h-i686-mingw32/bin/../lib/gcc/nios2-elf/4.1.2\libgcc.a(_div_df.o)
                0x00808948                __divdf3
 .text          0x00808ba0       0x88 i:/altera/nios2eds/bin/gnu/h-i686-mingw32/bin/../lib/gcc/nios2-elf/4.1.2\libgcc.a(_eq_df.o)
                0x00808ba0                __eqdf2
 .text          0x00808c28       0x88 i:/altera/nios2eds/bin/gnu/h-i686-mingw32/bin/../lib/gcc/nios2-elf/4.1.2\libgcc.a(_ne_df.o)
                0x00808c28                __nedf2
 .text          0x00808cb0       0x88 i:/altera/nios2eds/bin/gnu/h-i686-mingw32/bin/../lib/gcc/nios2-elf/4.1.2\libgcc.a(_gt_df.o)
                0x00808cb0                __gtdf2
 .text          0x00808d38       0x88 i:/altera/nios2eds/bin/gnu/h-i686-mingw32/bin/../lib/gcc/nios2-elf/4.1.2\libgcc.a(_ge_df.o)
                0x00808d38                __gedf2
 .text          0x00808dc0       0x88 i:/altera/nios2eds/bin/gnu/h-i686-mingw32/bin/../lib/gcc/nios2-elf/4.1.2\libgcc.a(_lt_df.o)
                0x00808dc0                __ltdf2
 .text          0x00808e48       0xf8 i:/altera/nios2eds/bin/gnu/h-i686-mingw32/bin/../lib/gcc/nios2-elf/4.1.2\libgcc.a(_si_to_df.o)
                0x00808e48                __floatsidf
 .text          0x00808f40       0xd8 i:/altera/nios2eds/bin/gnu/h-i686-mingw32/bin/../lib/gcc/nios2-elf/4.1.2\libgcc.a(_df_to_si.o)
                0x00808f40                __fixdfsi
 .text          0x00809018        0x0 i:/altera/nios2eds/bin/gnu/h-i686-mingw32/bin/../lib/gcc/nios2-elf/4.1.2\libgcc.a(_thenan_df.o)
 .text          0x00809018      0x194 i:/altera/nios2eds/bin/gnu/h-i686-mingw32/bin/../lib/gcc/nios2-elf/4.1.2\libgcc.a(_usi_to_df.o)
                0x00809018                __floatunsidf
 .text          0x008091ac      0x14c i:/altera/nios2eds/bin/gnu/h-i686-mingw32/bin/../lib/gcc/nios2-elf/4.1.2\libgcc.a(lib2-divmod.o)
                0x00809228                __divsi3
                0x00809288                __modsi3
                0x008092e8                __udivsi3
                0x008092f0                __umodsi3
 .text          0x008092f8       0x98 i:/altera/nios2eds/bin/gnu/h-i686-mingw32/bin/../lib/gcc/nios2-elf/4.1.2\libgcc.a(_muldi3.o)
                0x008092f8                __muldi3
 .text          0x00809390        0x0 i:/altera/nios2eds/bin/gnu/h-i686-mingw32/bin/../lib/gcc/nios2-elf/4.1.2\libgcc.a(_clz.o)
 .text          0x00809390       0x80 i:/altera/nios2eds/bin/gnu/h-i686-mingw32/bin/../lib/gcc/nios2-elf/4.1.2\libgcc.a(_clzsi2.o)
                0x00809390                __clzsi2
 .text          0x00809410      0x314 i:/altera/nios2eds/bin/gnu/h-i686-mingw32/bin/../lib/gcc/nios2-elf/4.1.2\libgcc.a(_pack_df.o)
                0x00809410                __pack_d
 .text          0x00809724      0x138 i:/altera/nios2eds/bin/gnu/h-i686-mingw32/bin/../lib/gcc/nios2-elf/4.1.2\libgcc.a(_unpack_df.o)
                0x00809724                __unpack_d
 .text          0x0080985c       0xc8 i:/altera/nios2eds/bin/gnu/h-i686-mingw32/bin/../lib/gcc/nios2-elf/4.1.2\libgcc.a(_fpcmp_parts_df.o)
                0x0080985c                __fpcmp_parts_d
 .text          0x00809924      0x15c ../stacktest_bsp\libhal_bsp.a(alt_close.o)
                0x00809924                close
 .text          0x00809a80       0x2c ../stacktest_bsp\libhal_bsp.a(alt_dev.o)
 .text          0x00809aac        0x0 ../stacktest_bsp\libhal_bsp.a(alt_errno.o)
 .text          0x00809aac      0x134 ../stacktest_bsp\libhal_bsp.a(alt_fstat.o)
                0x00809aac                fstat
 .text          0x00809be0      0x120 ../stacktest_bsp\libhal_bsp.a(alt_isatty.o)
                0x00809be0                isatty
 .text          0x00809d00      0x150 ../stacktest_bsp\libhal_bsp.a(alt_lseek.o)
                0x00809d00                lseek
 .text          0x00809e50       0x6c ../stacktest_bsp\libhal_bsp.a(alt_main.o)
                0x00809e50                alt_main
 .text          0x00809ebc       0x40 ../stacktest_bsp\libhal_bsp.a(alt_malloc_lock.o)
                0x00809ebc                __malloc_lock
                0x00809edc                __malloc_unlock
 .text          0x00809efc      0x180 ../stacktest_bsp\libhal_bsp.a(alt_read.o)
                0x00809efc                read
 .text          0x0080a07c       0x60 ../stacktest_bsp\libhal_bsp.a(alt_release_fd.o)
                0x0080a07c                alt_release_fd
 .text          0x0080a0dc       0xbc ../stacktest_bsp\libhal_bsp.a(alt_sbrk.o)
                0x0080a0dc                sbrk
 .text          0x0080a198       0x30 ../stacktest_bsp\libhal_bsp.a(alt_usleep.o)
                0x0080a198                usleep
 .text          0x0080a1c8      0x180 ../stacktest_bsp\libhal_bsp.a(alt_write.o)
                0x0080a1c8                write
 .text          0x0080a348      0x3a0 ../stacktest_bsp\libhal_bsp.a(alt_sys_init.o)
                0x0080a348                alt_irq_init
                0x0080a37c                alt_sys_init
 .text          0x0080a6e8      0x8c8 ../stacktest_bsp\libhal_bsp.a(altera_avalon_cfi_flash.o)
                0x0080a6e8                alt_flash_cfi_init
                0x0080a7bc                alt_flash_cfi_write
                0x0080aa7c                alt_flash_cfi_get_info
                0x0080ab0c                alt_flash_cfi_read
                0x0080ab74                alt_write_value_to_flash
                0x0080acd8                alt_flash_program_block
 .text          0x0080afb0     0x1448 ../stacktest_bsp\libhal_bsp.a(altera_avalon_cfi_flash_table.o)
                0x0080afb0                alt_read_query_entry_8bit
                0x0080aff0                alt_read_query_entry_16bit
                0x0080b034                alt_read_query_entry_32bit
                0x0080b07c                alt_write_flash_command_8bit_device_8bit_mode
                0x0080b0b8                alt_write_flash_command_16bit_device_8bit_mode
                0x0080b134                alt_write_flash_command_32bit_device_8bit_mode
                0x0080b17c                alt_write_flash_command_16bit_device_16bit_mode
                0x0080b1c0                alt_write_flash_command_32bit_device_16bit_mode
                0x0080b208                alt_write_flash_command_32bit_device_32bit_mode
                0x0080b250                alt_write_native_8bit
                0x0080b284                alt_write_native_16bit
                0x0080b2b8                alt_write_native_32bit
                0x0080b2e8                alt_set_flash_width_func
                0x0080b4c8                alt_set_flash_algorithm_func
                0x0080b5f0                alt_read_cfi_table
                0x0080bb70                alt_read_cfi_width
                0x0080c31c                alt_check_primary_table
 .text          0x0080c3f8      0x148 ../stacktest_bsp\libhal_bsp.a(altera_avalon_jtag_uart_fd.o)
                0x0080c3f8                altera_avalon_jtag_uart_read_fd
                0x0080c450                altera_avalon_jtag_uart_write_fd
                0x0080c4a8                altera_avalon_jtag_uart_close_fd
                0x0080c4f0                altera_avalon_jtag_uart_ioctl_fd
 .text          0x0080c540      0x408 ../stacktest_bsp\libhal_bsp.a(altera_avalon_jtag_uart_init.o)
                0x0080c540                altera_avalon_jtag_uart_init
                0x0080c8d4                altera_avalon_jtag_uart_close
 .text          0x0080c948       0xf4 ../stacktest_bsp\libhal_bsp.a(altera_avalon_jtag_uart_ioctl.o)
                0x0080c948                altera_avalon_jtag_uart_ioctl
 .text          0x0080ca3c      0x224 ../stacktest_bsp\libhal_bsp.a(altera_avalon_jtag_uart_read.o)
                0x0080ca3c                altera_avalon_jtag_uart_read
 .text          0x0080cc60      0x240 ../stacktest_bsp\libhal_bsp.a(altera_avalon_jtag_uart_write.o)
                0x0080cc60                altera_avalon_jtag_uart_write
 .text          0x0080cea0       0xfc ../stacktest_bsp\libhal_bsp.a(altera_avalon_timer_sc.o)
                0x0080cf14                alt_avalon_timer_sc_init
 .text          0x0080cf9c      0x700 ../stacktest_bsp\libhal_bsp.a(altera_up_avalon_ps2.o)
                0x0080cf9c                read_RI_bit
                0x0080cfd0                read_RE_bit
                0x0080d000                read_CE_bit
                0x0080d034                read_num_bytes_available
                0x0080d068                read_data_valid
                0x0080d09c                read_data_byte
                0x0080d0c8                alt_up_ps2_init
                0x0080d194                alt_up_ps2_enable_read_interrupt
                0x0080d1e8                alt_up_ps2_disable_read_interrupt
                0x0080d240                alt_up_ps2_write_data_byte
                0x0080d2b8                alt_up_ps2_wait_for_ack
                0x0080d328                alt_up_ps2_write_data_byte_with_ack
                0x0080d394                alt_up_ps2_read_data_byte_timeout
                0x0080d444                alt_up_ps2_read_data_byte
                0x0080d4c0                alt_up_ps2_clear_fifo
                0x0080d518                alt_up_ps2_read_fd
                0x0080d5b4                alt_up_ps2_write_fd
                0x0080d65c                alt_up_ps2_open_dev
 .text          0x0080d69c      0x304 ../stacktest_bsp\libhal_bsp.a(altera_up_avalon_video_character_buffer_with_dma.o)
                0x0080d69c                alt_up_char_buffer_init
                0x0080d720                alt_up_char_buffer_open_dev
                0x0080d760                alt_up_char_buffer_draw
                0x0080d830                alt_up_char_buffer_string
                0x0080d944                alt_up_char_buffer_clear
 .text          0x0080d9a0      0x154 ../stacktest_bsp\libhal_bsp.a(alt_alarm_start.o)
                0x0080d9a0                alt_alarm_start
 .text          0x0080daf4      0x14c ../stacktest_bsp\libhal_bsp.a(alt_busy_sleep.o)
                0x0080daf4                alt_busy_sleep
 .text          0x0080dc40       0x78 ../stacktest_bsp\libhal_bsp.a(alt_dcache_flush.o)
                0x0080dc40                alt_dcache_flush
 .text          0x0080dcb8      0x114 ../stacktest_bsp\libhal_bsp.a(alt_dev_llist_insert.o)
                0x0080dcb8                alt_dev_llist_insert
 .text          0x0080ddcc       0x64 ../stacktest_bsp\libhal_bsp.a(alt_do_ctors.o)
                0x0080ddcc                _do_ctors
 .text          0x0080de30       0x64 ../stacktest_bsp\libhal_bsp.a(alt_do_dtors.o)
                0x0080de30                _do_dtors
 .text          0x0080de94       0x94 ../stacktest_bsp\libhal_bsp.a(alt_find_dev.o)
                0x0080de94                alt_find_dev
 .text          0x0080df28       0xd0 ../stacktest_bsp\libhal_bsp.a(alt_flash_dev.o)
                0x0080df28                alt_flash_open_dev
                0x0080dfa4                alt_flash_close_dev
 .text          0x0080dff8      0x13c ../stacktest_bsp\libhal_bsp.a(alt_io_redirect.o)
                0x0080e0bc                alt_io_redirect
 .text          0x0080e134      0x1c0 ../stacktest_bsp\libhal_bsp.a(alt_irq_register.o)
                0x0080e134                alt_irq_register
 .text          0x0080e2f4        0x0 ../stacktest_bsp\libhal_bsp.a(alt_irq_vars.o)
 .text          0x0080e2f4      0x2c4 ../stacktest_bsp\libhal_bsp.a(alt_open.o)
                0x0080e3d0                open
 .text          0x0080e5b8      0x1a4 ../stacktest_bsp\libhal_bsp.a(alt_tick.o)
                0x0080e5b8                alt_alarm_stop
                0x0080e650                alt_tick
 .text          0x0080e75c       0x20 ../stacktest_bsp\libhal_bsp.a(altera_nios2_irq.o)
                0x0080e75c                altera_nios2_irq_init
 .text          0x0080e77c      0x460 ../stacktest_bsp\libhal_bsp.a(altera_avalon_cfi_flash_amd.o)
                0x0080e77c                alt_program_amd
                0x0080e7e4                alt_erase_block_amd
 .text          0x0080ebdc      0x460 ../stacktest_bsp\libhal_bsp.a(altera_avalon_cfi_flash_intel.o)
                0x0080ebdc                alt_program_intel
                0x0080ec60                alt_erase_block_intel
 .text          0x0080f03c      0x120 ../stacktest_bsp\libhal_bsp.a(alt_find_file.o)
                0x0080f03c                alt_find_file
 .text          0x0080f15c       0xb8 ../stacktest_bsp\libhal_bsp.a(alt_get_fd.o)
                0x0080f15c                alt_get_fd
 .text          0x0080f214        0x0 ../stacktest_bsp\libhal_bsp.a(alt_irq_entry.o)
 .text          0x0080f214        0x0 ../stacktest_bsp\libhal_bsp.a(alt_irq_handler.o)
 .text          0x0080f214        0x0 ../stacktest_bsp\libhal_bsp.a(alt_exception_entry.o)
 .text          0x0080f214       0x14 i:/altera/nios2eds/bin/gnu/h-i686-mingw32/bin/../lib/gcc/nios2-elf/4.1.2/../../../../nios2-elf/lib\libc.a(lib_a-atexit.o)
                0x0080f214                atexit
 .text          0x0080f228       0x38 i:/altera/nios2eds/bin/gnu/h-i686-mingw32/bin/../lib/gcc/nios2-elf/4.1.2/../../../../nios2-elf/lib\libc.a(lib_a-exit.o)
                0x0080f228                exit
 .text          0x0080f260       0x74 i:/altera/nios2eds/bin/gnu/h-i686-mingw32/bin/../lib/gcc/nios2-elf/4.1.2/../../../../nios2-elf/lib\libc.a(lib_a-memcmp.o)
                0x0080f260                memcmp
 .text          0x0080f2d4      0x134 i:/altera/nios2eds/bin/gnu/h-i686-mingw32/bin/../lib/gcc/nios2-elf/4.1.2/../../../../nios2-elf/lib\libc.a(lib_a-__atexit.o)
                0x0080f2d4                __register_exitproc
 .text          0x0080f408      0x1b4 i:/altera/nios2eds/bin/gnu/h-i686-mingw32/bin/../lib/gcc/nios2-elf/4.1.2/../../../../nios2-elf/lib\libc.a(lib_a-__call_atexit.o)
                0x0080f40c                __call_exitprocs
 .text          0x0080f5bc       0x60 ../stacktest_bsp\libhal_bsp.a(alt_exit.o)
                0x0080f5fc                _exit
 *(.gnu.warning.*)
 *(.fini)
                0x0080f61c                PROVIDE (__etext, ABSOLUTE (.))
                0x0080f61c                PROVIDE (_etext, ABSOLUTE (.))
                0x0080f61c                PROVIDE (etext, ABSOLUTE (.))
 *(.eh_frame_hdr)
                0x0080f61c                . = ALIGN (0x4)
                0x0080f61c                PROVIDE (__preinit_array_start, ABSOLUTE (.))
 *(.preinit_array)
                0x0080f61c                PROVIDE (__preinit_array_end, ABSOLUTE (.))
                0x0080f61c                PROVIDE (__init_array_start, ABSOLUTE (.))
 *(.init_array)
                0x0080f61c                PROVIDE (__init_array_end, ABSOLUTE (.))
                0x0080f61c                PROVIDE (__fini_array_start, ABSOLUTE (.))
 *(.fini_array)
                0x0080f61c                PROVIDE (__fini_array_end, ABSOLUTE (.))
 *(.eh_frame)
 .eh_frame      0x0080f61c       0x40 i:/altera/nios2eds/bin/gnu/h-i686-mingw32/bin/../lib/gcc/nios2-elf/4.1.2\libgcc.a(_udivdi3.o)
 .eh_frame      0x0080f65c       0x2c i:/altera/nios2eds/bin/gnu/h-i686-mingw32/bin/../lib/gcc/nios2-elf/4.1.2\libgcc.a(_umoddi3.o)
                                 0x40 (size before relaxing)
 *(.gcc_except_table)
 *(.dynamic)
                0x0080f688                PROVIDE (__CTOR_LIST__, ABSOLUTE (.))
 *(.ctors)
 *(SORT(.ctors.*))
 .ctors.65535   0x0080f688        0x4 i:/altera/nios2eds/bin/gnu/h-i686-mingw32/bin/../lib/gcc/nios2-elf/4.1.2/../../../../nios2-elf/lib\libc.a(lib_a-__call_atexit.o)
                0x0080f68c                PROVIDE (__CTOR_END__, ABSOLUTE (.))
                0x0080f68c                PROVIDE (__DTOR_LIST__, ABSOLUTE (.))
 *(.dtors)
 *(SORT(.dtors.*))
                0x0080f68c                PROVIDE (__DTOR_END__, ABSOLUTE (.))
 *(.jcr)
                0x0080f68c                . = ALIGN (0x4)

.rodata         0x0080f68c      0x3d0
                0x0080f68c                PROVIDE (__ram_rodata_start, ABSOLUTE (.))
                0x0080f68c                . = ALIGN (0x4)
 *(.rodata .rodata.* .gnu.linkonce.r.*)
 .rodata        0x0080f68c        0x4 obj/hello_world.o
 .rodata.str1.4
                0x0080f690       0x5e i:/altera/nios2eds/bin/gnu/h-i686-mingw32/bin/../lib/gcc/nios2-elf/4.1.2/../../../../nios2-elf/lib\libc.a(lib_a-vfprintf.o)
                                 0x60 (size before relaxing)
 .rodata        0x0080f6ee       0x20 i:/altera/nios2eds/bin/gnu/h-i686-mingw32/bin/../lib/gcc/nios2-elf/4.1.2/../../../../nios2-elf/lib\libc.a(lib_a-vfprintf.o)
 *fill*         0x0080f70e        0x2 00
 .rodata.str1.4
                0x0080f710       0x10 i:/altera/nios2eds/bin/gnu/h-i686-mingw32/bin/../lib/gcc/nios2-elf/4.1.2/../../../../nios2-elf/lib\libc.a(lib_a-dtoa.o)
                                 0x14 (size before relaxing)
 .rodata.str1.4
                0x0080f720        0x2 i:/altera/nios2eds/bin/gnu/h-i686-mingw32/bin/../lib/gcc/nios2-elf/4.1.2/../../../../nios2-elf/lib\libc.a(lib_a-impure.o)
                                  0x4 (size before relaxing)
 *fill*         0x0080f722        0x2 00
 .rodata.str1.4
                0x0080f724       0x10 i:/altera/nios2eds/bin/gnu/h-i686-mingw32/bin/../lib/gcc/nios2-elf/4.1.2/../../../../nios2-elf/lib\libc.a(lib_a-locale.o)
                                 0x18 (size before relaxing)
 .rodata        0x0080f734       0x30 i:/altera/nios2eds/bin/gnu/h-i686-mingw32/bin/../lib/gcc/nios2-elf/4.1.2/../../../../nios2-elf/lib\libc.a(lib_a-locale.o)
 .rodata        0x0080f764      0x124 i:/altera/nios2eds/bin/gnu/h-i686-mingw32/bin/../lib/gcc/nios2-elf/4.1.2/../../../../nios2-elf/lib\libc.a(lib_a-mprec.o)
                0x0080f764                __mprec_tens
                0x0080f82c                __mprec_bigtens
                0x0080f854                __mprec_tinytens
 .rodata        0x0080f888       0x14 i:/altera/nios2eds/bin/gnu/h-i686-mingw32/bin/../lib/gcc/nios2-elf/4.1.2\libgcc.a(_thenan_df.o)
                0x0080f888                __thenan_df
 .rodata        0x0080f89c      0x100 i:/altera/nios2eds/bin/gnu/h-i686-mingw32/bin/../lib/gcc/nios2-elf/4.1.2\libgcc.a(_clz.o)
                0x0080f89c                __clz_tab
 .rodata        0x0080f99c        0xc ../stacktest_bsp\libhal_bsp.a(alt_dev.o)
 .rodata        0x0080f9a8       0x10 ../stacktest_bsp\libhal_bsp.a(alt_main.o)
 .rodata        0x0080f9b8       0x88 ../stacktest_bsp\libhal_bsp.a(alt_sys_init.o)
 .rodata        0x0080fa40       0x1c ../stacktest_bsp\libhal_bsp.a(altera_up_avalon_video_character_buffer_with_dma.o)
 *(.rodata1)
                0x0080fa5c                . = ALIGN (0x4)
                0x0080fa5c                PROVIDE (__ram_rodata_end, ABSOLUTE (.))
                0x0080f68c                PROVIDE (__flash_rodata_start, LOADADDR (.rodata))

.rwdata         0x0080fa5c     0x1c10
                0x0080fa5c                PROVIDE (__ram_rwdata_start, ABSOLUTE (.))
                0x0080fa5c                . = ALIGN (0x4)
 *(.got.plt)
 *(.got)
 *(.data1)
 *(.data .data.* .gnu.linkonce.d.*)
 .data          0x0080fa5c        0x0 ../stacktest_bsp/obj/HAL/src/crt0.o
 .data          0x0080fa5c        0x0 obj/hello_world.o
 .data          0x0080fa5c        0x0 i:/altera/nios2eds/bin/gnu/h-i686-mingw32/bin/../lib/gcc/nios2-elf/4.1.2/../../../../nios2-elf/lib\libc.a(lib_a-printf.o)
 .data          0x0080fa5c        0x0 i:/altera/nios2eds/bin/gnu/h-i686-mingw32/bin/../lib/gcc/nios2-elf/4.1.2/../../../../nios2-elf/lib\libc.a(lib_a-vfprintf.o)
 .data          0x0080fa5c        0x0 i:/altera/nios2eds/bin/gnu/h-i686-mingw32/bin/../lib/gcc/nios2-elf/4.1.2/../../../../nios2-elf/lib\libc.a(lib_a-wsetup.o)
 .data          0x0080fa5c        0x0 i:/altera/nios2eds/bin/gnu/h-i686-mingw32/bin/../lib/gcc/nios2-elf/4.1.2/../../../../nios2-elf/lib\libc.a(lib_a-dtoa.o)
 .data          0x0080fa5c        0x0 i:/altera/nios2eds/bin/gnu/h-i686-mingw32/bin/../lib/gcc/nios2-elf/4.1.2/../../../../nios2-elf/lib\libc.a(lib_a-fflush.o)
 .data          0x0080fa5c        0x0 i:/altera/nios2eds/bin/gnu/h-i686-mingw32/bin/../lib/gcc/nios2-elf/4.1.2/../../../../nios2-elf/lib\libc.a(lib_a-findfp.o)
 .data          0x0080fa5c        0x0 i:/altera/nios2eds/bin/gnu/h-i686-mingw32/bin/../lib/gcc/nios2-elf/4.1.2/../../../../nios2-elf/lib\libc.a(lib_a-freer.o)
 .data          0x0080fa5c        0x0 i:/altera/nios2eds/bin/gnu/h-i686-mingw32/bin/../lib/gcc/nios2-elf/4.1.2/../../../../nios2-elf/lib\libc.a(lib_a-fvwrite.o)
 .data          0x0080fa5c        0x0 i:/altera/nios2eds/bin/gnu/h-i686-mingw32/bin/../lib/gcc/nios2-elf/4.1.2/../../../../nios2-elf/lib\libc.a(lib_a-fwalk.o)
 .data          0x0080fa5c      0x400 i:/altera/nios2eds/bin/gnu/h-i686-mingw32/bin/../lib/gcc/nios2-elf/4.1.2/../../../../nios2-elf/lib\libc.a(lib_a-impure.o)
 .data          0x0080fe5c        0xc i:/altera/nios2eds/bin/gnu/h-i686-mingw32/bin/../lib/gcc/nios2-elf/4.1.2/../../../../nios2-elf/lib\libc.a(lib_a-locale.o)
                0x0080fe5c                __lc_ctype
 .data          0x0080fe68        0x0 i:/altera/nios2eds/bin/gnu/h-i686-mingw32/bin/../lib/gcc/nios2-elf/4.1.2/../../../../nios2-elf/lib\libc.a(lib_a-makebuf.o)
 .data          0x0080fe68      0x408 i:/altera/nios2eds/bin/gnu/h-i686-mingw32/bin/../lib/gcc/nios2-elf/4.1.2/../../../../nios2-elf/lib\libc.a(lib_a-mallocr.o)
                0x0080fe68                __malloc_av_
 .data          0x00810270        0x0 i:/altera/nios2eds/bin/gnu/h-i686-mingw32/bin/../lib/gcc/nios2-elf/4.1.2/../../../../nios2-elf/lib\libc.a(lib_a-memchr.o)
 .data          0x00810270        0x0 i:/altera/nios2eds/bin/gnu/h-i686-mingw32/bin/../lib/gcc/nios2-elf/4.1.2/../../../../nios2-elf/lib\libc.a(lib_a-memcpy.o)
 .data          0x00810270        0x0 i:/altera/nios2eds/bin/gnu/h-i686-mingw32/bin/../lib/gcc/nios2-elf/4.1.2/../../../../nios2-elf/lib\libc.a(lib_a-memmove.o)
 .data          0x00810270        0x0 i:/altera/nios2eds/bin/gnu/h-i686-mingw32/bin/../lib/gcc/nios2-elf/4.1.2/../../../../nios2-elf/lib\libc.a(lib_a-memset.o)
 .data          0x00810270        0x0 i:/altera/nios2eds/bin/gnu/h-i686-mingw32/bin/../lib/gcc/nios2-elf/4.1.2/../../../../nios2-elf/lib\libc.a(lib_a-mprec.o)
 .data          0x00810270        0x0 i:/altera/nios2eds/bin/gnu/h-i686-mingw32/bin/../lib/gcc/nios2-elf/4.1.2/../../../../nios2-elf/lib\libc.a(lib_a-reallocr.o)
 .data          0x00810270        0x0 i:/altera/nios2eds/bin/gnu/h-i686-mingw32/bin/../lib/gcc/nios2-elf/4.1.2/../../../../nios2-elf/lib\libc.a(lib_a-s_isinfd.o)
 .data          0x00810270        0x0 i:/altera/nios2eds/bin/gnu/h-i686-mingw32/bin/../lib/gcc/nios2-elf/4.1.2/../../../../nios2-elf/lib\libc.a(lib_a-s_isnand.o)
 .data          0x00810270        0x0 i:/altera/nios2eds/bin/gnu/h-i686-mingw32/bin/../lib/gcc/nios2-elf/4.1.2/../../../../nios2-elf/lib\libc.a(lib_a-sbrkr.o)
 .data          0x00810270        0x0 i:/altera/nios2eds/bin/gnu/h-i686-mingw32/bin/../lib/gcc/nios2-elf/4.1.2/../../../../nios2-elf/lib\libc.a(lib_a-stdio.o)
 .data          0x00810270        0x0 i:/altera/nios2eds/bin/gnu/h-i686-mingw32/bin/../lib/gcc/nios2-elf/4.1.2/../../../../nios2-elf/lib\libc.a(lib_a-strcmp.o)
 .data          0x00810270        0x0 i:/altera/nios2eds/bin/gnu/h-i686-mingw32/bin/../lib/gcc/nios2-elf/4.1.2/../../../../nios2-elf/lib\libc.a(lib_a-strlen.o)
 .data          0x00810270        0x0 i:/altera/nios2eds/bin/gnu/h-i686-mingw32/bin/../lib/gcc/nios2-elf/4.1.2/../../../../nios2-elf/lib\libc.a(lib_a-writer.o)
 .data          0x00810270        0x0 i:/altera/nios2eds/bin/gnu/h-i686-mingw32/bin/../lib/gcc/nios2-elf/4.1.2/../../../../nios2-elf/lib\libc.a(lib_a-callocr.o)
 .data          0x00810270        0x0 i:/altera/nios2eds/bin/gnu/h-i686-mingw32/bin/../lib/gcc/nios2-elf/4.1.2/../../../../nios2-elf/lib\libc.a(lib_a-closer.o)
 .data          0x00810270        0x0 i:/altera/nios2eds/bin/gnu/h-i686-mingw32/bin/../lib/gcc/nios2-elf/4.1.2/../../../../nios2-elf/lib\libc.a(lib_a-fclose.o)
 .data          0x00810270        0x0 i:/altera/nios2eds/bin/gnu/h-i686-mingw32/bin/../lib/gcc/nios2-elf/4.1.2/../../../../nios2-elf/lib\libc.a(lib_a-fstatr.o)
 .data          0x00810270        0x0 i:/altera/nios2eds/bin/gnu/h-i686-mingw32/bin/../lib/gcc/nios2-elf/4.1.2/../../../../nios2-elf/lib\libc.a(lib_a-int_errno.o)
 .data          0x00810270        0x0 i:/altera/nios2eds/bin/gnu/h-i686-mingw32/bin/../lib/gcc/nios2-elf/4.1.2/../../../../nios2-elf/lib\libc.a(lib_a-isattyr.o)
 .data          0x00810270        0x0 i:/altera/nios2eds/bin/gnu/h-i686-mingw32/bin/../lib/gcc/nios2-elf/4.1.2/../../../../nios2-elf/lib\libc.a(lib_a-lseekr.o)
 .data          0x00810270        0x0 i:/altera/nios2eds/bin/gnu/h-i686-mingw32/bin/../lib/gcc/nios2-elf/4.1.2/../../../../nios2-elf/lib\libc.a(lib_a-readr.o)
 .data          0x00810270        0x0 i:/altera/nios2eds/bin/gnu/h-i686-mingw32/bin/../lib/gcc/nios2-elf/4.1.2\libgcc.a(_udivdi3.o)
 .data          0x00810270        0x0 i:/altera/nios2eds/bin/gnu/h-i686-mingw32/bin/../lib/gcc/nios2-elf/4.1.2\libgcc.a(_umoddi3.o)
 .data          0x00810270        0x0 i:/altera/nios2eds/bin/gnu/h-i686-mingw32/bin/../lib/gcc/nios2-elf/4.1.2\libgcc.a(_addsub_df.o)
 .data          0x00810270        0x0 i:/altera/nios2eds/bin/gnu/h-i686-mingw32/bin/../lib/gcc/nios2-elf/4.1.2\libgcc.a(_mul_df.o)
 .data          0x00810270        0x0 i:/altera/nios2eds/bin/gnu/h-i686-mingw32/bin/../lib/gcc/nios2-elf/4.1.2\libgcc.a(_div_df.o)
 .data          0x00810270        0x0 i:/altera/nios2eds/bin/gnu/h-i686-mingw32/bin/../lib/gcc/nios2-elf/4.1.2\libgcc.a(_eq_df.o)
 .data          0x00810270        0x0 i:/altera/nios2eds/bin/gnu/h-i686-mingw32/bin/../lib/gcc/nios2-elf/4.1.2\libgcc.a(_ne_df.o)
 .data          0x00810270        0x0 i:/altera/nios2eds/bin/gnu/h-i686-mingw32/bin/../lib/gcc/nios2-elf/4.1.2\libgcc.a(_gt_df.o)
 .data          0x00810270        0x0 i:/altera/nios2eds/bin/gnu/h-i686-mingw32/bin/../lib/gcc/nios2-elf/4.1.2\libgcc.a(_ge_df.o)
 .data          0x00810270        0x0 i:/altera/nios2eds/bin/gnu/h-i686-mingw32/bin/../lib/gcc/nios2-elf/4.1.2\libgcc.a(_lt_df.o)
 .data          0x00810270        0x0 i:/altera/nios2eds/bin/gnu/h-i686-mingw32/bin/../lib/gcc/nios2-elf/4.1.2\libgcc.a(_si_to_df.o)
 .data          0x00810270        0x0 i:/altera/nios2eds/bin/gnu/h-i686-mingw32/bin/../lib/gcc/nios2-elf/4.1.2\libgcc.a(_df_to_si.o)
 .data          0x00810270        0x0 i:/altera/nios2eds/bin/gnu/h-i686-mingw32/bin/../lib/gcc/nios2-elf/4.1.2\libgcc.a(_thenan_df.o)
 .data          0x00810270        0x0 i:/altera/nios2eds/bin/gnu/h-i686-mingw32/bin/../lib/gcc/nios2-elf/4.1.2\libgcc.a(_usi_to_df.o)
 .data          0x00810270        0x0 i:/altera/nios2eds/bin/gnu/h-i686-mingw32/bin/../lib/gcc/nios2-elf/4.1.2\libgcc.a(lib2-divmod.o)
 .data          0x00810270        0x0 i:/altera/nios2eds/bin/gnu/h-i686-mingw32/bin/../lib/gcc/nios2-elf/4.1.2\libgcc.a(_muldi3.o)
 .data          0x00810270        0x0 i:/altera/nios2eds/bin/gnu/h-i686-mingw32/bin/../lib/gcc/nios2-elf/4.1.2\libgcc.a(_clz.o)
 .data          0x00810270        0x0 i:/altera/nios2eds/bin/gnu/h-i686-mingw32/bin/../lib/gcc/nios2-elf/4.1.2\libgcc.a(_clzsi2.o)
 .data          0x00810270        0x0 i:/altera/nios2eds/bin/gnu/h-i686-mingw32/bin/../lib/gcc/nios2-elf/4.1.2\libgcc.a(_pack_df.o)
 .data          0x00810270        0x0 i:/altera/nios2eds/bin/gnu/h-i686-mingw32/bin/../lib/gcc/nios2-elf/4.1.2\libgcc.a(_unpack_df.o)
 .data          0x00810270        0x0 i:/altera/nios2eds/bin/gnu/h-i686-mingw32/bin/../lib/gcc/nios2-elf/4.1.2\libgcc.a(_fpcmp_parts_df.o)
 .data          0x00810270        0x0 ../stacktest_bsp\libhal_bsp.a(alt_close.o)
 .data          0x00810270      0x1a8 ../stacktest_bsp\libhal_bsp.a(alt_dev.o)
                0x00810270                alt_dev_null
                0x00810298                alt_fd_list
 .data          0x00810418        0x0 ../stacktest_bsp\libhal_bsp.a(alt_errno.o)
 .data          0x00810418        0x0 ../stacktest_bsp\libhal_bsp.a(alt_fstat.o)
 .data          0x00810418        0x0 ../stacktest_bsp\libhal_bsp.a(alt_isatty.o)
 .data          0x00810418        0x0 ../stacktest_bsp\libhal_bsp.a(alt_lseek.o)
 .data          0x00810418        0x0 ../stacktest_bsp\libhal_bsp.a(alt_main.o)
 .data          0x00810418        0x0 ../stacktest_bsp\libhal_bsp.a(alt_malloc_lock.o)
 .data          0x00810418        0x0 ../stacktest_bsp\libhal_bsp.a(alt_read.o)
 .data          0x00810418        0x0 ../stacktest_bsp\libhal_bsp.a(alt_release_fd.o)
 .data          0x00810418        0x0 ../stacktest_bsp\libhal_bsp.a(alt_sbrk.o)
 .data          0x00810418        0x0 ../stacktest_bsp\libhal_bsp.a(alt_usleep.o)
 .data          0x00810418        0x0 ../stacktest_bsp\libhal_bsp.a(alt_write.o)
 .data          0x00810418     0x120c ../stacktest_bsp\libhal_bsp.a(alt_sys_init.o)
 .data          0x00811624        0x0 ../stacktest_bsp\libhal_bsp.a(altera_avalon_cfi_flash.o)
 .data          0x00811624        0x0 ../stacktest_bsp\libhal_bsp.a(altera_avalon_cfi_flash_table.o)
 .data          0x00811624        0x0 ../stacktest_bsp\libhal_bsp.a(altera_avalon_jtag_uart_fd.o)
 .data          0x00811624        0x0 ../stacktest_bsp\libhal_bsp.a(altera_avalon_jtag_uart_init.o)
 .data          0x00811624        0x0 ../stacktest_bsp\libhal_bsp.a(altera_avalon_jtag_uart_ioctl.o)
 .data          0x00811624        0x0 ../stacktest_bsp\libhal_bsp.a(altera_avalon_jtag_uart_read.o)
 .data          0x00811624        0x0 ../stacktest_bsp\libhal_bsp.a(altera_avalon_jtag_uart_write.o)
 .data          0x00811624        0x0 ../stacktest_bsp\libhal_bsp.a(altera_avalon_timer_sc.o)
 .data          0x00811624        0x0 ../stacktest_bsp\libhal_bsp.a(altera_up_avalon_ps2.o)
 .data          0x00811624        0x0 ../stacktest_bsp\libhal_bsp.a(altera_up_avalon_video_character_buffer_with_dma.o)
 .data          0x00811624        0x0 ../stacktest_bsp\libhal_bsp.a(alt_alarm_start.o)
 .data          0x00811624        0x0 ../stacktest_bsp\libhal_bsp.a(alt_busy_sleep.o)
 .data          0x00811624        0x0 ../stacktest_bsp\libhal_bsp.a(alt_dcache_flush.o)
 .data          0x00811624        0x0 ../stacktest_bsp\libhal_bsp.a(alt_dev_llist_insert.o)
 .data          0x00811624        0x0 ../stacktest_bsp\libhal_bsp.a(alt_do_ctors.o)
 .data          0x00811624        0x0 ../stacktest_bsp\libhal_bsp.a(alt_do_dtors.o)
 .data          0x00811624        0x0 ../stacktest_bsp\libhal_bsp.a(alt_find_dev.o)
 .data          0x00811624        0x0 ../stacktest_bsp\libhal_bsp.a(alt_flash_dev.o)
 .data          0x00811624        0x0 ../stacktest_bsp\libhal_bsp.a(alt_io_redirect.o)
 .data          0x00811624        0x0 ../stacktest_bsp\libhal_bsp.a(alt_irq_register.o)
 .data          0x00811624        0x0 ../stacktest_bsp\libhal_bsp.a(alt_irq_vars.o)
 .data          0x00811624        0x0 ../stacktest_bsp\libhal_bsp.a(alt_open.o)
 .data          0x00811624        0x0 ../stacktest_bsp\libhal_bsp.a(alt_tick.o)
 .data          0x00811624        0x0 ../stacktest_bsp\libhal_bsp.a(altera_nios2_irq.o)
 .data          0x00811624        0x0 ../stacktest_bsp\libhal_bsp.a(altera_avalon_cfi_flash_amd.o)
 .data          0x00811624        0x0 ../stacktest_bsp\libhal_bsp.a(altera_avalon_cfi_flash_intel.o)
 .data          0x00811624        0x0 ../stacktest_bsp\libhal_bsp.a(alt_find_file.o)
 .data          0x00811624        0x0 ../stacktest_bsp\libhal_bsp.a(alt_get_fd.o)
 .data          0x00811624        0x0 ../stacktest_bsp\libhal_bsp.a(alt_irq_entry.o)
 .data          0x00811624        0x0 ../stacktest_bsp\libhal_bsp.a(alt_irq_handler.o)
 .data          0x00811624        0x0 ../stacktest_bsp\libhal_bsp.a(alt_exception_entry.o)
 .data          0x00811624        0x0 i:/altera/nios2eds/bin/gnu/h-i686-mingw32/bin/../lib/gcc/nios2-elf/4.1.2/../../../../nios2-elf/lib\libc.a(lib_a-atexit.o)
 .data          0x00811624        0x0 i:/altera/nios2eds/bin/gnu/h-i686-mingw32/bin/../lib/gcc/nios2-elf/4.1.2/../../../../nios2-elf/lib\libc.a(lib_a-exit.o)
 .data          0x00811624        0x0 i:/altera/nios2eds/bin/gnu/h-i686-mingw32/bin/../lib/gcc/nios2-elf/4.1.2/../../../../nios2-elf/lib\libc.a(lib_a-memcmp.o)
 .data          0x00811624        0x0 i:/altera/nios2eds/bin/gnu/h-i686-mingw32/bin/../lib/gcc/nios2-elf/4.1.2/../../../../nios2-elf/lib\libc.a(lib_a-__atexit.o)
 .data          0x00811624        0x0 i:/altera/nios2eds/bin/gnu/h-i686-mingw32/bin/../lib/gcc/nios2-elf/4.1.2/../../../../nios2-elf/lib\libc.a(lib_a-__call_atexit.o)
 .data          0x00811624        0x0 ../stacktest_bsp\libhal_bsp.a(alt_exit.o)
                0x00819624                _gp = ABSOLUTE ((. + 0x8000))
                0x00819624                PROVIDE (gp, _gp)
 *(.sdata .sdata.* .gnu.linkonce.s.*)
 .sdata         0x00811624        0x8 i:/altera/nios2eds/bin/gnu/h-i686-mingw32/bin/../lib/gcc/nios2-elf/4.1.2/../../../../nios2-elf/lib\libc.a(lib_a-impure.o)
                0x00811624                _impure_ptr
                0x00811628                _global_impure_ptr
 .sdata         0x0081162c        0x8 i:/altera/nios2eds/bin/gnu/h-i686-mingw32/bin/../lib/gcc/nios2-elf/4.1.2/../../../../nios2-elf/lib\libc.a(lib_a-locale.o)
                0x0081162c                __mb_cur_max
 .sdata         0x00811634        0x8 i:/altera/nios2eds/bin/gnu/h-i686-mingw32/bin/../lib/gcc/nios2-elf/4.1.2/../../../../nios2-elf/lib\libc.a(lib_a-mallocr.o)
                0x00811634                __malloc_trim_threshold
                0x00811638                __malloc_sbrk_base
 .sdata         0x0081163c       0x14 ../stacktest_bsp\libhal_bsp.a(alt_dev.o)
                0x0081163c                alt_fs_list
                0x00811644                alt_dev_list
                0x0081164c                alt_max_fd
 .sdata         0x00811650        0x4 ../stacktest_bsp\libhal_bsp.a(alt_errno.o)
                0x00811650                alt_errno
 .sdata         0x00811654        0x4 ../stacktest_bsp\libhal_bsp.a(alt_sbrk.o)
 .sdata         0x00811658        0x8 ../stacktest_bsp\libhal_bsp.a(alt_flash_dev.o)
                0x00811658                alt_flash_dev_list
 .sdata         0x00811660        0x4 ../stacktest_bsp\libhal_bsp.a(alt_irq_vars.o)
                0x00811660                alt_priority_mask
 .sdata         0x00811664        0x8 ../stacktest_bsp\libhal_bsp.a(alt_tick.o)
                0x00811664                alt_alarm_list
 *(.sdata2 .sdata2.* .gnu.linkonce.s2.*)
                0x0081166c                . = ALIGN (0x4)
                0x0081166c                _edata = ABSOLUTE (.)
                0x0081166c                PROVIDE (edata, ABSOLUTE (.))
                0x0081166c                PROVIDE (__ram_rwdata_end, ABSOLUTE (.))
                0x0080fa5c                PROVIDE (__flash_rwdata_start, LOADADDR (.rwdata))

.bss            0x0081166c      0x2ec
                0x0081166c                __bss_start = ABSOLUTE (.)
                0x0081166c                PROVIDE (__sbss_start, ABSOLUTE (.))
                0x0081166c                PROVIDE (___sbss_start, ABSOLUTE (.))
 *(.dynsbss)
 *(.sbss .sbss.* .gnu.linkonce.sb.*)
 .sbss          0x0081166c        0xc i:/altera/nios2eds/bin/gnu/h-i686-mingw32/bin/../lib/gcc/nios2-elf/4.1.2/../../../../nios2-elf/lib\libc.a(lib_a-locale.o)
                0x0081166c                __nlocale_changed
                0x00811670                __mlocale_changed
                0x00811674                _PathLocale
 .sbss          0x00811678        0xc i:/altera/nios2eds/bin/gnu/h-i686-mingw32/bin/../lib/gcc/nios2-elf/4.1.2/../../../../nios2-elf/lib\libc.a(lib_a-mallocr.o)
                0x00811678                __malloc_top_pad
                0x0081167c                __malloc_max_sbrked_mem
                0x00811680                __malloc_max_total_mem
 .sbss          0x00811684        0x4 i:/altera/nios2eds/bin/gnu/h-i686-mingw32/bin/../lib/gcc/nios2-elf/4.1.2/../../../../nios2-elf/lib\libc.a(lib_a-int_errno.o)
                0x00811684                errno
 .sbss          0x00811688        0xc ../stacktest_bsp\libhal_bsp.a(alt_main.o)
                0x00811688                alt_argc
                0x0081168c                alt_argv
                0x00811690                alt_envp
 .sbss          0x00811694        0x4 ../stacktest_bsp\libhal_bsp.a(alt_irq_vars.o)
                0x00811694                alt_irq_active
 .sbss          0x00811698        0x8 ../stacktest_bsp\libhal_bsp.a(alt_tick.o)
                0x00811698                _alt_tick_rate
                0x0081169c                _alt_nticks
 *(.sbss2 .sbss2.* .gnu.linkonce.sb2.*)
 *(.scommon)
                0x008116a0                PROVIDE (__sbss_end, ABSOLUTE (.))
                0x008116a0                PROVIDE (___sbss_end, ABSOLUTE (.))
 *(.dynbss)
 *(.bss .bss.* .gnu.linkonce.b.*)
 .bss           0x008116a0        0x0 ../stacktest_bsp/obj/HAL/src/crt0.o
 .bss           0x008116a0        0x0 obj/hello_world.o
 .bss           0x008116a0        0x0 i:/altera/nios2eds/bin/gnu/h-i686-mingw32/bin/../lib/gcc/nios2-elf/4.1.2/../../../../nios2-elf/lib\libc.a(lib_a-printf.o)
 .bss           0x008116a0        0x0 i:/altera/nios2eds/bin/gnu/h-i686-mingw32/bin/../lib/gcc/nios2-elf/4.1.2/../../../../nios2-elf/lib\libc.a(lib_a-vfprintf.o)
 .bss           0x008116a0        0x0 i:/altera/nios2eds/bin/gnu/h-i686-mingw32/bin/../lib/gcc/nios2-elf/4.1.2/../../../../nios2-elf/lib\libc.a(lib_a-wsetup.o)
 .bss           0x008116a0        0x0 i:/altera/nios2eds/bin/gnu/h-i686-mingw32/bin/../lib/gcc/nios2-elf/4.1.2/../../../../nios2-elf/lib\libc.a(lib_a-dtoa.o)
 .bss           0x008116a0        0x0 i:/altera/nios2eds/bin/gnu/h-i686-mingw32/bin/../lib/gcc/nios2-elf/4.1.2/../../../../nios2-elf/lib\libc.a(lib_a-fflush.o)
 .bss           0x008116a0        0x0 i:/altera/nios2eds/bin/gnu/h-i686-mingw32/bin/../lib/gcc/nios2-elf/4.1.2/../../../../nios2-elf/lib\libc.a(lib_a-findfp.o)
 .bss           0x008116a0        0x0 i:/altera/nios2eds/bin/gnu/h-i686-mingw32/bin/../lib/gcc/nios2-elf/4.1.2/../../../../nios2-elf/lib\libc.a(lib_a-freer.o)
 .bss           0x008116a0        0x0 i:/altera/nios2eds/bin/gnu/h-i686-mingw32/bin/../lib/gcc/nios2-elf/4.1.2/../../../../nios2-elf/lib\libc.a(lib_a-fvwrite.o)
 .bss           0x008116a0        0x0 i:/altera/nios2eds/bin/gnu/h-i686-mingw32/bin/../lib/gcc/nios2-elf/4.1.2/../../../../nios2-elf/lib\libc.a(lib_a-fwalk.o)
 .bss           0x008116a0        0x0 i:/altera/nios2eds/bin/gnu/h-i686-mingw32/bin/../lib/gcc/nios2-elf/4.1.2/../../../../nios2-elf/lib\libc.a(lib_a-impure.o)
 .bss           0x008116a0        0x0 i:/altera/nios2eds/bin/gnu/h-i686-mingw32/bin/../lib/gcc/nios2-elf/4.1.2/../../../../nios2-elf/lib\libc.a(lib_a-locale.o)
 .bss           0x008116a0        0x0 i:/altera/nios2eds/bin/gnu/h-i686-mingw32/bin/../lib/gcc/nios2-elf/4.1.2/../../../../nios2-elf/lib\libc.a(lib_a-makebuf.o)
 .bss           0x008116a0       0x28 i:/altera/nios2eds/bin/gnu/h-i686-mingw32/bin/../lib/gcc/nios2-elf/4.1.2/../../../../nios2-elf/lib\libc.a(lib_a-mallocr.o)
                0x008116a0                __malloc_current_mallinfo
 .bss           0x008116c8        0x0 i:/altera/nios2eds/bin/gnu/h-i686-mingw32/bin/../lib/gcc/nios2-elf/4.1.2/../../../../nios2-elf/lib\libc.a(lib_a-memchr.o)
 .bss           0x008116c8        0x0 i:/altera/nios2eds/bin/gnu/h-i686-mingw32/bin/../lib/gcc/nios2-elf/4.1.2/../../../../nios2-elf/lib\libc.a(lib_a-memcpy.o)
 .bss           0x008116c8        0x0 i:/altera/nios2eds/bin/gnu/h-i686-mingw32/bin/../lib/gcc/nios2-elf/4.1.2/../../../../nios2-elf/lib\libc.a(lib_a-memmove.o)
 .bss           0x008116c8        0x0 i:/altera/nios2eds/bin/gnu/h-i686-mingw32/bin/../lib/gcc/nios2-elf/4.1.2/../../../../nios2-elf/lib\libc.a(lib_a-memset.o)
 .bss           0x008116c8        0x0 i:/altera/nios2eds/bin/gnu/h-i686-mingw32/bin/../lib/gcc/nios2-elf/4.1.2/../../../../nios2-elf/lib\libc.a(lib_a-mprec.o)
 .bss           0x008116c8        0x0 i:/altera/nios2eds/bin/gnu/h-i686-mingw32/bin/../lib/gcc/nios2-elf/4.1.2/../../../../nios2-elf/lib\libc.a(lib_a-reallocr.o)
 .bss           0x008116c8        0x0 i:/altera/nios2eds/bin/gnu/h-i686-mingw32/bin/../lib/gcc/nios2-elf/4.1.2/../../../../nios2-elf/lib\libc.a(lib_a-s_isinfd.o)
 .bss           0x008116c8        0x0 i:/altera/nios2eds/bin/gnu/h-i686-mingw32/bin/../lib/gcc/nios2-elf/4.1.2/../../../../nios2-elf/lib\libc.a(lib_a-s_isnand.o)
 .bss           0x008116c8        0x0 i:/altera/nios2eds/bin/gnu/h-i686-mingw32/bin/../lib/gcc/nios2-elf/4.1.2/../../../../nios2-elf/lib\libc.a(lib_a-sbrkr.o)
 .bss           0x008116c8        0x0 i:/altera/nios2eds/bin/gnu/h-i686-mingw32/bin/../lib/gcc/nios2-elf/4.1.2/../../../../nios2-elf/lib\libc.a(lib_a-stdio.o)
 .bss           0x008116c8        0x0 i:/altera/nios2eds/bin/gnu/h-i686-mingw32/bin/../lib/gcc/nios2-elf/4.1.2/../../../../nios2-elf/lib\libc.a(lib_a-strcmp.o)
 .bss           0x008116c8        0x0 i:/altera/nios2eds/bin/gnu/h-i686-mingw32/bin/../lib/gcc/nios2-elf/4.1.2/../../../../nios2-elf/lib\libc.a(lib_a-strlen.o)
 .bss           0x008116c8        0x0 i:/altera/nios2eds/bin/gnu/h-i686-mingw32/bin/../lib/gcc/nios2-elf/4.1.2/../../../../nios2-elf/lib\libc.a(lib_a-writer.o)
 .bss           0x008116c8        0x0 i:/altera/nios2eds/bin/gnu/h-i686-mingw32/bin/../lib/gcc/nios2-elf/4.1.2/../../../../nios2-elf/lib\libc.a(lib_a-callocr.o)
 .bss           0x008116c8        0x0 i:/altera/nios2eds/bin/gnu/h-i686-mingw32/bin/../lib/gcc/nios2-elf/4.1.2/../../../../nios2-elf/lib\libc.a(lib_a-closer.o)
 .bss           0x008116c8        0x0 i:/altera/nios2eds/bin/gnu/h-i686-mingw32/bin/../lib/gcc/nios2-elf/4.1.2/../../../../nios2-elf/lib\libc.a(lib_a-fclose.o)
 .bss           0x008116c8        0x0 i:/altera/nios2eds/bin/gnu/h-i686-mingw32/bin/../lib/gcc/nios2-elf/4.1.2/../../../../nios2-elf/lib\libc.a(lib_a-fstatr.o)
 .bss           0x008116c8        0x0 i:/altera/nios2eds/bin/gnu/h-i686-mingw32/bin/../lib/gcc/nios2-elf/4.1.2/../../../../nios2-elf/lib\libc.a(lib_a-int_errno.o)
 .bss           0x008116c8        0x0 i:/altera/nios2eds/bin/gnu/h-i686-mingw32/bin/../lib/gcc/nios2-elf/4.1.2/../../../../nios2-elf/lib\libc.a(lib_a-isattyr.o)
 .bss           0x008116c8        0x0 i:/altera/nios2eds/bin/gnu/h-i686-mingw32/bin/../lib/gcc/nios2-elf/4.1.2/../../../../nios2-elf/lib\libc.a(lib_a-lseekr.o)
 .bss           0x008116c8        0x0 i:/altera/nios2eds/bin/gnu/h-i686-mingw32/bin/../lib/gcc/nios2-elf/4.1.2/../../../../nios2-elf/lib\libc.a(lib_a-readr.o)
 .bss           0x008116c8        0x0 i:/altera/nios2eds/bin/gnu/h-i686-mingw32/bin/../lib/gcc/nios2-elf/4.1.2\libgcc.a(_udivdi3.o)
 .bss           0x008116c8        0x0 i:/altera/nios2eds/bin/gnu/h-i686-mingw32/bin/../lib/gcc/nios2-elf/4.1.2\libgcc.a(_umoddi3.o)
 .bss           0x008116c8        0x0 i:/altera/nios2eds/bin/gnu/h-i686-mingw32/bin/../lib/gcc/nios2-elf/4.1.2\libgcc.a(_addsub_df.o)
 .bss           0x008116c8        0x0 i:/altera/nios2eds/bin/gnu/h-i686-mingw32/bin/../lib/gcc/nios2-elf/4.1.2\libgcc.a(_mul_df.o)
 .bss           0x008116c8        0x0 i:/altera/nios2eds/bin/gnu/h-i686-mingw32/bin/../lib/gcc/nios2-elf/4.1.2\libgcc.a(_div_df.o)
 .bss           0x008116c8        0x0 i:/altera/nios2eds/bin/gnu/h-i686-mingw32/bin/../lib/gcc/nios2-elf/4.1.2\libgcc.a(_eq_df.o)
 .bss           0x008116c8        0x0 i:/altera/nios2eds/bin/gnu/h-i686-mingw32/bin/../lib/gcc/nios2-elf/4.1.2\libgcc.a(_ne_df.o)
 .bss           0x008116c8        0x0 i:/altera/nios2eds/bin/gnu/h-i686-mingw32/bin/../lib/gcc/nios2-elf/4.1.2\libgcc.a(_gt_df.o)
 .bss           0x008116c8        0x0 i:/altera/nios2eds/bin/gnu/h-i686-mingw32/bin/../lib/gcc/nios2-elf/4.1.2\libgcc.a(_ge_df.o)
 .bss           0x008116c8        0x0 i:/altera/nios2eds/bin/gnu/h-i686-mingw32/bin/../lib/gcc/nios2-elf/4.1.2\libgcc.a(_lt_df.o)
 .bss           0x008116c8        0x0 i:/altera/nios2eds/bin/gnu/h-i686-mingw32/bin/../lib/gcc/nios2-elf/4.1.2\libgcc.a(_si_to_df.o)
 .bss           0x008116c8        0x0 i:/altera/nios2eds/bin/gnu/h-i686-mingw32/bin/../lib/gcc/nios2-elf/4.1.2\libgcc.a(_df_to_si.o)
 .bss           0x008116c8        0x0 i:/altera/nios2eds/bin/gnu/h-i686-mingw32/bin/../lib/gcc/nios2-elf/4.1.2\libgcc.a(_thenan_df.o)
 .bss           0x008116c8        0x0 i:/altera/nios2eds/bin/gnu/h-i686-mingw32/bin/../lib/gcc/nios2-elf/4.1.2\libgcc.a(_usi_to_df.o)
 .bss           0x008116c8        0x0 i:/altera/nios2eds/bin/gnu/h-i686-mingw32/bin/../lib/gcc/nios2-elf/4.1.2\libgcc.a(lib2-divmod.o)
 .bss           0x008116c8        0x0 i:/altera/nios2eds/bin/gnu/h-i686-mingw32/bin/../lib/gcc/nios2-elf/4.1.2\libgcc.a(_muldi3.o)
 .bss           0x008116c8        0x0 i:/altera/nios2eds/bin/gnu/h-i686-mingw32/bin/../lib/gcc/nios2-elf/4.1.2\libgcc.a(_clz.o)
 .bss           0x008116c8        0x0 i:/altera/nios2eds/bin/gnu/h-i686-mingw32/bin/../lib/gcc/nios2-elf/4.1.2\libgcc.a(_clzsi2.o)
 .bss           0x008116c8        0x0 i:/altera/nios2eds/bin/gnu/h-i686-mingw32/bin/../lib/gcc/nios2-elf/4.1.2\libgcc.a(_pack_df.o)
 .bss           0x008116c8        0x0 i:/altera/nios2eds/bin/gnu/h-i686-mingw32/bin/../lib/gcc/nios2-elf/4.1.2\libgcc.a(_unpack_df.o)
 .bss           0x008116c8        0x0 i:/altera/nios2eds/bin/gnu/h-i686-mingw32/bin/../lib/gcc/nios2-elf/4.1.2\libgcc.a(_fpcmp_parts_df.o)
 .bss           0x008116c8        0x0 ../stacktest_bsp\libhal_bsp.a(alt_close.o)
 .bss           0x008116c8        0x0 ../stacktest_bsp\libhal_bsp.a(alt_dev.o)
 .bss           0x008116c8        0x0 ../stacktest_bsp\libhal_bsp.a(alt_errno.o)
 .bss           0x008116c8        0x0 ../stacktest_bsp\libhal_bsp.a(alt_fstat.o)
 .bss           0x008116c8        0x0 ../stacktest_bsp\libhal_bsp.a(alt_isatty.o)
 .bss           0x008116c8        0x0 ../stacktest_bsp\libhal_bsp.a(alt_lseek.o)
 .bss           0x008116c8        0x0 ../stacktest_bsp\libhal_bsp.a(alt_main.o)
 .bss           0x008116c8        0x0 ../stacktest_bsp\libhal_bsp.a(alt_malloc_lock.o)
 .bss           0x008116c8        0x0 ../stacktest_bsp\libhal_bsp.a(alt_read.o)
 .bss           0x008116c8        0x0 ../stacktest_bsp\libhal_bsp.a(alt_release_fd.o)
 .bss           0x008116c8        0x0 ../stacktest_bsp\libhal_bsp.a(alt_sbrk.o)
 .bss           0x008116c8        0x0 ../stacktest_bsp\libhal_bsp.a(alt_usleep.o)
 .bss           0x008116c8        0x0 ../stacktest_bsp\libhal_bsp.a(alt_write.o)
 .bss           0x008116c8        0x0 ../stacktest_bsp\libhal_bsp.a(alt_sys_init.o)
 .bss           0x008116c8        0x0 ../stacktest_bsp\libhal_bsp.a(altera_avalon_cfi_flash.o)
 .bss           0x008116c8        0x0 ../stacktest_bsp\libhal_bsp.a(altera_avalon_cfi_flash_table.o)
 .bss           0x008116c8        0x0 ../stacktest_bsp\libhal_bsp.a(altera_avalon_jtag_uart_fd.o)
 .bss           0x008116c8        0x0 ../stacktest_bsp\libhal_bsp.a(altera_avalon_jtag_uart_init.o)
 .bss           0x008116c8        0x0 ../stacktest_bsp\libhal_bsp.a(altera_avalon_jtag_uart_ioctl.o)
 .bss           0x008116c8        0x0 ../stacktest_bsp\libhal_bsp.a(altera_avalon_jtag_uart_read.o)
 .bss           0x008116c8        0x0 ../stacktest_bsp\libhal_bsp.a(altera_avalon_jtag_uart_write.o)
 .bss           0x008116c8        0x0 ../stacktest_bsp\libhal_bsp.a(altera_avalon_timer_sc.o)
 .bss           0x008116c8        0x0 ../stacktest_bsp\libhal_bsp.a(altera_up_avalon_ps2.o)
 .bss           0x008116c8        0x0 ../stacktest_bsp\libhal_bsp.a(altera_up_avalon_video_character_buffer_with_dma.o)
 .bss           0x008116c8        0x0 ../stacktest_bsp\libhal_bsp.a(alt_alarm_start.o)
 .bss           0x008116c8        0x0 ../stacktest_bsp\libhal_bsp.a(alt_busy_sleep.o)
 .bss           0x008116c8        0x0 ../stacktest_bsp\libhal_bsp.a(alt_dcache_flush.o)
 .bss           0x008116c8        0x0 ../stacktest_bsp\libhal_bsp.a(alt_dev_llist_insert.o)
 .bss           0x008116c8        0x0 ../stacktest_bsp\libhal_bsp.a(alt_do_ctors.o)
 .bss           0x008116c8        0x0 ../stacktest_bsp\libhal_bsp.a(alt_do_dtors.o)
 .bss           0x008116c8        0x0 ../stacktest_bsp\libhal_bsp.a(alt_find_dev.o)
 .bss           0x008116c8        0x0 ../stacktest_bsp\libhal_bsp.a(alt_flash_dev.o)
 .bss           0x008116c8        0x0 ../stacktest_bsp\libhal_bsp.a(alt_io_redirect.o)
 .bss           0x008116c8        0x0 ../stacktest_bsp\libhal_bsp.a(alt_irq_register.o)
 .bss           0x008116c8        0x0 ../stacktest_bsp\libhal_bsp.a(alt_irq_vars.o)
 .bss           0x008116c8        0x0 ../stacktest_bsp\libhal_bsp.a(alt_open.o)
 .bss           0x008116c8        0x0 ../stacktest_bsp\libhal_bsp.a(alt_tick.o)
 .bss           0x008116c8        0x0 ../stacktest_bsp\libhal_bsp.a(altera_nios2_irq.o)
 .bss           0x008116c8        0x0 ../stacktest_bsp\libhal_bsp.a(altera_avalon_cfi_flash_amd.o)
 .bss           0x008116c8        0x0 ../stacktest_bsp\libhal_bsp.a(altera_avalon_cfi_flash_intel.o)
 .bss           0x008116c8        0x0 ../stacktest_bsp\libhal_bsp.a(alt_find_file.o)
 .bss           0x008116c8        0x0 ../stacktest_bsp\libhal_bsp.a(alt_get_fd.o)
 .bss           0x008116c8        0x0 ../stacktest_bsp\libhal_bsp.a(alt_irq_entry.o)
 .bss           0x008116c8        0x0 ../stacktest_bsp\libhal_bsp.a(alt_irq_handler.o)
 .bss           0x008116c8        0x0 ../stacktest_bsp\libhal_bsp.a(alt_exception_entry.o)
 .bss           0x008116c8        0x0 i:/altera/nios2eds/bin/gnu/h-i686-mingw32/bin/../lib/gcc/nios2-elf/4.1.2/../../../../nios2-elf/lib\libc.a(lib_a-atexit.o)
 .bss           0x008116c8        0x0 i:/altera/nios2eds/bin/gnu/h-i686-mingw32/bin/../lib/gcc/nios2-elf/4.1.2/../../../../nios2-elf/lib\libc.a(lib_a-exit.o)
 .bss           0x008116c8        0x0 i:/altera/nios2eds/bin/gnu/h-i686-mingw32/bin/../lib/gcc/nios2-elf/4.1.2/../../../../nios2-elf/lib\libc.a(lib_a-memcmp.o)
 .bss           0x008116c8        0x0 i:/altera/nios2eds/bin/gnu/h-i686-mingw32/bin/../lib/gcc/nios2-elf/4.1.2/../../../../nios2-elf/lib\libc.a(lib_a-__atexit.o)
 .bss           0x008116c8        0x0 i:/altera/nios2eds/bin/gnu/h-i686-mingw32/bin/../lib/gcc/nios2-elf/4.1.2/../../../../nios2-elf/lib\libc.a(lib_a-__call_atexit.o)
 .bss           0x008116c8        0x0 ../stacktest_bsp\libhal_bsp.a(alt_exit.o)
 *(COMMON)
 COMMON         0x008116c8      0x100 ../stacktest_bsp\libhal_bsp.a(alt_irq_handler.o)
                0x008116c8                alt_irq
 COMMON         0x008117c8      0x190 i:/altera/nios2eds/bin/gnu/h-i686-mingw32/bin/../lib/gcc/nios2-elf/4.1.2/../../../../nios2-elf/lib\libc.a(lib_a-atexit.o)
                0x008117c8                _atexit0
                0x00811958                . = ALIGN (0x4)
                0x00811958                __bss_end = ABSOLUTE (.)

.sdram          0x00811958        0x0
                0x00811958                PROVIDE (_alt_partition_sdram_start, ABSOLUTE (.))
 *(.sdram. sdram.*)
                0x00811958                . = ALIGN (0x4)
                0x00811958                PROVIDE (_alt_partition_sdram_end, ABSOLUTE (.))
                0x00811958                _end = ABSOLUTE (.)
                0x00811958                end = ABSOLUTE (.)
                0x00811958                __alt_stack_base = ABSOLUTE (.)
                0x00811958                PROVIDE (_alt_partition_sdram_load_addr, LOADADDR (.sdram))

.cfi_flash      0x01400020        0x0
                0x01400020                PROVIDE (_alt_partition_cfi_flash_start, ABSOLUTE (.))
 *(.cfi_flash. cfi_flash.*)
                0x01400020                . = ALIGN (0x4)
                0x01400020                PROVIDE (_alt_partition_cfi_flash_end, ABSOLUTE (.))
                0x01400020                PROVIDE (_alt_partition_cfi_flash_load_addr, LOADADDR (.cfi_flash))

.onchip_memory  0x01800000        0x0
                0x01800000                PROVIDE (_alt_partition_onchip_memory_start, ABSOLUTE (.))
 *(.onchip_memory. onchip_memory.*)
                0x01800000                . = ALIGN (0x4)
                0x01800000                PROVIDE (_alt_partition_onchip_memory_end, ABSOLUTE (.))
                0x01800000                PROVIDE (_alt_partition_onchip_memory_load_addr, LOADADDR (.onchip_memory))

.stab
 *(.stab)

.stabstr
 *(.stabstr)

.stab.excl
 *(.stab.excl)

.stab.exclstr
 *(.stab.exclstr)

.stab.index
 *(.stab.index)

.stab.indexstr
 *(.stab.indexstr)

.comment        0x00000000       0x23
 *(.comment)
 .comment       0x00000000       0x23 obj/hello_world.o
                                 0x24 (size before relaxing)
 .comment       0x00000000       0x24 i:/altera/nios2eds/bin/gnu/h-i686-mingw32/bin/../lib/gcc/nios2-elf/4.1.2/../../../../nios2-elf/lib\libc.a(lib_a-printf.o)
 .comment       0x00000000       0x24 i:/altera/nios2eds/bin/gnu/h-i686-mingw32/bin/../lib/gcc/nios2-elf/4.1.2/../../../../nios2-elf/lib\libc.a(lib_a-vfprintf.o)
 .comment       0x00000000       0x24 i:/altera/nios2eds/bin/gnu/h-i686-mingw32/bin/../lib/gcc/nios2-elf/4.1.2/../../../../nios2-elf/lib\libc.a(lib_a-wsetup.o)
 .comment       0x00000000       0x24 i:/altera/nios2eds/bin/gnu/h-i686-mingw32/bin/../lib/gcc/nios2-elf/4.1.2/../../../../nios2-elf/lib\libc.a(lib_a-dtoa.o)
 .comment       0x00000000       0x24 i:/altera/nios2eds/bin/gnu/h-i686-mingw32/bin/../lib/gcc/nios2-elf/4.1.2/../../../../nios2-elf/lib\libc.a(lib_a-fflush.o)
 .comment       0x00000000       0x24 i:/altera/nios2eds/bin/gnu/h-i686-mingw32/bin/../lib/gcc/nios2-elf/4.1.2/../../../../nios2-elf/lib\libc.a(lib_a-findfp.o)
 .comment       0x00000000       0x24 i:/altera/nios2eds/bin/gnu/h-i686-mingw32/bin/../lib/gcc/nios2-elf/4.1.2/../../../../nios2-elf/lib\libc.a(lib_a-freer.o)
 .comment       0x00000000       0x24 i:/altera/nios2eds/bin/gnu/h-i686-mingw32/bin/../lib/gcc/nios2-elf/4.1.2/../../../../nios2-elf/lib\libc.a(lib_a-fvwrite.o)
 .comment       0x00000000       0x24 i:/altera/nios2eds/bin/gnu/h-i686-mingw32/bin/../lib/gcc/nios2-elf/4.1.2/../../../../nios2-elf/lib\libc.a(lib_a-fwalk.o)
 .comment       0x00000000       0x24 i:/altera/nios2eds/bin/gnu/h-i686-mingw32/bin/../lib/gcc/nios2-elf/4.1.2/../../../../nios2-elf/lib\libc.a(lib_a-impure.o)
 .comment       0x00000000       0x24 i:/altera/nios2eds/bin/gnu/h-i686-mingw32/bin/../lib/gcc/nios2-elf/4.1.2/../../../../nios2-elf/lib\libc.a(lib_a-locale.o)
 .comment       0x00000000       0x24 i:/altera/nios2eds/bin/gnu/h-i686-mingw32/bin/../lib/gcc/nios2-elf/4.1.2/../../../../nios2-elf/lib\libc.a(lib_a-makebuf.o)
 .comment       0x00000000       0x24 i:/altera/nios2eds/bin/gnu/h-i686-mingw32/bin/../lib/gcc/nios2-elf/4.1.2/../../../../nios2-elf/lib\libc.a(lib_a-mallocr.o)
 .comment       0x00000000       0x24 i:/altera/nios2eds/bin/gnu/h-i686-mingw32/bin/../lib/gcc/nios2-elf/4.1.2/../../../../nios2-elf/lib\libc.a(lib_a-memchr.o)
 .comment       0x00000000       0x24 i:/altera/nios2eds/bin/gnu/h-i686-mingw32/bin/../lib/gcc/nios2-elf/4.1.2/../../../../nios2-elf/lib\libc.a(lib_a-memcpy.o)
 .comment       0x00000000       0x24 i:/altera/nios2eds/bin/gnu/h-i686-mingw32/bin/../lib/gcc/nios2-elf/4.1.2/../../../../nios2-elf/lib\libc.a(lib_a-memmove.o)
 .comment       0x00000000       0x24 i:/altera/nios2eds/bin/gnu/h-i686-mingw32/bin/../lib/gcc/nios2-elf/4.1.2/../../../../nios2-elf/lib\libc.a(lib_a-memset.o)
 .comment       0x00000000       0x24 i:/altera/nios2eds/bin/gnu/h-i686-mingw32/bin/../lib/gcc/nios2-elf/4.1.2/../../../../nios2-elf/lib\libc.a(lib_a-mprec.o)
 .comment       0x00000000       0x24 i:/altera/nios2eds/bin/gnu/h-i686-mingw32/bin/../lib/gcc/nios2-elf/4.1.2/../../../../nios2-elf/lib\libc.a(lib_a-reallocr.o)
 .comment       0x00000000       0x24 i:/altera/nios2eds/bin/gnu/h-i686-mingw32/bin/../lib/gcc/nios2-elf/4.1.2/../../../../nios2-elf/lib\libc.a(lib_a-s_isinfd.o)
 .comment       0x00000000       0x24 i:/altera/nios2eds/bin/gnu/h-i686-mingw32/bin/../lib/gcc/nios2-elf/4.1.2/../../../../nios2-elf/lib\libc.a(lib_a-s_isnand.o)
 .comment       0x00000000       0x24 i:/altera/nios2eds/bin/gnu/h-i686-mingw32/bin/../lib/gcc/nios2-elf/4.1.2/../../../../nios2-elf/lib\libc.a(lib_a-sbrkr.o)
 .comment       0x00000000       0x24 i:/altera/nios2eds/bin/gnu/h-i686-mingw32/bin/../lib/gcc/nios2-elf/4.1.2/../../../../nios2-elf/lib\libc.a(lib_a-stdio.o)
 .comment       0x00000000       0x24 i:/altera/nios2eds/bin/gnu/h-i686-mingw32/bin/../lib/gcc/nios2-elf/4.1.2/../../../../nios2-elf/lib\libc.a(lib_a-strcmp.o)
 .comment       0x00000000       0x24 i:/altera/nios2eds/bin/gnu/h-i686-mingw32/bin/../lib/gcc/nios2-elf/4.1.2/../../../../nios2-elf/lib\libc.a(lib_a-strlen.o)
 .comment       0x00000000       0x24 i:/altera/nios2eds/bin/gnu/h-i686-mingw32/bin/../lib/gcc/nios2-elf/4.1.2/../../../../nios2-elf/lib\libc.a(lib_a-writer.o)
 .comment       0x00000000       0x24 i:/altera/nios2eds/bin/gnu/h-i686-mingw32/bin/../lib/gcc/nios2-elf/4.1.2/../../../../nios2-elf/lib\libc.a(lib_a-callocr.o)
 .comment       0x00000000       0x24 i:/altera/nios2eds/bin/gnu/h-i686-mingw32/bin/../lib/gcc/nios2-elf/4.1.2/../../../../nios2-elf/lib\libc.a(lib_a-closer.o)
 .comment       0x00000000       0x24 i:/altera/nios2eds/bin/gnu/h-i686-mingw32/bin/../lib/gcc/nios2-elf/4.1.2/../../../../nios2-elf/lib\libc.a(lib_a-fclose.o)
 .comment       0x00000000       0x24 i:/altera/nios2eds/bin/gnu/h-i686-mingw32/bin/../lib/gcc/nios2-elf/4.1.2/../../../../nios2-elf/lib\libc.a(lib_a-fstatr.o)
 .comment       0x00000000       0x24 i:/altera/nios2eds/bin/gnu/h-i686-mingw32/bin/../lib/gcc/nios2-elf/4.1.2/../../../../nios2-elf/lib\libc.a(lib_a-int_errno.o)
 .comment       0x00000000       0x24 i:/altera/nios2eds/bin/gnu/h-i686-mingw32/bin/../lib/gcc/nios2-elf/4.1.2/../../../../nios2-elf/lib\libc.a(lib_a-isattyr.o)
 .comment       0x00000000       0x24 i:/altera/nios2eds/bin/gnu/h-i686-mingw32/bin/../lib/gcc/nios2-elf/4.1.2/../../../../nios2-elf/lib\libc.a(lib_a-lseekr.o)
 .comment       0x00000000       0x24 i:/altera/nios2eds/bin/gnu/h-i686-mingw32/bin/../lib/gcc/nios2-elf/4.1.2/../../../../nios2-elf/lib\libc.a(lib_a-readr.o)
 .comment       0x00000000       0x24 i:/altera/nios2eds/bin/gnu/h-i686-mingw32/bin/../lib/gcc/nios2-elf/4.1.2\libgcc.a(_udivdi3.o)
 .comment       0x00000000       0x24 i:/altera/nios2eds/bin/gnu/h-i686-mingw32/bin/../lib/gcc/nios2-elf/4.1.2\libgcc.a(_umoddi3.o)
 .comment       0x00000000       0x24 i:/altera/nios2eds/bin/gnu/h-i686-mingw32/bin/../lib/gcc/nios2-elf/4.1.2\libgcc.a(_addsub_df.o)
 .comment       0x00000000       0x24 i:/altera/nios2eds/bin/gnu/h-i686-mingw32/bin/../lib/gcc/nios2-elf/4.1.2\libgcc.a(_mul_df.o)
 .comment       0x00000000       0x24 i:/altera/nios2eds/bin/gnu/h-i686-mingw32/bin/../lib/gcc/nios2-elf/4.1.2\libgcc.a(_div_df.o)
 .comment       0x00000000       0x24 i:/altera/nios2eds/bin/gnu/h-i686-mingw32/bin/../lib/gcc/nios2-elf/4.1.2\libgcc.a(_eq_df.o)
 .comment       0x00000000       0x24 i:/altera/nios2eds/bin/gnu/h-i686-mingw32/bin/../lib/gcc/nios2-elf/4.1.2\libgcc.a(_ne_df.o)
 .comment       0x00000000       0x24 i:/altera/nios2eds/bin/gnu/h-i686-mingw32/bin/../lib/gcc/nios2-elf/4.1.2\libgcc.a(_gt_df.o)
 .comment       0x00000000       0x24 i:/altera/nios2eds/bin/gnu/h-i686-mingw32/bin/../lib/gcc/nios2-elf/4.1.2\libgcc.a(_ge_df.o)
 .comment       0x00000000       0x24 i:/altera/nios2eds/bin/gnu/h-i686-mingw32/bin/../lib/gcc/nios2-elf/4.1.2\libgcc.a(_lt_df.o)
 .comment       0x00000000       0x24 i:/altera/nios2eds/bin/gnu/h-i686-mingw32/bin/../lib/gcc/nios2-elf/4.1.2\libgcc.a(_si_to_df.o)
 .comment       0x00000000       0x24 i:/altera/nios2eds/bin/gnu/h-i686-mingw32/bin/../lib/gcc/nios2-elf/4.1.2\libgcc.a(_df_to_si.o)
 .comment       0x00000000       0x24 i:/altera/nios2eds/bin/gnu/h-i686-mingw32/bin/../lib/gcc/nios2-elf/4.1.2\libgcc.a(_thenan_df.o)
 .comment       0x00000000       0x24 i:/altera/nios2eds/bin/gnu/h-i686-mingw32/bin/../lib/gcc/nios2-elf/4.1.2\libgcc.a(_usi_to_df.o)
 .comment       0x00000000       0x24 i:/altera/nios2eds/bin/gnu/h-i686-mingw32/bin/../lib/gcc/nios2-elf/4.1.2\libgcc.a(lib2-divmod.o)
 .comment       0x00000000       0x24 i:/altera/nios2eds/bin/gnu/h-i686-mingw32/bin/../lib/gcc/nios2-elf/4.1.2\libgcc.a(_muldi3.o)
 .comment       0x00000000       0x24 i:/altera/nios2eds/bin/gnu/h-i686-mingw32/bin/../lib/gcc/nios2-elf/4.1.2\libgcc.a(_clz.o)
 .comment       0x00000000       0x24 i:/altera/nios2eds/bin/gnu/h-i686-mingw32/bin/../lib/gcc/nios2-elf/4.1.2\libgcc.a(_clzsi2.o)
 .comment       0x00000000       0x24 i:/altera/nios2eds/bin/gnu/h-i686-mingw32/bin/../lib/gcc/nios2-elf/4.1.2\libgcc.a(_pack_df.o)
 .comment       0x00000000       0x24 i:/altera/nios2eds/bin/gnu/h-i686-mingw32/bin/../lib/gcc/nios2-elf/4.1.2\libgcc.a(_unpack_df.o)
 .comment       0x00000000       0x24 i:/altera/nios2eds/bin/gnu/h-i686-mingw32/bin/../lib/gcc/nios2-elf/4.1.2\libgcc.a(_fpcmp_parts_df.o)
 .comment       0x00000000       0x24 ../stacktest_bsp\libhal_bsp.a(alt_close.o)
 .comment       0x00000000       0x24 ../stacktest_bsp\libhal_bsp.a(alt_dev.o)
 .comment       0x00000000       0x24 ../stacktest_bsp\libhal_bsp.a(alt_errno.o)
 .comment       0x00000000       0x24 ../stacktest_bsp\libhal_bsp.a(alt_fstat.o)
 .comment       0x00000000       0x24 ../stacktest_bsp\libhal_bsp.a(alt_isatty.o)
 .comment       0x00000000       0x24 ../stacktest_bsp\libhal_bsp.a(alt_lseek.o)
 .comment       0x00000000       0x24 ../stacktest_bsp\libhal_bsp.a(alt_main.o)
 .comment       0x00000000       0x24 ../stacktest_bsp\libhal_bsp.a(alt_malloc_lock.o)
 .comment       0x00000000       0x24 ../stacktest_bsp\libhal_bsp.a(alt_read.o)
 .comment       0x00000000       0x24 ../stacktest_bsp\libhal_bsp.a(alt_release_fd.o)
 .comment       0x00000000       0x24 ../stacktest_bsp\libhal_bsp.a(alt_sbrk.o)
 .comment       0x00000000       0x24 ../stacktest_bsp\libhal_bsp.a(alt_usleep.o)
 .comment       0x00000000       0x24 ../stacktest_bsp\libhal_bsp.a(alt_write.o)
 .comment       0x00000000       0x24 ../stacktest_bsp\libhal_bsp.a(alt_sys_init.o)
 .comment       0x00000000       0x24 ../stacktest_bsp\libhal_bsp.a(altera_avalon_cfi_flash.o)
 .comment       0x00000000       0x24 ../stacktest_bsp\libhal_bsp.a(altera_avalon_cfi_flash_table.o)
 .comment       0x00000000       0x24 ../stacktest_bsp\libhal_bsp.a(altera_avalon_jtag_uart_fd.o)
 .comment       0x00000000       0x24 ../stacktest_bsp\libhal_bsp.a(altera_avalon_jtag_uart_init.o)
 .comment       0x00000000       0x24 ../stacktest_bsp\libhal_bsp.a(altera_avalon_jtag_uart_ioctl.o)
 .comment       0x00000000       0x24 ../stacktest_bsp\libhal_bsp.a(altera_avalon_jtag_uart_read.o)
 .comment       0x00000000       0x24 ../stacktest_bsp\libhal_bsp.a(altera_avalon_jtag_uart_write.o)
 .comment       0x00000000       0x24 ../stacktest_bsp\libhal_bsp.a(altera_avalon_timer_sc.o)
 .comment       0x00000000       0x24 ../stacktest_bsp\libhal_bsp.a(altera_up_avalon_ps2.o)
 .comment       0x00000000       0x24 ../stacktest_bsp\libhal_bsp.a(altera_up_avalon_video_character_buffer_with_dma.o)
 .comment       0x00000000       0x24 ../stacktest_bsp\libhal_bsp.a(alt_alarm_start.o)
 .comment       0x00000000       0x24 ../stacktest_bsp\libhal_bsp.a(alt_busy_sleep.o)
 .comment       0x00000000       0x24 ../stacktest_bsp\libhal_bsp.a(alt_dcache_flush.o)
 .comment       0x00000000       0x24 ../stacktest_bsp\libhal_bsp.a(alt_dev_llist_insert.o)
 .comment       0x00000000       0x24 ../stacktest_bsp\libhal_bsp.a(alt_do_ctors.o)
 .comment       0x00000000       0x24 ../stacktest_bsp\libhal_bsp.a(alt_do_dtors.o)
 .comment       0x00000000       0x24 ../stacktest_bsp\libhal_bsp.a(alt_find_dev.o)
 .comment       0x00000000       0x24 ../stacktest_bsp\libhal_bsp.a(alt_flash_dev.o)
 .comment       0x00000000       0x24 ../stacktest_bsp\libhal_bsp.a(alt_io_redirect.o)
 .comment       0x00000000       0x24 ../stacktest_bsp\libhal_bsp.a(alt_irq_register.o)
 .comment       0x00000000       0x24 ../stacktest_bsp\libhal_bsp.a(alt_irq_vars.o)
 .comment       0x00000000       0x24 ../stacktest_bsp\libhal_bsp.a(alt_open.o)
 .comment       0x00000000       0x24 ../stacktest_bsp\libhal_bsp.a(alt_tick.o)
 .comment       0x00000000       0x24 ../stacktest_bsp\libhal_bsp.a(altera_nios2_irq.o)
 .comment       0x00000000       0x24 ../stacktest_bsp\libhal_bsp.a(altera_avalon_cfi_flash_amd.o)
 .comment       0x00000000       0x24 ../stacktest_bsp\libhal_bsp.a(altera_avalon_cfi_flash_intel.o)
 .comment       0x00000000       0x24 ../stacktest_bsp\libhal_bsp.a(alt_find_file.o)
 .comment       0x00000000       0x24 ../stacktest_bsp\libhal_bsp.a(alt_get_fd.o)
 .comment       0x00000000       0x24 ../stacktest_bsp\libhal_bsp.a(alt_irq_handler.o)
 .comment       0x00000000       0x24 i:/altera/nios2eds/bin/gnu/h-i686-mingw32/bin/../lib/gcc/nios2-elf/4.1.2/../../../../nios2-elf/lib\libc.a(lib_a-atexit.o)
 .comment       0x00000000       0x24 i:/altera/nios2eds/bin/gnu/h-i686-mingw32/bin/../lib/gcc/nios2-elf/4.1.2/../../../../nios2-elf/lib\libc.a(lib_a-exit.o)
 .comment       0x00000000       0x24 i:/altera/nios2eds/bin/gnu/h-i686-mingw32/bin/../lib/gcc/nios2-elf/4.1.2/../../../../nios2-elf/lib\libc.a(lib_a-memcmp.o)
 .comment       0x00000000       0x24 i:/altera/nios2eds/bin/gnu/h-i686-mingw32/bin/../lib/gcc/nios2-elf/4.1.2/../../../../nios2-elf/lib\libc.a(lib_a-__atexit.o)
 .comment       0x00000000       0x24 i:/altera/nios2eds/bin/gnu/h-i686-mingw32/bin/../lib/gcc/nios2-elf/4.1.2/../../../../nios2-elf/lib\libc.a(lib_a-__call_atexit.o)
 .comment       0x00000000       0x24 ../stacktest_bsp\libhal_bsp.a(alt_exit.o)

.debug
 *(.debug)

.line
 *(.line)

.debug_srcinfo
 *(.debug_srcinfo)

.debug_sfnames
 *(.debug_sfnames)

.debug_aranges  0x00000000      0xcf0
 *(.debug_aranges)
 .debug_aranges
                0x00000000       0x20 ../stacktest_bsp/obj/HAL/src/crt0.o
 .debug_aranges
                0x00000020       0x20 obj/hello_world.o
 .debug_aranges
                0x00000040       0x20 i:/altera/nios2eds/bin/gnu/h-i686-mingw32/bin/../lib/gcc/nios2-elf/4.1.2/../../../../nios2-elf/lib\libc.a(lib_a-printf.o)
 .debug_aranges
                0x00000060       0x20 i:/altera/nios2eds/bin/gnu/h-i686-mingw32/bin/../lib/gcc/nios2-elf/4.1.2/../../../../nios2-elf/lib\libc.a(lib_a-vfprintf.o)
 .debug_aranges
                0x00000080       0x20 i:/altera/nios2eds/bin/gnu/h-i686-mingw32/bin/../lib/gcc/nios2-elf/4.1.2/../../../../nios2-elf/lib\libc.a(lib_a-wsetup.o)
 .debug_aranges
                0x000000a0       0x20 i:/altera/nios2eds/bin/gnu/h-i686-mingw32/bin/../lib/gcc/nios2-elf/4.1.2/../../../../nios2-elf/lib\libc.a(lib_a-dtoa.o)
 .debug_aranges
                0x000000c0       0x20 i:/altera/nios2eds/bin/gnu/h-i686-mingw32/bin/../lib/gcc/nios2-elf/4.1.2/../../../../nios2-elf/lib\libc.a(lib_a-fflush.o)
 .debug_aranges
                0x000000e0       0x20 i:/altera/nios2eds/bin/gnu/h-i686-mingw32/bin/../lib/gcc/nios2-elf/4.1.2/../../../../nios2-elf/lib\libc.a(lib_a-findfp.o)
 .debug_aranges
                0x00000100       0x20 i:/altera/nios2eds/bin/gnu/h-i686-mingw32/bin/../lib/gcc/nios2-elf/4.1.2/../../../../nios2-elf/lib\libc.a(lib_a-freer.o)
 .debug_aranges
                0x00000120       0x20 i:/altera/nios2eds/bin/gnu/h-i686-mingw32/bin/../lib/gcc/nios2-elf/4.1.2/../../../../nios2-elf/lib\libc.a(lib_a-fvwrite.o)
 .debug_aranges
                0x00000140       0x20 i:/altera/nios2eds/bin/gnu/h-i686-mingw32/bin/../lib/gcc/nios2-elf/4.1.2/../../../../nios2-elf/lib\libc.a(lib_a-fwalk.o)
 .debug_aranges
                0x00000160       0x20 i:/altera/nios2eds/bin/gnu/h-i686-mingw32/bin/../lib/gcc/nios2-elf/4.1.2/../../../../nios2-elf/lib\libc.a(lib_a-locale.o)
 .debug_aranges
                0x00000180       0x20 i:/altera/nios2eds/bin/gnu/h-i686-mingw32/bin/../lib/gcc/nios2-elf/4.1.2/../../../../nios2-elf/lib\libc.a(lib_a-makebuf.o)
 .debug_aranges
                0x000001a0       0x20 i:/altera/nios2eds/bin/gnu/h-i686-mingw32/bin/../lib/gcc/nios2-elf/4.1.2/../../../../nios2-elf/lib\libc.a(lib_a-mallocr.o)
 .debug_aranges
                0x000001c0       0x20 i:/altera/nios2eds/bin/gnu/h-i686-mingw32/bin/../lib/gcc/nios2-elf/4.1.2/../../../../nios2-elf/lib\libc.a(lib_a-memchr.o)
 .debug_aranges
                0x000001e0       0x20 i:/altera/nios2eds/bin/gnu/h-i686-mingw32/bin/../lib/gcc/nios2-elf/4.1.2/../../../../nios2-elf/lib\libc.a(lib_a-memcpy.o)
 .debug_aranges
                0x00000200       0x20 i:/altera/nios2eds/bin/gnu/h-i686-mingw32/bin/../lib/gcc/nios2-elf/4.1.2/../../../../nios2-elf/lib\libc.a(lib_a-memmove.o)
 .debug_aranges
                0x00000220       0x20 i:/altera/nios2eds/bin/gnu/h-i686-mingw32/bin/../lib/gcc/nios2-elf/4.1.2/../../../../nios2-elf/lib\libc.a(lib_a-memset.o)
 .debug_aranges
                0x00000240       0x20 i:/altera/nios2eds/bin/gnu/h-i686-mingw32/bin/../lib/gcc/nios2-elf/4.1.2/../../../../nios2-elf/lib\libc.a(lib_a-mprec.o)
 .debug_aranges
                0x00000260       0x20 i:/altera/nios2eds/bin/gnu/h-i686-mingw32/bin/../lib/gcc/nios2-elf/4.1.2/../../../../nios2-elf/lib\libc.a(lib_a-reallocr.o)
 .debug_aranges
                0x00000280       0x20 i:/altera/nios2eds/bin/gnu/h-i686-mingw32/bin/../lib/gcc/nios2-elf/4.1.2/../../../../nios2-elf/lib\libc.a(lib_a-s_isinfd.o)
 .debug_aranges
                0x000002a0       0x20 i:/altera/nios2eds/bin/gnu/h-i686-mingw32/bin/../lib/gcc/nios2-elf/4.1.2/../../../../nios2-elf/lib\libc.a(lib_a-s_isnand.o)
 .debug_aranges
                0x000002c0       0x20 i:/altera/nios2eds/bin/gnu/h-i686-mingw32/bin/../lib/gcc/nios2-elf/4.1.2/../../../../nios2-elf/lib\libc.a(lib_a-sbrkr.o)
 .debug_aranges
                0x000002e0       0x20 i:/altera/nios2eds/bin/gnu/h-i686-mingw32/bin/../lib/gcc/nios2-elf/4.1.2/../../../../nios2-elf/lib\libc.a(lib_a-stdio.o)
 .debug_aranges
                0x00000300       0x20 i:/altera/nios2eds/bin/gnu/h-i686-mingw32/bin/../lib/gcc/nios2-elf/4.1.2/../../../../nios2-elf/lib\libc.a(lib_a-strcmp.o)
 .debug_aranges
                0x00000320       0x20 i:/altera/nios2eds/bin/gnu/h-i686-mingw32/bin/../lib/gcc/nios2-elf/4.1.2/../../../../nios2-elf/lib\libc.a(lib_a-strlen.o)
 .debug_aranges
                0x00000340       0x20 i:/altera/nios2eds/bin/gnu/h-i686-mingw32/bin/../lib/gcc/nios2-elf/4.1.2/../../../../nios2-elf/lib\libc.a(lib_a-writer.o)
 .debug_aranges
                0x00000360       0x20 i:/altera/nios2eds/bin/gnu/h-i686-mingw32/bin/../lib/gcc/nios2-elf/4.1.2/../../../../nios2-elf/lib\libc.a(lib_a-callocr.o)
 .debug_aranges
                0x00000380       0x20 i:/altera/nios2eds/bin/gnu/h-i686-mingw32/bin/../lib/gcc/nios2-elf/4.1.2/../../../../nios2-elf/lib\libc.a(lib_a-closer.o)
 .debug_aranges
                0x000003a0       0x20 i:/altera/nios2eds/bin/gnu/h-i686-mingw32/bin/../lib/gcc/nios2-elf/4.1.2/../../../../nios2-elf/lib\libc.a(lib_a-fclose.o)
 .debug_aranges
                0x000003c0       0x20 i:/altera/nios2eds/bin/gnu/h-i686-mingw32/bin/../lib/gcc/nios2-elf/4.1.2/../../../../nios2-elf/lib\libc.a(lib_a-fstatr.o)
 .debug_aranges
                0x000003e0       0x20 i:/altera/nios2eds/bin/gnu/h-i686-mingw32/bin/../lib/gcc/nios2-elf/4.1.2/../../../../nios2-elf/lib\libc.a(lib_a-isattyr.o)
 .debug_aranges
                0x00000400       0x20 i:/altera/nios2eds/bin/gnu/h-i686-mingw32/bin/../lib/gcc/nios2-elf/4.1.2/../../../../nios2-elf/lib\libc.a(lib_a-lseekr.o)
 .debug_aranges
                0x00000420       0x20 i:/altera/nios2eds/bin/gnu/h-i686-mingw32/bin/../lib/gcc/nios2-elf/4.1.2/../../../../nios2-elf/lib\libc.a(lib_a-readr.o)
 .debug_aranges
                0x00000440       0x20 i:/altera/nios2eds/bin/gnu/h-i686-mingw32/bin/../lib/gcc/nios2-elf/4.1.2\libgcc.a(_udivdi3.o)
 .debug_aranges
                0x00000460       0x20 i:/altera/nios2eds/bin/gnu/h-i686-mingw32/bin/../lib/gcc/nios2-elf/4.1.2\libgcc.a(_umoddi3.o)
 .debug_aranges
                0x00000480       0x20 i:/altera/nios2eds/bin/gnu/h-i686-mingw32/bin/../lib/gcc/nios2-elf/4.1.2\libgcc.a(_addsub_df.o)
 .debug_aranges
                0x000004a0       0x20 i:/altera/nios2eds/bin/gnu/h-i686-mingw32/bin/../lib/gcc/nios2-elf/4.1.2\libgcc.a(_mul_df.o)
 .debug_aranges
                0x000004c0       0x20 i:/altera/nios2eds/bin/gnu/h-i686-mingw32/bin/../lib/gcc/nios2-elf/4.1.2\libgcc.a(_div_df.o)
 .debug_aranges
                0x000004e0       0x20 i:/altera/nios2eds/bin/gnu/h-i686-mingw32/bin/../lib/gcc/nios2-elf/4.1.2\libgcc.a(_eq_df.o)
 .debug_aranges
                0x00000500       0x20 i:/altera/nios2eds/bin/gnu/h-i686-mingw32/bin/../lib/gcc/nios2-elf/4.1.2\libgcc.a(_ne_df.o)
 .debug_aranges
                0x00000520       0x20 i:/altera/nios2eds/bin/gnu/h-i686-mingw32/bin/../lib/gcc/nios2-elf/4.1.2\libgcc.a(_gt_df.o)
 .debug_aranges
                0x00000540       0x20 i:/altera/nios2eds/bin/gnu/h-i686-mingw32/bin/../lib/gcc/nios2-elf/4.1.2\libgcc.a(_ge_df.o)
 .debug_aranges
                0x00000560       0x20 i:/altera/nios2eds/bin/gnu/h-i686-mingw32/bin/../lib/gcc/nios2-elf/4.1.2\libgcc.a(_lt_df.o)
 .debug_aranges
                0x00000580       0x20 i:/altera/nios2eds/bin/gnu/h-i686-mingw32/bin/../lib/gcc/nios2-elf/4.1.2\libgcc.a(_si_to_df.o)
 .debug_aranges
                0x000005a0       0x20 i:/altera/nios2eds/bin/gnu/h-i686-mingw32/bin/../lib/gcc/nios2-elf/4.1.2\libgcc.a(_df_to_si.o)
 .debug_aranges
                0x000005c0       0x20 i:/altera/nios2eds/bin/gnu/h-i686-mingw32/bin/../lib/gcc/nios2-elf/4.1.2\libgcc.a(_usi_to_df.o)
 .debug_aranges
                0x000005e0       0x20 i:/altera/nios2eds/bin/gnu/h-i686-mingw32/bin/../lib/gcc/nios2-elf/4.1.2\libgcc.a(lib2-divmod.o)
 .debug_aranges
                0x00000600       0x20 i:/altera/nios2eds/bin/gnu/h-i686-mingw32/bin/../lib/gcc/nios2-elf/4.1.2\libgcc.a(_muldi3.o)
 .debug_aranges
                0x00000620       0x20 i:/altera/nios2eds/bin/gnu/h-i686-mingw32/bin/../lib/gcc/nios2-elf/4.1.2\libgcc.a(_clzsi2.o)
 .debug_aranges
                0x00000640       0x20 i:/altera/nios2eds/bin/gnu/h-i686-mingw32/bin/../lib/gcc/nios2-elf/4.1.2\libgcc.a(_pack_df.o)
 .debug_aranges
                0x00000660       0x20 i:/altera/nios2eds/bin/gnu/h-i686-mingw32/bin/../lib/gcc/nios2-elf/4.1.2\libgcc.a(_unpack_df.o)
 .debug_aranges
                0x00000680       0x20 i:/altera/nios2eds/bin/gnu/h-i686-mingw32/bin/../lib/gcc/nios2-elf/4.1.2\libgcc.a(_fpcmp_parts_df.o)
 .debug_aranges
                0x000006a0       0x20 ../stacktest_bsp\libhal_bsp.a(alt_close.o)
 .debug_aranges
                0x000006c0       0x20 ../stacktest_bsp\libhal_bsp.a(alt_dev.o)
 .debug_aranges
                0x000006e0       0x20 ../stacktest_bsp\libhal_bsp.a(alt_fstat.o)
 .debug_aranges
                0x00000700       0x20 ../stacktest_bsp\libhal_bsp.a(alt_isatty.o)
 .debug_aranges
                0x00000720       0x20 ../stacktest_bsp\libhal_bsp.a(alt_lseek.o)
 .debug_aranges
                0x00000740       0x20 ../stacktest_bsp\libhal_bsp.a(alt_main.o)
 .debug_aranges
                0x00000760       0x20 ../stacktest_bsp\libhal_bsp.a(alt_malloc_lock.o)
 .debug_aranges
                0x00000780       0x20 ../stacktest_bsp\libhal_bsp.a(alt_read.o)
 .debug_aranges
                0x000007a0       0x20 ../stacktest_bsp\libhal_bsp.a(alt_release_fd.o)
 .debug_aranges
                0x000007c0       0x20 ../stacktest_bsp\libhal_bsp.a(alt_sbrk.o)
 .debug_aranges
                0x000007e0       0x20 ../stacktest_bsp\libhal_bsp.a(alt_usleep.o)
 .debug_aranges
                0x00000800       0x20 ../stacktest_bsp\libhal_bsp.a(alt_write.o)
 .debug_aranges
                0x00000820       0x20 ../stacktest_bsp\libhal_bsp.a(alt_sys_init.o)
 .debug_aranges
                0x00000840       0x20 ../stacktest_bsp\libhal_bsp.a(altera_avalon_cfi_flash.o)
 .debug_aranges
                0x00000860       0x20 ../stacktest_bsp\libhal_bsp.a(altera_avalon_cfi_flash_table.o)
 .debug_aranges
                0x00000880       0x20 ../stacktest_bsp\libhal_bsp.a(altera_avalon_jtag_uart_fd.o)
 .debug_aranges
                0x000008a0       0x20 ../stacktest_bsp\libhal_bsp.a(altera_avalon_jtag_uart_init.o)
 .debug_aranges
                0x000008c0       0x20 ../stacktest_bsp\libhal_bsp.a(altera_avalon_jtag_uart_ioctl.o)
 .debug_aranges
                0x000008e0       0x20 ../stacktest_bsp\libhal_bsp.a(altera_avalon_jtag_uart_read.o)
 .debug_aranges
                0x00000900       0x20 ../stacktest_bsp\libhal_bsp.a(altera_avalon_jtag_uart_write.o)
 .debug_aranges
                0x00000920       0x20 ../stacktest_bsp\libhal_bsp.a(altera_avalon_timer_sc.o)
 .debug_aranges
                0x00000940       0x20 ../stacktest_bsp\libhal_bsp.a(altera_up_avalon_ps2.o)
 .debug_aranges
                0x00000960       0x20 ../stacktest_bsp\libhal_bsp.a(altera_up_avalon_video_character_buffer_with_dma.o)
 .debug_aranges
                0x00000980       0x20 ../stacktest_bsp\libhal_bsp.a(alt_alarm_start.o)
 .debug_aranges
                0x000009a0       0x20 ../stacktest_bsp\libhal_bsp.a(alt_busy_sleep.o)
 .debug_aranges
                0x000009c0       0x20 ../stacktest_bsp\libhal_bsp.a(alt_dcache_flush.o)
 .debug_aranges
                0x000009e0       0x20 ../stacktest_bsp\libhal_bsp.a(alt_dev_llist_insert.o)
 .debug_aranges
                0x00000a00       0x20 ../stacktest_bsp\libhal_bsp.a(alt_do_ctors.o)
 .debug_aranges
                0x00000a20       0x20 ../stacktest_bsp\libhal_bsp.a(alt_do_dtors.o)
 .debug_aranges
                0x00000a40       0x20 ../stacktest_bsp\libhal_bsp.a(alt_find_dev.o)
 .debug_aranges
                0x00000a60       0x20 ../stacktest_bsp\libhal_bsp.a(alt_flash_dev.o)
 .debug_aranges
                0x00000a80       0x20 ../stacktest_bsp\libhal_bsp.a(alt_io_redirect.o)
 .debug_aranges
                0x00000aa0       0x20 ../stacktest_bsp\libhal_bsp.a(alt_irq_register.o)
 .debug_aranges
                0x00000ac0       0x20 ../stacktest_bsp\libhal_bsp.a(alt_open.o)
 .debug_aranges
                0x00000ae0       0x20 ../stacktest_bsp\libhal_bsp.a(alt_tick.o)
 .debug_aranges
                0x00000b00       0x20 ../stacktest_bsp\libhal_bsp.a(altera_nios2_irq.o)
 .debug_aranges