------------------------------------------------------------
TimeQuest Timing Analyzer Summary
------------------------------------------------------------

Type  : Slow 1200mV 85C Model Setup 'clk_in'
Slack : -2.660
TNS   : -45.303

Type  : Slow 1200mV 85C Model Setup 'my_pll:inst2|clk_out'
Slack : -0.751
TNS   : -5.349

Type  : Slow 1200mV 85C Model Hold 'clk_in'
Slack : 0.198
TNS   : 0.000

Type  : Slow 1200mV 85C Model Hold 'my_pll:inst2|clk_out'
Slack : 0.357
TNS   : 0.000

Type  : Slow 1200mV 85C Model Minimum Pulse Width 'clk_in'
Slack : -3.000
TNS   : -24.000

Type  : Slow 1200mV 85C Model Minimum Pulse Width 'my_pll:inst2|clk_out'
Slack : -1.000
TNS   : -11.000

Type  : Slow 1200mV 0C Model Setup 'clk_in'
Slack : -2.277
TNS   : -38.052

Type  : Slow 1200mV 0C Model Setup 'my_pll:inst2|clk_out'
Slack : -0.557
TNS   : -3.536

Type  : Slow 1200mV 0C Model Hold 'clk_in'
Slack : 0.172
TNS   : 0.000

Type  : Slow 1200mV 0C Model Hold 'my_pll:inst2|clk_out'
Slack : 0.313
TNS   : 0.000

Type  : Slow 1200mV 0C Model Minimum Pulse Width 'clk_in'
Slack : -3.000
TNS   : -24.000

Type  : Slow 1200mV 0C Model Minimum Pulse Width 'my_pll:inst2|clk_out'
Slack : -1.000
TNS   : -11.000

Type  : Fast 1200mV 0C Model Setup 'clk_in'
Slack : -1.142
TNS   : -17.528

Type  : Fast 1200mV 0C Model Setup 'my_pll:inst2|clk_out'
Slack : 0.009
TNS   : 0.000

Type  : Fast 1200mV 0C Model Hold 'clk_in'
Slack : 0.103
TNS   : 0.000

Type  : Fast 1200mV 0C Model Hold 'my_pll:inst2|clk_out'
Slack : 0.187
TNS   : 0.000

Type  : Fast 1200mV 0C Model Minimum Pulse Width 'clk_in'
Slack : -3.000
TNS   : -25.175

Type  : Fast 1200mV 0C Model Minimum Pulse Width 'my_pll:inst2|clk_out'
Slack : -1.000
TNS   : -11.000

------------------------------------------------------------
