------------------------------------------------------------
TimeQuest Timing Analyzer Summary
------------------------------------------------------------

Type  : Slow 1200mV 85C Model Setup 'clk'
Slack : -5.946
TNS   : -5665.098

Type  : Slow 1200mV 85C Model Setup 'control:inst5|out_sel[0]'
Slack : -1.479
TNS   : -12.863

Type  : Slow 1200mV 85C Model Setup 'my_pll:inst2|clk_out'
Slack : -0.954
TNS   : -6.772

Type  : Slow 1200mV 85C Model Setup 'control:inst5|acc_clk'
Slack : -0.947
TNS   : -6.699

Type  : Slow 1200mV 85C Model Hold 'control:inst5|out_sel[0]'
Slack : -1.328
TNS   : -10.656

Type  : Slow 1200mV 85C Model Hold 'clk'
Slack : -0.118
TNS   : -0.208

Type  : Slow 1200mV 85C Model Hold 'control:inst5|acc_clk'
Slack : 0.397
TNS   : 0.000

Type  : Slow 1200mV 85C Model Hold 'my_pll:inst2|clk_out'
Slack : 0.580
TNS   : 0.000

Type  : Slow 1200mV 85C Model Recovery 'my_pll:inst2|clk_out'
Slack : -0.783
TNS   : -7.830

Type  : Slow 1200mV 85C Model Recovery 'control:inst5|acc_clk'
Slack : 0.107
TNS   : 0.000

Type  : Slow 1200mV 85C Model Removal 'control:inst5|acc_clk'
Slack : 0.343
TNS   : 0.000

Type  : Slow 1200mV 85C Model Removal 'my_pll:inst2|clk_out'
Slack : 1.221
TNS   : 0.000

Type  : Slow 1200mV 85C Model Minimum Pulse Width 'clk'
Slack : -3.000
TNS   : -1371.000

Type  : Slow 1200mV 85C Model Minimum Pulse Width 'control:inst5|acc_clk'
Slack : -1.000
TNS   : -10.000

Type  : Slow 1200mV 85C Model Minimum Pulse Width 'my_pll:inst2|clk_out'
Slack : -1.000
TNS   : -10.000

Type  : Slow 1200mV 85C Model Minimum Pulse Width 'control:inst5|out_sel[0]'
Slack : 0.393
TNS   : 0.000

Type  : Slow 1200mV 0C Model Setup 'clk'
Slack : -5.244
TNS   : -4979.460

Type  : Slow 1200mV 0C Model Setup 'control:inst5|out_sel[0]'
Slack : -1.329
TNS   : -11.234

Type  : Slow 1200mV 0C Model Setup 'control:inst5|acc_clk'
Slack : -0.730
TNS   : -4.870

Type  : Slow 1200mV 0C Model Setup 'my_pll:inst2|clk_out'
Slack : -0.727
TNS   : -4.863

Type  : Slow 1200mV 0C Model Hold 'control:inst5|out_sel[0]'
Slack : -1.154
TNS   : -9.257

Type  : Slow 1200mV 0C Model Hold 'clk'
Slack : -0.134
TNS   : -0.248

Type  : Slow 1200mV 0C Model Hold 'control:inst5|acc_clk'
Slack : 0.368
TNS   : 0.000

Type  : Slow 1200mV 0C Model Hold 'my_pll:inst2|clk_out'
Slack : 0.522
TNS   : 0.000

Type  : Slow 1200mV 0C Model Recovery 'my_pll:inst2|clk_out'
Slack : -0.661
TNS   : -6.610

Type  : Slow 1200mV 0C Model Recovery 'control:inst5|acc_clk'
Slack : 0.145
TNS   : 0.000

Type  : Slow 1200mV 0C Model Removal 'control:inst5|acc_clk'
Slack : 0.354
TNS   : 0.000

Type  : Slow 1200mV 0C Model Removal 'my_pll:inst2|clk_out'
Slack : 1.167
TNS   : 0.000

Type  : Slow 1200mV 0C Model Minimum Pulse Width 'clk'
Slack : -3.000
TNS   : -1371.000

Type  : Slow 1200mV 0C Model Minimum Pulse Width 'control:inst5|acc_clk'
Slack : -1.000
TNS   : -10.000

Type  : Slow 1200mV 0C Model Minimum Pulse Width 'my_pll:inst2|clk_out'
Slack : -1.000
TNS   : -10.000

Type  : Slow 1200mV 0C Model Minimum Pulse Width 'control:inst5|out_sel[0]'
Slack : 0.398
TNS   : 0.000

Type  : Fast 1200mV 0C Model Setup 'clk'
Slack : -3.109
TNS   : -2789.551

Type  : Fast 1200mV 0C Model Setup 'control:inst5|out_sel[0]'
Slack : -0.381
TNS   : -2.599

Type  : Fast 1200mV 0C Model Setup 'my_pll:inst2|clk_out'
Slack : -0.104
TNS   : -0.272

Type  : Fast 1200mV 0C Model Setup 'control:inst5|acc_clk'
Slack : -0.099
TNS   : -0.252

Type  : Fast 1200mV 0C Model Hold 'control:inst5|out_sel[0]'
Slack : -0.963
TNS   : -7.861

Type  : Fast 1200mV 0C Model Hold 'clk'
Slack : -0.186
TNS   : -0.323

Type  : Fast 1200mV 0C Model Hold 'control:inst5|acc_clk'
Slack : 0.180
TNS   : 0.000

Type  : Fast 1200mV 0C Model Hold 'my_pll:inst2|clk_out'
Slack : 0.310
TNS   : 0.000

Type  : Fast 1200mV 0C Model Recovery 'my_pll:inst2|clk_out'
Slack : -0.060
TNS   : -0.600

Type  : Fast 1200mV 0C Model Recovery 'control:inst5|acc_clk'
Slack : 0.490
TNS   : 0.000

Type  : Fast 1200mV 0C Model Removal 'control:inst5|acc_clk'
Slack : 0.171
TNS   : 0.000

Type  : Fast 1200mV 0C Model Removal 'my_pll:inst2|clk_out'
Slack : 0.661
TNS   : 0.000

Type  : Fast 1200mV 0C Model Minimum Pulse Width 'clk'
Slack : -3.000
TNS   : -1448.963

Type  : Fast 1200mV 0C Model Minimum Pulse Width 'control:inst5|acc_clk'
Slack : -1.000
TNS   : -10.000

Type  : Fast 1200mV 0C Model Minimum Pulse Width 'my_pll:inst2|clk_out'
Slack : -1.000
TNS   : -10.000

Type  : Fast 1200mV 0C Model Minimum Pulse Width 'control:inst5|out_sel[0]'
Slack : 0.385
TNS   : 0.000

------------------------------------------------------------
