------------------------------------------------------------
TimeQuest Timing Analyzer Summary
------------------------------------------------------------

Type  : Slow 1200mV 85C Model Setup 'inst|altpll_component|auto_generated|pll1|clk[0]'
Slack : -2.522
TNS   : -30.264

Type  : Slow 1200mV 85C Model Setup 'lpm_counter0:inst3|lpm_counter:LPM_COUNTER_component|cntr_rmj:auto_generated|counter_reg_bit[0]'
Slack : -1.175
TNS   : -11.549

Type  : Slow 1200mV 85C Model Hold 'inst|altpll_component|auto_generated|pll1|clk[0]'
Slack : 0.033
TNS   : 0.000

Type  : Slow 1200mV 85C Model Hold 'lpm_counter0:inst3|lpm_counter:LPM_COUNTER_component|cntr_rmj:auto_generated|counter_reg_bit[0]'
Slack : 0.359
TNS   : 0.000

Type  : Slow 1200mV 85C Model Minimum Pulse Width 'lpm_counter0:inst3|lpm_counter:LPM_COUNTER_component|cntr_rmj:auto_generated|counter_reg_bit[0]'
Slack : -1.000
TNS   : -25.969

Type  : Slow 1200mV 85C Model Minimum Pulse Width 'clk_in'
Slack : 9.825
TNS   : 0.000

Type  : Slow 1200mV 85C Model Minimum Pulse Width 'inst|altpll_component|auto_generated|pll1|clk[0]'
Slack : 9999.756
TNS   : 0.000

Type  : Slow 1200mV 0C Model Setup 'inst|altpll_component|auto_generated|pll1|clk[0]'
Slack : -2.075
TNS   : -24.900

Type  : Slow 1200mV 0C Model Setup 'lpm_counter0:inst3|lpm_counter:LPM_COUNTER_component|cntr_rmj:auto_generated|counter_reg_bit[0]'
Slack : -0.914
TNS   : -8.758

Type  : Slow 1200mV 0C Model Hold 'inst|altpll_component|auto_generated|pll1|clk[0]'
Slack : -0.093
TNS   : -0.093

Type  : Slow 1200mV 0C Model Hold 'lpm_counter0:inst3|lpm_counter:LPM_COUNTER_component|cntr_rmj:auto_generated|counter_reg_bit[0]'
Slack : 0.311
TNS   : 0.000

Type  : Slow 1200mV 0C Model Minimum Pulse Width 'lpm_counter0:inst3|lpm_counter:LPM_COUNTER_component|cntr_rmj:auto_generated|counter_reg_bit[0]'
Slack : -1.000
TNS   : -20.794

Type  : Slow 1200mV 0C Model Minimum Pulse Width 'clk_in'
Slack : 9.785
TNS   : 0.000

Type  : Slow 1200mV 0C Model Minimum Pulse Width 'inst|altpll_component|auto_generated|pll1|clk[0]'
Slack : 9999.750
TNS   : 0.000

Type  : Fast 1200mV 0C Model Setup 'inst|altpll_component|auto_generated|pll1|clk[0]'
Slack : -1.246
TNS   : -14.952

Type  : Fast 1200mV 0C Model Setup 'lpm_counter0:inst3|lpm_counter:LPM_COUNTER_component|cntr_rmj:auto_generated|counter_reg_bit[0]'
Slack : -0.236
TNS   : -1.866

Type  : Fast 1200mV 0C Model Hold 'inst|altpll_component|auto_generated|pll1|clk[0]'
Slack : -0.012
TNS   : -0.012

Type  : Fast 1200mV 0C Model Hold 'lpm_counter0:inst3|lpm_counter:LPM_COUNTER_component|cntr_rmj:auto_generated|counter_reg_bit[0]'
Slack : 0.188
TNS   : 0.000

Type  : Fast 1200mV 0C Model Minimum Pulse Width 'lpm_counter0:inst3|lpm_counter:LPM_COUNTER_component|cntr_rmj:auto_generated|counter_reg_bit[0]'
Slack : -1.000
TNS   : -14.498

Type  : Fast 1200mV 0C Model Minimum Pulse Width 'clk_in'
Slack : 9.585
TNS   : 0.000

Type  : Fast 1200mV 0C Model Minimum Pulse Width 'inst|altpll_component|auto_generated|pll1|clk[0]'
Slack : 9999.785
TNS   : 0.000

------------------------------------------------------------
